../Drivers/CMSIS/Include/core_cm4.h:1688:22:__NVIC_EnableIRQ	16	static
../Drivers/CMSIS/Include/core_cm4.h:1724:22:__NVIC_DisableIRQ	16	static,ignoring_inline_asm
../Core/Src/platform/port.c:46:1:portGetTickCnt	8	static
../Core/Src/platform/port.c:56:5:usleep	24	static,ignoring_inline_asm
../Core/Src/platform/port.c:77:1:Sleep	16	static
../Core/Src/platform/port.c:96:5:peripherals_init	4	static
../Core/Src/platform/port.c:124:10:EXTI_GetITEnStatus	16	static
../Core/Src/platform/port.c:147:6:reset_DW1000	32	static
../Core/Src/platform/port.c:175:6:setup_DW1000RSTnIRQ	40	static
../Core/Src/platform/port.c:210:5:port_is_boot1_low	8	static
../Core/Src/platform/port.c:219:5:port_is_boot1_on	16	static
../Core/Src/platform/port.c:229:5:port_is_switch_on	16	static
../Core/Src/platform/port.c:237:6:port_wakeup_dw1000	8	static
../Core/Src/platform/port.c:250:6:port_wakeup_dw1000_fast	16	static
../Core/Src/platform/port.c:282:6:port_set_dw1000_slowrate	8	static
../Core/Src/platform/port.c:292:6:port_set_dw1000_fastrate	8	static
../Core/Src/platform/port.c:315:6:HAL_GPIO_EXTI_Callback	16	static
../Core/Src/platform/port.c:335:15:process_deca_irq	8	static
../Core/Src/platform/port.c:350:15:port_DisableEXT_IRQ	8	static
../Core/Src/platform/port.c:359:15:port_EnableEXT_IRQ	8	static
../Core/Src/platform/port.c:368:19:port_GetEXT_IRQStatus	8	static
../Core/Src/platform/port.c:377:19:port_CheckEXT_IRQ	8	static
../Core/Src/platform/port.c:407:6:port_set_deca_isr	24	static
