../Core/Src/dw1000_lib/DW1000.h:92:14:static void DW1000Class::attachSentHandler(void (*)())	16	static
../Core/Src/dw1000_lib/DW1000.h:96:14:static void DW1000Class::attachReceivedHandler(void (*)())	16	static
../Core/Src/dw1000_lib/DW1000Device.h:60:7:void DW1000Device::setIndex(int8_t)	16	static
../Core/Src/dw1000_lib/DW1000Device.h:63:11:uint16_t DW1000Device::getReplyTime()	16	static
../Core/Src/dw1000_lib/DW1000Device.h:67:9:int8_t DW1000Device::getIndex()	16	static
../Core/Src/dw1000_lib/DW1000Ranging.cpp:92:6:static void DW1000RangingClass::initCommunication(UART_HandleTypeDef*, dwt_config_t*)	56	static
../Core/Src/dw1000_lib/DW1000Ranging.cpp:122:6:static void DW1000RangingClass::configureNetwork(uint16_t, uint16_t, const byte*)	16	static
../Core/Src/dw1000_lib/DW1000Ranging.cpp:133:6:static void DW1000RangingClass::generalStart()	8	static
../Core/Src/dw1000_lib/DW1000Ranging.cpp:178:6:static void DW1000RangingClass::startAsAnchor(char*, const byte*, bool)	24	static
../Core/Src/dw1000_lib/DW1000Ranging.cpp:210:6:static void DW1000RangingClass::startAsTag(char*, const byte*, bool)	24	static
../Core/Src/dw1000_lib/DW1000Ranging.cpp:240:6:static bool DW1000RangingClass::addNetworkDevices(DW1000Device*, bool)	24	static
../Core/Src/dw1000_lib/DW1000Ranging.cpp:269:6:static bool DW1000RangingClass::addNetworkDevices(DW1000Device*)	24	static
../Core/Src/dw1000_lib/DW1000Ranging.cpp:296:6:static void DW1000RangingClass::removeNetworkDevices(int16_t)	24	static
../Core/Src/dw1000_lib/DW1000Ranging.cpp:320:6:static void DW1000RangingClass::setReplyTime(uint16_t)	16	static
../Core/Src/dw1000_lib/DW1000Ranging.cpp:322:6:static void DW1000RangingClass::setResetPeriod(uint32_t)	16	static
../Core/Src/dw1000_lib/DW1000Ranging.cpp:325:15:static DW1000Device* DW1000RangingClass::searchDistantDevice(byte*)	24	static
../Core/Src/dw1000_lib/DW1000Ranging.cpp:337:15:static DW1000Device* DW1000RangingClass::getDistantDevice()	4	static
../Core/Src/dw1000_lib/DW1000Ranging.cpp:349:6:static void DW1000RangingClass::checkForReset()	16	static
../Core/Src/dw1000_lib/DW1000Ranging.cpp:360:6:static void DW1000RangingClass::checkForInactiveDevices()	16	static
../Core/Src/dw1000_lib/DW1000Ranging.cpp:374:9:static int16_t DW1000RangingClass::detectMessageType(byte*)	16	static
../Core/Src/dw1000_lib/DW1000Ranging.cpp:388:6:static void DW1000RangingClass::loop()	200	static
../Core/Src/dw1000_lib/DW1000Ranging.cpp:694:6:static void DW1000RangingClass::useRangeFilter(bool)	16	static
../Core/Src/dw1000_lib/DW1000Ranging.cpp:698:6:static void DW1000RangingClass::setRangeFilterValue(uint16_t)	16	static
../Core/Src/dw1000_lib/DW1000Ranging.cpp:712:6:static void DW1000RangingClass::handleSent()	4	static
../Core/Src/dw1000_lib/DW1000Ranging.cpp:717:6:static void DW1000RangingClass::handleReceived()	4	static
../Core/Src/dw1000_lib/DW1000Ranging.cpp:723:6:static void DW1000RangingClass::noteActivity()	8	static
../Core/Src/dw1000_lib/DW1000Ranging.cpp:728:6:static void DW1000RangingClass::resetInactive()	8	static
../Core/Src/dw1000_lib/DW1000Ranging.cpp:737:6:static void DW1000RangingClass::timerTick()	8	static
../Core/Src/dw1000_lib/DW1000Ranging.cpp:759:6:static void DW1000RangingClass::copyShortAddress(byte*, byte*)	16	static
../Core/Src/dw1000_lib/DW1000Ranging.cpp:768:6:static void DW1000RangingClass::transmitInit()	8	static
../Core/Src/dw1000_lib/DW1000Ranging.cpp:774:6:static void DW1000RangingClass::transmit(byte*)	16	static
../Core/Src/dw1000_lib/DW1000Ranging.cpp:780:6:static void DW1000RangingClass::transmit(byte*, DW1000Time)	24	static
../Core/Src/dw1000_lib/DW1000Ranging.cpp:786:6:static void DW1000RangingClass::transmitBlink()	8	static
../Core/Src/dw1000_lib/DW1000Ranging.cpp:792:6:static void DW1000RangingClass::transmitRangingInit(DW1000Device*)	16	static
../Core/Src/dw1000_lib/DW1000Ranging.cpp:803:6:static void DW1000RangingClass::transmitPoll(DW1000Device*)	32	static
../Core/Src/dw1000_lib/DW1000Ranging.cpp:849:6:static void DW1000RangingClass::transmitPollAck(DW1000Device*)	32	static
../Core/Src/dw1000_lib/DW1000Ranging.cpp:859:6:static void DW1000RangingClass::transmitRange(DW1000Device*)	72	static
../Core/Src/dw1000_lib/DW1000Ranging.cpp:910:6:static void DW1000RangingClass::transmitRangeReport(DW1000Device*)	32	static
../Core/Src/dw1000_lib/DW1000Ranging.cpp:924:6:static void DW1000RangingClass::transmitRangeFailed(DW1000Device*)	16	static
../Core/Src/dw1000_lib/DW1000Ranging.cpp:933:6:static void DW1000RangingClass::receiver()	8	static
../Core/Src/dw1000_lib/DW1000Ranging.cpp:947:6:static void DW1000RangingClass::computeRangeAsymmetric(DW1000Device*, DW1000Time*)	136	static
../Core/Src/dw1000_lib/DW1000Ranging.cpp:976:6:static void DW1000RangingClass::visualizeDatas(byte*)	184	static
../Core/Src/dw1000_lib/DW1000Ranging.cpp:989:7:static float DW1000RangingClass::filterValue(float, float, uint16_t)	32	static
../Core/Src/dw1000_lib/DW1000Ranging.cpp:993:1:void __static_initialization_and_destruction_0(int, int)	24	static
../Core/Src/dw1000_lib/DW1000Ranging.cpp:993:1:cpp)	8	static
../Core/Src/dw1000_lib/DW1000Ranging.cpp:993:1:cpp)	8	static
