Archive member included to satisfy reference by file (symbol)

/opt/st/stm32cubeide_1.12.1/plugins/com.st.stm32cube.ide.mcu.externaltools.gnu-tools-for-stm32.10.3-2021.10.linux64_1.0.200.202301161003/tools/bin/../lib/gcc/arm-none-eabi/10.3.1/../../../../arm-none-eabi/lib/thumb/v7e-m+fp/hard/libm.a(lib_a-sf_round.o)
                              ./Core/Src/dw1000_lib/DW1000Device.o (roundf)
/opt/st/stm32cubeide_1.12.1/plugins/com.st.stm32cube.ide.mcu.externaltools.gnu-tools-for-stm32.10.3-2021.10.linux64_1.0.200.202301161003/tools/bin/../lib/gcc/arm-none-eabi/10.3.1/../../../../arm-none-eabi/lib/thumb/v7e-m+fp/hard/libm.a(lib_a-wf_log10.o)
                              ./Core/Src/dw1000_lib/DW1000.o (log10f)
/opt/st/stm32cubeide_1.12.1/plugins/com.st.stm32cube.ide.mcu.externaltools.gnu-tools-for-stm32.10.3-2021.10.linux64_1.0.200.202301161003/tools/bin/../lib/gcc/arm-none-eabi/10.3.1/../../../../arm-none-eabi/lib/thumb/v7e-m+fp/hard/libm.a(lib_a-ef_log10.o)
                              /opt/st/stm32cubeide_1.12.1/plugins/com.st.stm32cube.ide.mcu.externaltools.gnu-tools-for-stm32.10.3-2021.10.linux64_1.0.200.202301161003/tools/bin/../lib/gcc/arm-none-eabi/10.3.1/../../../../arm-none-eabi/lib/thumb/v7e-m+fp/hard/libm.a(lib_a-wf_log10.o) (__ieee754_log10f)
/opt/st/stm32cubeide_1.12.1/plugins/com.st.stm32cube.ide.mcu.externaltools.gnu-tools-for-stm32.10.3-2021.10.linux64_1.0.200.202301161003/tools/bin/../lib/gcc/arm-none-eabi/10.3.1/../../../../arm-none-eabi/lib/thumb/v7e-m+fp/hard/libm.a(lib_a-sf_nan.o)
                              /opt/st/stm32cubeide_1.12.1/plugins/com.st.stm32cube.ide.mcu.externaltools.gnu-tools-for-stm32.10.3-2021.10.linux64_1.0.200.202301161003/tools/bin/../lib/gcc/arm-none-eabi/10.3.1/../../../../arm-none-eabi/lib/thumb/v7e-m+fp/hard/libm.a(lib_a-wf_log10.o) (nanf)
/opt/st/stm32cubeide_1.12.1/plugins/com.st.stm32cube.ide.mcu.externaltools.gnu-tools-for-stm32.10.3-2021.10.linux64_1.0.200.202301161003/tools/bin/../lib/gcc/arm-none-eabi/10.3.1/../../../../arm-none-eabi/lib/thumb/v7e-m+fp/hard/libm.a(lib_a-ef_log.o)
                              /opt/st/stm32cubeide_1.12.1/plugins/com.st.stm32cube.ide.mcu.externaltools.gnu-tools-for-stm32.10.3-2021.10.linux64_1.0.200.202301161003/tools/bin/../lib/gcc/arm-none-eabi/10.3.1/../../../../arm-none-eabi/lib/thumb/v7e-m+fp/hard/libm.a(lib_a-ef_log10.o) (__ieee754_logf)
/opt/st/stm32cubeide_1.12.1/plugins/com.st.stm32cube.ide.mcu.externaltools.gnu-tools-for-stm32.10.3-2021.10.linux64_1.0.200.202301161003/tools/bin/../lib/gcc/arm-none-eabi/10.3.1/../../../../arm-none-eabi/lib/thumb/v7e-m+fp/hard/libc_nano.a(lib_a-errno.o)
                              ./Core/Src/syscalls.o (__errno)
/opt/st/stm32cubeide_1.12.1/plugins/com.st.stm32cube.ide.mcu.externaltools.gnu-tools-for-stm32.10.3-2021.10.linux64_1.0.200.202301161003/tools/bin/../lib/gcc/arm-none-eabi/10.3.1/../../../../arm-none-eabi/lib/thumb/v7e-m+fp/hard/libc_nano.a(lib_a-exit.o)
                              /opt/st/stm32cubeide_1.12.1/plugins/com.st.stm32cube.ide.mcu.externaltools.gnu-tools-for-stm32.10.3-2021.10.linux64_1.0.200.202301161003/tools/bin/../lib/gcc/arm-none-eabi/10.3.1/../../../../arm-none-eabi/lib/thumb/v7e-m+fp/hard/crt0.o (exit)
/opt/st/stm32cubeide_1.12.1/plugins/com.st.stm32cube.ide.mcu.externaltools.gnu-tools-for-stm32.10.3-2021.10.linux64_1.0.200.202301161003/tools/bin/../lib/gcc/arm-none-eabi/10.3.1/../../../../arm-none-eabi/lib/thumb/v7e-m+fp/hard/libc_nano.a(lib_a-impure.o)
                              /opt/st/stm32cubeide_1.12.1/plugins/com.st.stm32cube.ide.mcu.externaltools.gnu-tools-for-stm32.10.3-2021.10.linux64_1.0.200.202301161003/tools/bin/../lib/gcc/arm-none-eabi/10.3.1/../../../../arm-none-eabi/lib/thumb/v7e-m+fp/hard/libc_nano.a(lib_a-exit.o) (_global_impure_ptr)
/opt/st/stm32cubeide_1.12.1/plugins/com.st.stm32cube.ide.mcu.externaltools.gnu-tools-for-stm32.10.3-2021.10.linux64_1.0.200.202301161003/tools/bin/../lib/gcc/arm-none-eabi/10.3.1/../../../../arm-none-eabi/lib/thumb/v7e-m+fp/hard/libc_nano.a(lib_a-init.o)
                              /opt/st/stm32cubeide_1.12.1/plugins/com.st.stm32cube.ide.mcu.externaltools.gnu-tools-for-stm32.10.3-2021.10.linux64_1.0.200.202301161003/tools/bin/../lib/gcc/arm-none-eabi/10.3.1/../../../../arm-none-eabi/lib/thumb/v7e-m+fp/hard/crt0.o (__libc_init_array)
/opt/st/stm32cubeide_1.12.1/plugins/com.st.stm32cube.ide.mcu.externaltools.gnu-tools-for-stm32.10.3-2021.10.linux64_1.0.200.202301161003/tools/bin/../lib/gcc/arm-none-eabi/10.3.1/../../../../arm-none-eabi/lib/thumb/v7e-m+fp/hard/libc_nano.a(lib_a-malloc.o)
                              ./Core/Src/dw1000_lib/DW1000.o (malloc)
/opt/st/stm32cubeide_1.12.1/plugins/com.st.stm32cube.ide.mcu.externaltools.gnu-tools-for-stm32.10.3-2021.10.linux64_1.0.200.202301161003/tools/bin/../lib/gcc/arm-none-eabi/10.3.1/../../../../arm-none-eabi/lib/thumb/v7e-m+fp/hard/libc_nano.a(lib_a-memcmp.o)
                              ./Core/Src/dw1000_lib/DW1000Device.o (memcmp)
[...]
Memory Configuration

Name             Origin             Length             Attributes
RAM              0x0000000020000000 0x0000000000004000 xrw
FLASH            0x0000000008000000 0x0000000000010000 xr
*default*        0x0000000000000000 0xffffffffffffffff

Linker script and memory map

LOAD /opt/st/stm32cubeide_1.12.1/plugins/com.st.stm32cube.ide.mcu.externaltools.gnu-tools-for-stm32.10.3-2021.10.linux64_1.0.200.202301161003/tools/bin/../lib/gcc/arm-none-eabi/10.3.1/thumb/v7e-m+fp/hard/crti.o
LOAD /opt/st/stm32cubeide_1.12.1/plugins/com.st.stm32cube.ide.mcu.externaltools.gnu-tools-for-stm32.10.3-2021.10.linux64_1.0.200.202301161003/tools/bin/../lib/gcc/arm-none-eabi/10.3.1/thumb/v7e-m+fp/hard/crtbegin.o
LOAD /opt/st/stm32cubeide_1.12.1/plugins/com.st.stm32cube.ide.mcu.externaltools.gnu-tools-for-stm32.10.3-2021.10.linux64_1.0.200.202301161003/tools/bin/../lib/gcc/arm-none-eabi/10.3.1/../../../../arm-none-eabi/lib/thumb/v7e-m+fp/hard/crt0.o
LOAD ./Core/Src/decadriver/deca_device.o
LOAD ./Core/Src/decadriver/deca_params_init.o
LOAD ./Core/Src/dw1000_lib/DW1000.o
LOAD ./Core/Src/dw1000_lib/DW1000Device.o
LOAD ./Core/Src/dw1000_lib/DW1000Mac.o
LOAD ./Core/Src/dw1000_lib/DW1000Ranging.o
LOAD ./Core/Src/dw1000_lib/DW1000Time.o
LOAD ./Core/Src/main.o
LOAD ./Core/Src/stm32f3xx_hal_msp.o
LOAD ./Core/Src/stm32f3xx_hal_timebase_tim.o
LOAD ./Core/Src/stm32f3xx_it.o
LOAD ./Core/Src/syscalls.o
LOAD ./Core/Src/sysmem.o
LOAD ./Core/Src/system_stm32f3xx.o
LOAD ./Core/Src/platform/deca_mutex.o
LOAD ./Core/Src/platform/deca_range_tables.o
LOAD ./Core/Src/platform/deca_sleep.o
LOAD ./Core/Src/platform/deca_spi.o
LOAD ./Core/Src/platform/port.o
LOAD ./Core/Startup/startup_stm32f302r8tx.o
LOAD ./Drivers/STM32F3xx_HAL_Driver/Src/stm32f3xx_hal.o
LOAD ./Drivers/STM32F3xx_HAL_Driver/Src/stm32f3xx_hal_cortex.o
LOAD ./Drivers/STM32F3xx_HAL_Driver/Src/stm32f3xx_hal_dma.o
LOAD ./Drivers/STM32F3xx_HAL_Driver/Src/stm32f3xx_hal_exti.o
LOAD ./Drivers/STM32F3xx_HAL_Driver/Src/stm32f3xx_hal_flash.o
LOAD ./Drivers/STM32F3xx_HAL_Driver/Src/stm32f3xx_hal_flash_ex.o
LOAD ./Drivers/STM32F3xx_HAL_Driver/Src/stm32f3xx_hal_gpio.o
LOAD ./Drivers/STM32F3xx_HAL_Driver/Src/stm32f3xx_hal_i2c.o
LOAD ./Drivers/STM32F3xx_HAL_Driver/Src/stm32f3xx_hal_i2c_ex.o
LOAD ./Drivers/STM32F3xx_HAL_Driver/Src/stm32f3xx_hal_pwr.o
LOAD ./Drivers/STM32F3xx_HAL_Driver/Src/stm32f3xx_hal_pwr_ex.o
LOAD ./Drivers/STM32F3xx_HAL_Driver/Src/stm32f3xx_hal_rcc.o
LOAD ./Drivers/STM32F3xx_HAL_Driver/Src/stm32f3xx_hal_rcc_ex.o
LOAD ./Drivers/STM32F3xx_HAL_Driver/Src/stm32f3xx_hal_spi.o
LOAD ./Drivers/STM32F3xx_HAL_Driver/Src/stm32f3xx_hal_spi_ex.o
LOAD ./Drivers/STM32F3xx_HAL_Driver/Src/stm32f3xx_hal_tim.o
LOAD ./Drivers/STM32F3xx_HAL_Driver/Src/stm32f3xx_hal_tim_ex.o
LOAD ./Drivers/STM32F3xx_HAL_Driver/Src/stm32f3xx_hal_uart.o
LOAD ./Drivers/STM32F3xx_HAL_Driver/Src/stm32f3xx_hal_uart_ex.o
START GROUP
LOAD /opt/st/stm32cubeide_1.12.1/plugins/com.st.stm32cube.ide.mcu.externaltools.gnu-tools-for-stm32.10.3-2021.10.linux64_1.0.200.202301161003/tools/bin/../lib/gcc/arm-none-eabi/10.3.1/../../../../arm-none-eabi/lib/thumb/v7e-m+fp/hard/libstdc++_nano.a
LOAD /opt/st/stm32cubeide_1.12.1/plugins/com.st.stm32cube.ide.mcu.externaltools.gnu-tools-for-stm32.10.3-2021.10.linux64_1.0.200.202301161003/tools/bin/../lib/gcc/arm-none-eabi/10.3.1/../../../../arm-none-eabi/lib/thumb/v7e-m+fp/hard/libsupc++_nano.a
END GROUP
LOAD /opt/st/stm32cubeide_1.12.1/plugins/com.st.stm32cube.ide.mcu.externaltools.gnu-tools-for-stm32.10.3-2021.10.linux64_1.0.200.202301161003/tools/bin/../lib/gcc/arm-none-eabi/10.3.1/../../../../arm-none-eabi/lib/thumb/v7e-m+fp/hard/libstdc++_nano.a
LOAD /opt/st/stm32cubeide_1.12.1/plugins/com.st.stm32cube.ide.mcu.externaltools.gnu-tools-for-stm32.10.3-2021.10.linux64_1.0.200.202301161003/tools/bin/../lib/gcc/arm-none-eabi/10.3.1/../../../../arm-none-eabi/lib/thumb/v7e-m+fp/hard/libm.a
LOAD /opt/st/stm32cubeide_1.12.1/plugins/com.st.stm32cube.ide.mcu.externaltools.gnu-tools-for-stm32.10.3-2021.10.linux64_1.0.200.202301161003/tools/bin/../lib/gcc/arm-none-eabi/10.3.1/../../../../arm-none-eabi/lib/thumb/v7e-m+fp/hard/libc_nano.a
START GROUP
LOAD /opt/st/stm32cubeide_1.12.1/plugins/com.st.stm32cube.ide.mcu.externaltools.gnu-tools-for-stm32.10.3-2021.10.linux64_1.0.200.202301161003/tools/bin/../lib/gcc/arm-none-eabi/10.3.1/thumb/v7e-m+fp/hard/libgcc.a
LOAD /opt/st/stm32cubeide_1.12.1/plugins/com.st.stm32cube.ide.mcu.externaltools.gnu-tools-for-stm32.10.3-2021.10.linux64_1.0.200.202301161003/tools/bin/../lib/gcc/arm-none-eabi/10.3.1/../../../../arm-none-eabi/lib/thumb/v7e-m+fp/hard/libc_nano.a
END GROUP
START GROUP
LOAD /opt/st/stm32cubeide_1.12.1/plugins/com.st.stm32cube.ide.mcu.externaltools.gnu-tools-for-stm32.10.3-2021.10.linux64_1.0.200.202301161003/tools/bin/../lib/gcc/arm-none-eabi/10.3.1/thumb/v7e-m+fp/hard/libgcc.a
LOAD /opt/st/stm32cubeide_1.12.1/plugins/com.st.stm32cube.ide.mcu.externaltools.gnu-tools-for-stm32.10.3-2021.10.linux64_1.0.200.202301161003/tools/bin/../lib/gcc/arm-none-eabi/10.3.1/../../../../arm-none-eabi/lib/thumb/v7e-m+fp/hard/libc_nano.a
LOAD /opt/st/stm32cubeide_1.12.1/plugins/com.st.stm32cube.ide.mcu.externaltools.gnu-tools-for-stm32.10.3-2021.10.linux64_1.0.200.202301161003/tools/bin/../lib/gcc/arm-none-eabi/10.3.1/../../../../arm-none-eabi/lib/thumb/v7e-m+fp/hard/libnosys.a
END GROUP
START GROUP
LOAD /opt/st/stm32cubeide_1.12.1/plugins/com.st.stm32cube.ide.mcu.externaltools.gnu-tools-for-stm32.10.3-2021.10.linux64_1.0.200.202301161003/tools/bin/../lib/gcc/arm-none-eabi/10.3.1/thumb/v7e-m+fp/hard/libgcc.a
LOAD /opt/st/stm32cubeide_1.12.1/plugins/com.st.stm32cube.ide.mcu.externaltools.gnu-tools-for-stm32.10.3-2021.10.linux64_1.0.200.202301161003/tools/bin/../lib/gcc/arm-none-eabi/10.3.1/../../../../arm-none-eabi/lib/thumb/v7e-m+fp/hard/libc_nano.a
LOAD /opt/st/stm32cubeide_1.12.1/plugins/com.st.stm32cube.ide.mcu.externaltools.gnu-tools-for-stm32.10.3-2021.10.linux64_1.0.200.202301161003/tools/bin/../lib/gcc/arm-none-eabi/10.3.1/../../../../arm-none-eabi/lib/thumb/v7e-m+fp/hard/libnosys.a
END GROUP
LOAD /opt/st/stm32cubeide_1.12.1/plugins/com.st.stm32cube.ide.mcu.externaltools.gnu-tools-for-stm32.10.3-2021.10.linux64_1.0.200.202301161003/tools/bin/../lib/gcc/arm-none-eabi/10.3.1/thumb/v7e-m+fp/hard/crtend.o
LOAD /opt/st/stm32cubeide_1.12.1/plugins/com.st.stm32cube.ide.mcu.externaltools.gnu-tools-for-stm32.10.3-2021.10.linux64_1.0.200.202301161003/tools/bin/../lib/gcc/arm-none-eabi/10.3.1/thumb/v7e-m+fp/hard/crtn.o
                0x0000000020004000                _estack = (ORIGIN (RAM) + LENGTH (RAM))
                0x0000000000000200                _Min_Heap_Size = 0x200
                0x0000000000000400                _Min_Stack_Size = 0x400

.isr_vector     0x0000000008000000      0x188
                0x0000000008000000                . = ALIGN (0x4)
 *(.isr_vector)
 .isr_vector    0x0000000008000000      0x188 ./Core/Startup/startup_stm32f302r8tx.o
                0x0000000008000000                g_pfnVectors
                0x0000000008000188                . = ALIGN (0x4)

.text           0x0000000008000190     0xdd80
                0x0000000008000190                . = ALIGN (0x4)
 *(.text)
 .text          0x0000000008000190       0x40 /opt/st/stm32cubeide_1.12.1/plugins/com.st.stm32cube.ide.mcu.externaltools.gnu-tools-for-stm32.10.3-2021.10.linux64_1.0.200.202301161003/tools/bin/../lib/gcc/arm-none-eabi/10.3.1/thumb/v7e-m+fp/hard/crtbegin.o
 .text          0x00000000080001d0       0x10 /opt/st/stm32cubeide_1.12.1/plugins/com.st.stm32cube.ide.mcu.externaltools.gnu-tools-for-stm32.10.3-2021.10.linux64_1.0.200.202301161003/tools/bin/../lib/gcc/arm-none-eabi/10.3.1/../../../../arm-none-eabi/lib/thumb/v7e-m+fp/hard/libc_nano.a(lib_a-strlen.o)
                0x00000000080001d0                strlen
 .text          0x00000000080001e0       0xa0 /opt/st/stm32cubeide_1.12.1/plugins/com.st.stm32cube.ide.mcu.externaltools.gnu-tools-for-stm32.10.3-2021.10.linux64_1.0.200.202301161003/tools/bin/../lib/gcc/arm-none-eabi/10.3.1/../../../../arm-none-eabi/lib/thumb/v7e-m+fp/hard/libc_nano.a(lib_a-memchr.o)
                0x00000000080001e0                memchr
 .text          0x0000000008000280      0x378 /opt/st/stm32cubeide_1.12.1/plugins/com.st.stm32cube.ide.mcu.externaltools.gnu-tools-for-stm32.10.3-2021.10.linux64_1.0.200.202301161003/tools/bin/../lib/gcc/arm-none-eabi/10.3.1/thumb/v7e-m+fp/hard/libgcc.a(_arm_addsubdf3.o)
                0x0000000008000280                __aeabi_drsub
                0x0000000008000288                __aeabi_dsub
                0x0000000008000288                __subdf3
                0x000000000800028c                __adddf3
                0x000000000800028c                __aeabi_dadd
                0x0000000008000504                __aeabi_ui2d
                0x0000000008000504                __floatunsidf
                0x0000000008000524                __floatsidf
                0x0000000008000524                __aeabi_i2d
                0x0000000008000548                __extendsfdf2
                0x0000000008000548                __aeabi_f2d
                0x000000000800058c                __aeabi_ul2d
                0x000000000800058c                __floatundidf
                0x000000000800059c                __floatdidf
                0x000000000800059c                __aeabi_l2d
 .text          0x00000000080005f8      0x424 /opt/st/stm32cubeide_1.12.1/plugins/com.st.stm32cube.ide.mcu.externaltools.gnu-tools-for-stm32.10.3-2021.10.linux64_1.0.200.202301161003/tools/bin/../lib/gcc/arm-none-eabi/10.3.1/thumb/v7e-m+fp/hard/libgcc.a(_arm_muldivdf3.o)
                0x00000000080005f8                __aeabi_dmul
                0x00000000080005f8                __muldf3
                0x000000000800084c                __aeabi_ddiv
                0x000000000800084c                __divdf3
 .text          0x0000000008000a1c      0x110 /opt/st/stm32cubeide_1.12.1/plugins/com.st.stm32cube.ide.mcu.externaltools.gnu-tools-for-stm32.10.3-2021.10.linux64_1.0.200.202301161003/tools/bin/../lib/gcc/arm-none-eabi/10.3.1/thumb/v7e-m+fp/hard/libgcc.a(_arm_cmpdf2.o)
                0x0000000008000a1c                __gtdf2
                0x0000000008000a1c                __gedf2
                0x0000000008000a24                __ltdf2
                0x0000000008000a24                __ledf2
                0x0000000008000a2c                __cmpdf2
                0x0000000008000a2c                __eqdf2
                0x0000000008000a2c                __nedf2
                0x0000000008000aa8                __aeabi_cdrcmple
                0x0000000008000ab8                __aeabi_cdcmple
                0x0000000008000ab8                __aeabi_cdcmpeq
                0x0000000008000ac8                __aeabi_dcmpeq
                0x0000000008000adc                __aeabi_dcmplt
                0x0000000008000af0                __aeabi_dcmple
                0x0000000008000b04                __aeabi_dcmpge
                0x0000000008000b18                __aeabi_dcmpgt
 .text          0x0000000008000b2c       0x2c /opt/st/stm32cubeide_1.12.1/plugins/com.st.stm32cube.ide.mcu.externaltools.gnu-tools-for-stm32.10.3-2021.10.linux64_1.0.200.202301161003/tools/bin/../lib/gcc/arm-none-eabi/10.3.1/thumb/v7e-m+fp/hard/libgcc.a(_arm_unorddf2.o)
                0x0000000008000b2c                __aeabi_dcmpun
                0x0000000008000b2c                __unorddf2
 .text          0x0000000008000b58       0x50 /opt/st/stm32cubeide_1.12.1/plugins/com.st.stm32cube.ide.mcu.externaltools.gnu-tools-for-stm32.10.3-2021.10.linux64_1.0.200.202301161003/tools/bin/../lib/gcc/arm-none-eabi/10.3.1/thumb/v7e-m+fp/hard/libgcc.a(_arm_fixdfsi.o)
                0x0000000008000b58                __fixdfsi
                0x0000000008000b58                __aeabi_d2iz
 .text          0x0000000008000ba8       0x40 /opt/st/stm32cubeide_1.12.1/plugins/com.st.stm32cube.ide.mcu.externaltools.gnu-tools-for-stm32.10.3-2021.10.linux64_1.0.200.202301161003/tools/bin/../lib/gcc/arm-none-eabi/10.3.1/thumb/v7e-m+fp/hard/libgcc.a(_arm_fixunsdfsi.o)
                0x0000000008000ba8                __fixunsdfsi
                0x0000000008000ba8                __aeabi_d2uiz
 .text          0x0000000008000be8       0xa0 /opt/st/stm32cubeide_1.12.1/plugins/com.st.stm32cube.ide.mcu.externaltools.gnu-tools-for-stm32.10.3-2021.10.linux64_1.0.200.202301161003/tools/bin/../lib/gcc/arm-none-eabi/10.3.1/thumb/v7e-m+fp/hard/libgcc.a(_arm_truncdfsf2.o)
                0x0000000008000be8                __aeabi_d2f
                0x0000000008000be8                __truncdfsf2
 .text          0x0000000008000c88      0x21c /opt/st/stm32cubeide_1.12.1/plugins/com.st.stm32cube.ide.mcu.externaltools.gnu-tools-for-stm32.10.3-2021.10.linux64_1.0.200.202301161003/tools/bin/../lib/gcc/arm-none-eabi/10.3.1/thumb/v7e-m+fp/hard/libgcc.a(_arm_addsubsf3.o)
                0x0000000008000c88                __aeabi_frsub
                0x0000000008000c90                __subsf3
                0x0000000008000c90                __aeabi_fsub
                0x0000000008000c94                __aeabi_fadd
                0x0000000008000c94                __addsf3
                0x0000000008000df4                __aeabi_ui2f
                0x0000000008000df4                __floatunsisf
                0x0000000008000dfc                __aeabi_i2f
                0x0000000008000dfc                __floatsisf
                0x0000000008000e18                __floatundisf
                0x0000000008000e18                __aeabi_ul2f
                0x0000000008000e28                __floatdisf
                0x0000000008000e28                __aeabi_l2f
 .text          0x0000000008000ea4       0xa0 /opt/st/stm32cubeide_1.12.1/plugins/com.st.stm32cube.ide.mcu.externaltools.gnu-tools-for-stm32.10.3-2021.10.linux64_1.0.200.202301161003/tools/bin/../lib/gcc/arm-none-eabi/10.3.1/thumb/v7e-m+fp/hard/libgcc.a(_aeabi_ldivmod.o)
                0x0000000008000ea4                __aeabi_ldivmod
 .text          0x0000000008000f44       0x28 /opt/st/stm32cubeide_1.12.1/plugins/com.st.stm32cube.ide.mcu.externaltools.gnu-tools-for-stm32.10.3-2021.10.linux64_1.0.200.202301161003/tools/bin/../lib/gcc/arm-none-eabi/10.3.1/thumb/v7e-m+fp/hard/libgcc.a(_fixsfdi.o)
                0x0000000008000f44                __aeabi_f2lz
                0x0000000008000f44                __fixsfdi
 .text          0x0000000008000f6c       0x40 /opt/st/stm32cubeide_1.12.1/plugins/com.st.stm32cube.ide.mcu.externaltools.gnu-tools-for-stm32.10.3-2021.10.linux64_1.0.200.202301161003/tools/bin/../lib/gcc/arm-none-eabi/10.3.1/thumb/v7e-m+fp/hard/libgcc.a(_fixunssfdi.o)
                0x0000000008000f6c                __aeabi_f2ulz
                0x0000000008000f6c                __fixunssfdi
 .text          0x0000000008000fac      0x2d0 /opt/st/stm32cubeide_1.12.1/plugins/com.st.stm32cube.ide.mcu.externaltools.gnu-tools-for-stm32.10.3-2021.10.linux64_1.0.200.202301161003/tools/bin/../lib/gcc/arm-none-eabi/10.3.1/thumb/v7e-m+fp/hard/libgcc.a(_udivmoddi4.o)
                0x0000000008000fac                __udivmoddi4
 .text          0x000000000800127c        0x4 /opt/st/stm32cubeide_1.12.1/plugins/com.st.stm32cube.ide.mcu.externaltools.gnu-tools-for-stm32.10.3-2021.10.linux64_1.0.200.202301161003/tools/bin/../lib/gcc/arm-none-eabi/10.3.1/thumb/v7e-m+fp/hard/libgcc.a(_dvmd_tls.o)
                0x000000000800127c                __aeabi_ldiv0
                0x000000000800127c                __aeabi_idiv0
 *(.text*)
 .text.dwt_initialise
                0x0000000008001280      0x298 ./Core/Src/decadriver/deca_device.o
                0x0000000008001280                dwt_initialise
 .text.dwt_readdevid
                0x0000000008001518       0x12 ./Core/Src/decadriver/deca_device.o
                0x0000000008001518                dwt_readdevid
 *fill*         0x000000000800152a        0x2 
 .text.dwt_configure
                0x000000000800152c      0x2e4 ./Core/Src/decadriver/deca_device.o
                0x000000000800152c                dwt_configure
 .text.dwt_writetodevice
                0x0000000008001810       0xae ./Core/Src/decadriver/deca_device.o
                0x0000000008001810                dwt_writetodevice
 .text.dwt_readfromdevice
                0x00000000080018be       0xa8 ./Core/Src/decadriver/deca_device.o
                0x00000000080018be                dwt_readfromdevice
 .text.dwt_read32bitoffsetreg
                0x0000000008001966       0x4e ./Core/Src/decadriver/deca_device.o
                0x0000000008001966                dwt_read32bitoffsetreg
 .text.dwt_read16bitoffsetreg
                0x00000000080019b4       0x3a ./Core/Src/decadriver/deca_device.o
                0x00000000080019b4                dwt_read16bitoffsetreg
 .text.dwt_read8bitoffsetreg
                0x00000000080019ee       0x26 ./Core/Src/decadriver/deca_device.o
                0x00000000080019ee                dwt_read8bitoffsetreg
 .text.dwt_write8bitoffsetreg
                0x0000000008001a14       0x26 ./Core/Src/decadriver/deca_device.o
                0x0000000008001a14                dwt_write8bitoffsetreg
 .text.dwt_write16bitoffsetreg
                0x0000000008001a3a       0x38 ./Core/Src/decadriver/deca_device.o
                0x0000000008001a3a                dwt_write16bitoffsetreg
 .text.dwt_write32bitoffsetreg
                0x0000000008001a72       0x4e ./Core/Src/decadriver/deca_device.o
                0x0000000008001a72                dwt_write32bitoffsetreg
 .text._dwt_otpread
                0x0000000008001ac0       0x3e ./Core/Src/decadriver/deca_device.o
                0x0000000008001ac0                _dwt_otpread
 .text._dwt_aonarrayupload
                0x0000000008001afe       0x1c ./Core/Src/decadriver/deca_device.o
                0x0000000008001afe                _dwt_aonarrayupload
 .text._dwt_configlde
                0x0000000008001b1a       0x40 ./Core/Src/decadriver/deca_device.o
                0x0000000008001b1a                _dwt_configlde
 .text._dwt_loaducodefromrom
                0x0000000008001b5a       0x26 ./Core/Src/decadriver/deca_device.o
                0x0000000008001b5a                _dwt_loaducodefromrom
 .text._dwt_enableclocks
                0x0000000008001b80      0x134 ./Core/Src/decadriver/deca_device.o
                0x0000000008001b80                _dwt_enableclocks
 .text._dwt_disablesequencing
                0x0000000008001cb4       0x18 ./Core/Src/decadriver/deca_device.o
                0x0000000008001cb4                _dwt_disablesequencing
 .text.dwt_forcetrxoff
                0x0000000008001ccc       0x60 ./Core/Src/decadriver/deca_device.o
                0x0000000008001ccc                dwt_forcetrxoff
 .text.dwt_syncrxbufptrs
                0x0000000008001d2c       0x34 ./Core/Src/decadriver/deca_device.o
                0x0000000008001d2c                dwt_syncrxbufptrs
 .text.dwt_softreset
                0x0000000008001d60       0x4c ./Core/Src/decadriver/deca_device.o
                0x0000000008001d60                dwt_softreset
 .text.dwt_setxtaltrim
                0x0000000008001dac       0x30 ./Core/Src/decadriver/deca_device.o
                0x0000000008001dac                dwt_setxtaltrim
 .text._ZSt5log10f
                0x0000000008001ddc       0x20 ./Core/Src/dw1000_lib/DW1000.o
                0x0000000008001ddc                std::log10(float)
 .text._ZN11DW1000Class10enableModeEPKh
                0x0000000008001dfc       0x32 ./Core/Src/dw1000_lib/DW1000.o
                0x0000000008001dfc                DW1000Class::enableMode(unsigned char const*)
 *fill*         0x0000000008001e2e        0x2 
 .text._ZN11DW1000Class4tuneEv
                0x0000000008001e30      0xb28 ./Core/Src/dw1000_lib/DW1000.o
                0x0000000008001e30                DW1000Class::tune()
 .text._ZN11DW1000Class15handleInterruptEv
                0x0000000008002958      0x140 ./Core/Src/dw1000_lib/DW1000.o
                0x0000000008002958                DW1000Class::handleInterrupt()
 .text._ZN11DW1000Class31readSystemConfigurationRegisterEv
                0x0000000008002a98       0x18 ./Core/Src/dw1000_lib/DW1000.o
                0x0000000008002a98                DW1000Class::readSystemConfigurationRegister()
 .text._ZN11DW1000Class32writeSystemConfigurationRegisterEv
                0x0000000008002ab0       0x18 ./Core/Src/dw1000_lib/DW1000.o
                0x0000000008002ab0                DW1000Class::writeSystemConfigurationRegister()
 .text._ZN11DW1000Class29readSystemEventStatusRegisterEv
                0x0000000008002ac8       0x18 ./Core/Src/dw1000_lib/DW1000.o
                0x0000000008002ac8                DW1000Class::readSystemEventStatusRegister()
 .text._ZN11DW1000Class29readNetworkIdAndDeviceAddressEv
                0x0000000008002ae0       0x18 ./Core/Src/dw1000_lib/DW1000.o
                0x0000000008002ae0                DW1000Class::readNetworkIdAndDeviceAddress()
 .text._ZN11DW1000Class30writeNetworkIdAndDeviceAddressEv
                0x0000000008002af8       0x18 ./Core/Src/dw1000_lib/DW1000.o
                0x0000000008002af8                DW1000Class::writeNetworkIdAndDeviceAddress()
 .text._ZN11DW1000Class27readSystemEventMaskRegisterEv
                0x0000000008002b10       0x18 ./Core/Src/dw1000_lib/DW1000.o
                0x0000000008002b10                DW1000Class::readSystemEventMaskRegister()
 .text._ZN11DW1000Class28writeSystemEventMaskRegisterEv
                0x0000000008002b28       0x18 ./Core/Src/dw1000_lib/DW1000.o
                0x0000000008002b28                DW1000Class::writeSystemEventMaskRegister()
 .text._ZN11DW1000Class26readChannelControlRegisterEv
                0x0000000008002b40       0x18 ./Core/Src/dw1000_lib/DW1000.o
                0x0000000008002b40                DW1000Class::readChannelControlRegister()
 .text._ZN11DW1000Class27writeChannelControlRegisterEv
                0x0000000008002b58       0x18 ./Core/Src/dw1000_lib/DW1000.o
                0x0000000008002b58                DW1000Class::writeChannelControlRegister()
 .text._ZN11DW1000Class32readTransmitFrameControlRegisterEv
                0x0000000008002b70       0x18 ./Core/Src/dw1000_lib/DW1000.o
                0x0000000008002b70                DW1000Class::readTransmitFrameControlRegister()
 .text._ZN11DW1000Class33writeTransmitFrameControlRegisterEv
                0x0000000008002b88       0x18 ./Core/Src/dw1000_lib/DW1000.o
                0x0000000008002b88                DW1000Class::writeTransmitFrameControlRegister()
 .text._ZN11DW1000Class12setNetworkIdEt
                0x0000000008002ba0       0x30 ./Core/Src/dw1000_lib/DW1000.o
                0x0000000008002ba0                DW1000Class::setNetworkId(unsigned short)
 .text._ZN11DW1000Class16setDeviceAddressEt
                0x0000000008002bd0       0x30 ./Core/Src/dw1000_lib/DW1000.o
                0x0000000008002bd0                DW1000Class::setDeviceAddress(unsigned short)
 .text._ZN11DW1000Class14nibbleFromCharEc
                0x0000000008002c00       0x54 ./Core/Src/dw1000_lib/DW1000.o
                0x0000000008002c00                DW1000Class::nibbleFromChar(char)
 .text._ZN11DW1000Class13convertToByteEPcPh
                0x0000000008002c54       0x76 ./Core/Src/dw1000_lib/DW1000.o
                0x0000000008002c54                DW1000Class::convertToByte(char*, unsigned char*)
 .text._ZN11DW1000Class6setEUIEPc
                0x0000000008002cca       0x26 ./Core/Src/dw1000_lib/DW1000.o
                0x0000000008002cca                DW1000Class::setEUI(char*)
 .text._ZN11DW1000Class6setEUIEPh
                0x0000000008002cf0       0x4e ./Core/Src/dw1000_lib/DW1000.o
                0x0000000008002cf0                DW1000Class::setEUI(unsigned char*)
 *fill*         0x0000000008002d3e        0x2 
 .text._ZN11DW1000Class14setFrameFilterEb
                0x0000000008002d40       0x24 ./Core/Src/dw1000_lib/DW1000.o
                0x0000000008002d40                DW1000Class::setFrameFilter(bool)
 .text._ZN11DW1000Class23setReceiverAutoReenableEb
                0x0000000008002d64       0x24 ./Core/Src/dw1000_lib/DW1000.o
                0x0000000008002d64                DW1000Class::setReceiverAutoReenable(bool)
 .text._ZN11DW1000Class15interruptOnSentEb
                0x0000000008002d88       0x24 ./Core/Src/dw1000_lib/DW1000.o
                0x0000000008002d88                DW1000Class::interruptOnSent(bool)
 .text._ZN11DW1000Class19interruptOnReceivedEb
                0x0000000008002dac       0x30 ./Core/Src/dw1000_lib/DW1000.o
                0x0000000008002dac                DW1000Class::interruptOnReceived(bool)
 .text._ZN11DW1000Class24interruptOnReceiveFailedEb
                0x0000000008002ddc       0x48 ./Core/Src/dw1000_lib/DW1000.o
                0x0000000008002ddc                DW1000Class::interruptOnReceiveFailed(bool)
 .text._ZN11DW1000Class36interruptOnReceiveTimestampAvailableEb
                0x0000000008002e24       0x24 ./Core/Src/dw1000_lib/DW1000.o
                0x0000000008002e24                DW1000Class::interruptOnReceiveTimestampAvailable(bool)
 .text._ZN11DW1000Class38interruptOnAutomaticAcknowledgeTriggerEb
                0x0000000008002e48       0x24 ./Core/Src/dw1000_lib/DW1000.o
                0x0000000008002e48                DW1000Class::interruptOnAutomaticAcknowledgeTrigger(bool)
 .text._ZN11DW1000Class15setAntennaDelayEt
                0x0000000008002e6c       0x30 ./Core/Src/dw1000_lib/DW1000.o
                0x0000000008002e6c                DW1000Class::setAntennaDelay(unsigned short)
 .text._ZN11DW1000Class4idleEv
                0x0000000008002e9c       0x18 ./Core/Src/dw1000_lib/DW1000.o
                0x0000000008002e9c                DW1000Class::idle()
 .text._ZN11DW1000Class10newReceiveEv
                0x0000000008002eb4       0x28 ./Core/Src/dw1000_lib/DW1000.o
                0x0000000008002eb4                DW1000Class::newReceive()
 .text._ZN11DW1000Class12startReceiveEv
                0x0000000008002edc       0x3c ./Core/Src/dw1000_lib/DW1000.o
                0x0000000008002edc                DW1000Class::startReceive()
 .text._ZN11DW1000Class11newTransmitEv
                0x0000000008002f18       0x28 ./Core/Src/dw1000_lib/DW1000.o
                0x0000000008002f18                DW1000Class::newTransmit()
 .text._ZN11DW1000Class13startTransmitEv
                0x0000000008002f40       0x6c ./Core/Src/dw1000_lib/DW1000.o
                0x0000000008002f40                DW1000Class::startTransmit()
 .text._ZN11DW1000Class16newConfigurationEv
                0x0000000008002fac       0x20 ./Core/Src/dw1000_lib/DW1000.o
                0x0000000008002fac                DW1000Class::newConfiguration()
 .text._ZN11DW1000Class19commitConfigurationEv
                0x0000000008002fcc       0x88 ./Core/Src/dw1000_lib/DW1000.o
                0x0000000008002fcc                DW1000Class::commitConfiguration()
 .text._ZN11DW1000Class18suppressFrameCheckEb
                0x0000000008003054       0x28 ./Core/Src/dw1000_lib/DW1000.o
                0x0000000008003054                DW1000Class::suppressFrameCheck(bool)
 .text._ZN11DW1000Class13useSmartPowerEb
                0x000000000800307c       0x34 ./Core/Src/dw1000_lib/DW1000.o
                0x000000000800307c                DW1000Class::useSmartPower(bool)
 .text._ZN11DW1000Class8setDelayERK10DW1000Time
                0x00000000080030b0       0xd0 ./Core/Src/dw1000_lib/DW1000.o
                0x00000000080030b0                DW1000Class::setDelay(DW1000Time const&)
 .text._ZN11DW1000Class18receivePermanentlyEb
                0x0000000008003180       0x2c ./Core/Src/dw1000_lib/DW1000.o
                0x0000000008003180                DW1000Class::receivePermanently(bool)
 .text._ZN11DW1000Class7setDataEPht
                0x00000000080031ac       0x88 ./Core/Src/dw1000_lib/DW1000.o
                0x00000000080031ac                DW1000Class::setData(unsigned char*, unsigned short)
 .text._ZN11DW1000Class7getDataEPht
                0x0000000008003234       0x28 ./Core/Src/dw1000_lib/DW1000.o
                0x0000000008003234                DW1000Class::getData(unsigned char*, unsigned short)
 .text._ZN11DW1000Class20getTransmitTimestampER10DW1000Time
                0x000000000800325c       0x2a ./Core/Src/dw1000_lib/DW1000.o
                0x000000000800325c                DW1000Class::getTransmitTimestamp(DW1000Time&)
 .text._ZN11DW1000Class19getReceiveTimestampER10DW1000Time
                0x0000000008003286       0x30 ./Core/Src/dw1000_lib/DW1000.o
                0x0000000008003286                DW1000Class::getReceiveTimestamp(DW1000Time&)
 *fill*         0x00000000080032b6        0x2 
 .text._ZN11DW1000Class16correctTimestampER10DW1000Time
                0x00000000080032b8      0x2ac ./Core/Src/dw1000_lib/DW1000.o
                0x00000000080032b8                DW1000Class::correctTimestamp(DW1000Time&)
 .text._ZN11DW1000Class18getSystemTimestampER10DW1000Time
                0x0000000008003564       0x2a ./Core/Src/dw1000_lib/DW1000.o
                0x0000000008003564                DW1000Class::getSystemTimestamp(DW1000Time&)
 *fill*         0x000000000800358e        0x2 
 .text._ZN11DW1000Class11setDataRateEh
                0x0000000008003590      0x118 ./Core/Src/dw1000_lib/DW1000.o
                0x0000000008003590                DW1000Class::setDataRate(unsigned char)
 .text._ZN11DW1000Class17setPulseFrequencyEh
                0x00000000080036a8       0x6c ./Core/Src/dw1000_lib/DW1000.o
                0x00000000080036a8                DW1000Class::setPulseFrequency(unsigned char)
 .text._ZN11DW1000Class17getPulseFrequencyEv
                0x0000000008003714       0x18 ./Core/Src/dw1000_lib/DW1000.o
                0x0000000008003714                DW1000Class::getPulseFrequency()
 .text._ZN11DW1000Class17setPreambleLengthEh
                0x000000000800372c       0x8c ./Core/Src/dw1000_lib/DW1000.o
                0x000000000800372c                DW1000Class::setPreambleLength(unsigned char)
 .text._ZN11DW1000Class22useExtendedFrameLengthEb
                0x00000000080037b8       0x4c ./Core/Src/dw1000_lib/DW1000.o
                0x00000000080037b8                DW1000Class::useExtendedFrameLength(bool)
 .text._ZN11DW1000Class10setChannelEh
                0x0000000008003804       0xc0 ./Core/Src/dw1000_lib/DW1000.o
                0x0000000008003804                DW1000Class::setChannel(unsigned char)
 .text._ZN11DW1000Class15setPreambleCodeEh
                0x00000000080038c4       0x74 ./Core/Src/dw1000_lib/DW1000.o
                0x00000000080038c4                DW1000Class::setPreambleCode(unsigned char)
 .text._ZN11DW1000Class11setDefaultsEv
                0x0000000008003938       0x94 ./Core/Src/dw1000_lib/DW1000.o
                0x0000000008003938                DW1000Class::setDefaults()
 .text._ZN11DW1000Class14isTransmitDoneEv
                0x00000000080039cc       0x18 ./Core/Src/dw1000_lib/DW1000.o
                0x00000000080039cc                DW1000Class::isTransmitDone()
 .text._ZN11DW1000Class27isReceiveTimestampAvailableEv
                0x00000000080039e4       0x18 ./Core/Src/dw1000_lib/DW1000.o
                0x00000000080039e4                DW1000Class::isReceiveTimestampAvailable()
 .text._ZN11DW1000Class13isReceiveDoneEv
                0x00000000080039fc       0x34 ./Core/Src/dw1000_lib/DW1000.o
                0x00000000080039fc                DW1000Class::isReceiveDone()
 .text._ZN11DW1000Class15isReceiveFailedEv
                0x0000000008003a30       0x68 ./Core/Src/dw1000_lib/DW1000.o
                0x0000000008003a30                DW1000Class::isReceiveFailed()
 .text._ZN11DW1000Class16isReceiveTimeoutEv
                0x0000000008003a98       0x44 ./Core/Src/dw1000_lib/DW1000.o
                0x0000000008003a98                DW1000Class::isReceiveTimeout()
 .text._ZN11DW1000Class14isClockProblemEv
                0x0000000008003adc       0x40 ./Core/Src/dw1000_lib/DW1000.o
                0x0000000008003adc                DW1000Class::isClockProblem()
 .text._ZN11DW1000Class14clearAllStatusEv
                0x0000000008003b1c       0x24 ./Core/Src/dw1000_lib/DW1000.o
                0x0000000008003b1c                DW1000Class::clearAllStatus()
 .text._ZN11DW1000Class36clearReceiveTimestampAvailableStatusEv
                0x0000000008003b40       0x24 ./Core/Src/dw1000_lib/DW1000.o
                0x0000000008003b40                DW1000Class::clearReceiveTimestampAvailableStatus()
 .text._ZN11DW1000Class18clearReceiveStatusEv
                0x0000000008003b64       0x6c ./Core/Src/dw1000_lib/DW1000.o
                0x0000000008003b64                DW1000Class::clearReceiveStatus()
 .text._ZN11DW1000Class19clearTransmitStatusEv
                0x0000000008003bd0       0x48 ./Core/Src/dw1000_lib/DW1000.o
                0x0000000008003bd0                DW1000Class::clearTransmitStatus()
 .text._ZN11DW1000Class17getReceiveQualityEv
                0x0000000008003c18       0x66 ./Core/Src/dw1000_lib/DW1000.o
                0x0000000008003c18                DW1000Class::getReceiveQuality()
 *fill*         0x0000000008003c7e        0x2 
 .text._ZN11DW1000Class17getFirstPathPowerEv
                0x0000000008003c80      0x1b4 ./Core/Src/dw1000_lib/DW1000.o
                0x0000000008003c80                DW1000Class::getFirstPathPower()
 .text._ZN11DW1000Class15getReceivePowerEv
                0x0000000008003e34      0x144 ./Core/Src/dw1000_lib/DW1000.o
                0x0000000008003e34                DW1000Class::getReceivePower()
 .text._ZN11DW1000Class6setBitEPhttb
                0x0000000008003f78       0x80 ./Core/Src/dw1000_lib/DW1000.o
                0x0000000008003f78                DW1000Class::setBit(unsigned char*, unsigned short, unsigned short, bool)
 .text._ZN11DW1000Class6getBitEPhtt
                0x0000000008003ff8       0x58 ./Core/Src/dw1000_lib/DW1000.o
                0x0000000008003ff8                DW1000Class::getBit(unsigned char*, unsigned short, unsigned short)
 .text._ZN11DW1000Class17writeValueToBytesEPhlt
                0x0000000008004050       0x42 ./Core/Src/dw1000_lib/DW1000.o
                0x0000000008004050                DW1000Class::writeValueToBytes(unsigned char*, long, unsigned short)
 .text._ZN11DW1000Class9readBytesEhtPht
                0x0000000008004092       0x3a ./Core/Src/dw1000_lib/DW1000.o
                0x0000000008004092                DW1000Class::readBytes(unsigned char, unsigned short, unsigned char*, unsigned short)
 .text._ZN11DW1000Class12readBytesOTPEtPh
                0x00000000080040cc       0x5c ./Core/Src/dw1000_lib/DW1000.o
                0x00000000080040cc                DW1000Class::readBytesOTP(unsigned short, unsigned char*)
 .text._ZN11DW1000Class9writeByteEhth
                0x0000000008004128       0x26 ./Core/Src/dw1000_lib/DW1000.o
                0x0000000008004128                DW1000Class::writeByte(unsigned char, unsigned short, unsigned char)
 .text._ZN11DW1000Class10writeBytesEhtPht
                0x000000000800414e       0x3a ./Core/Src/dw1000_lib/DW1000.o
                0x000000000800414e                DW1000Class::writeBytes(unsigned char, unsigned short, unsigned char*, unsigned short)
 .text._ZN11DW1000Class16large_power_initEv
                0x0000000008004188       0x98 ./Core/Src/dw1000_lib/DW1000.o
                0x0000000008004188                DW1000Class::large_power_init()
 .text._Z41__static_initialization_and_destruction_0ii
                0x0000000008004220       0x44 ./Core/Src/dw1000_lib/DW1000.o
 .text._GLOBAL__sub_I_DW1000
                0x0000000008004264       0x10 ./Core/Src/dw1000_lib/DW1000.o
 .text._GLOBAL__sub_D_DW1000
                0x0000000008004274       0x10 ./Core/Src/dw1000_lib/DW1000.o
 .text._ZSt5roundf
                0x0000000008004284       0x20 ./Core/Src/dw1000_lib/DW1000Device.o
                0x0000000008004284                std::round(float)
 .text._ZN12DW1000DeviceC2Ev
                0x00000000080042a4       0x52 ./Core/Src/dw1000_lib/DW1000Device.o
                0x00000000080042a4                DW1000Device::DW1000Device()
                0x00000000080042a4                DW1000Device::DW1000Device()
 .text._ZN12DW1000DeviceC2EPhb
                0x00000000080042f6       0x76 ./Core/Src/dw1000_lib/DW1000Device.o
                0x00000000080042f6                DW1000Device::DW1000Device(unsigned char*, bool)
                0x00000000080042f6                DW1000Device::DW1000Device(unsigned char*, bool)
 .text._ZN12DW1000DeviceC2EPhS0_
                0x000000000800436c       0x60 ./Core/Src/dw1000_lib/DW1000Device.o
                0x000000000800436c                DW1000Device::DW1000Device(unsigned char*, unsigned char*)
                0x000000000800436c                DW1000Device::DW1000Device(unsigned char*, unsigned char*)
 .text._ZN12DW1000DeviceD2Ev
                0x00000000080043cc       0x4c ./Core/Src/dw1000_lib/DW1000Device.o
                0x00000000080043cc                DW1000Device::~DW1000Device()
                0x00000000080043cc                DW1000Device::~DW1000Device()
 .text._ZN12DW1000Device12setReplyTimeEt
                0x0000000008004418       0x20 ./Core/Src/dw1000_lib/DW1000Device.o
                0x0000000008004418                DW1000Device::setReplyTime(unsigned short)
 .text._ZN12DW1000Device10setAddressEPh
                0x0000000008004438       0x20 ./Core/Src/dw1000_lib/DW1000Device.o
                0x0000000008004438                DW1000Device::setAddress(unsigned char*)
 .text._ZN12DW1000Device15setShortAddressEPh
                0x0000000008004458       0x22 ./Core/Src/dw1000_lib/DW1000Device.o
                0x0000000008004458                DW1000Device::setShortAddress(unsigned char*)
 *fill*         0x000000000800447a        0x2 
 .text._ZN12DW1000Device8setRangeEf
                0x000000000800447c       0x40 ./Core/Src/dw1000_lib/DW1000Device.o
                0x000000000800447c                DW1000Device::setRange(float)
 .text._ZN12DW1000Device10setRXPowerEf
                0x00000000080044bc       0x40 ./Core/Src/dw1000_lib/DW1000Device.o
                0x00000000080044bc                DW1000Device::setRXPower(float)
 .text._ZN12DW1000Device10setFPPowerEf
                0x00000000080044fc       0x40 ./Core/Src/dw1000_lib/DW1000Device.o
                0x00000000080044fc                DW1000Device::setFPPower(float)
 .text._ZN12DW1000Device10setQualityEf
                0x000000000800453c       0x40 ./Core/Src/dw1000_lib/DW1000Device.o
                0x000000000800453c                DW1000Device::setQuality(float)
 .text._ZN12DW1000Device14getByteAddressEv
                0x000000000800457c       0x18 ./Core/Src/dw1000_lib/DW1000Device.o
                0x000000000800457c                DW1000Device::getByteAddress()
 .text._ZN12DW1000Device19getByteShortAddressEv
                0x0000000008004594       0x18 ./Core/Src/dw1000_lib/DW1000Device.o
                0x0000000008004594                DW1000Device::getByteShortAddress()
 .text._ZN12DW1000Device14isAddressEqualEPS_
                0x00000000080045ac       0x38 ./Core/Src/dw1000_lib/DW1000Device.o
                0x00000000080045ac                DW1000Device::isAddressEqual(DW1000Device*)
 .text._ZN12DW1000Device19isShortAddressEqualEPS_
                0x00000000080045e4       0x38 ./Core/Src/dw1000_lib/DW1000Device.o
                0x00000000080045e4                DW1000Device::isShortAddressEqual(DW1000Device*)
 .text._ZN12DW1000Device8getRangeEv
                0x000000000800461c       0x34 ./Core/Src/dw1000_lib/DW1000Device.o
                0x000000000800461c                DW1000Device::getRange()
 .text._ZN12DW1000Device10getRXPowerEv
                0x0000000008004650       0x34 ./Core/Src/dw1000_lib/DW1000Device.o
                0x0000000008004650                DW1000Device::getRXPower()
 .text._ZN12DW1000Device18randomShortAddressEv
                0x0000000008004684       0x40 ./Core/Src/dw1000_lib/DW1000Device.o
                0x0000000008004684                DW1000Device::randomShortAddress()
 .text._ZN12DW1000Device12noteActivityEv
                0x00000000080046c4       0x1c ./Core/Src/dw1000_lib/DW1000Device.o
                0x00000000080046c4                DW1000Device::noteActivity()
 .text._ZN12DW1000Device10isInactiveEv
                0x00000000080046e0       0x3e ./Core/Src/dw1000_lib/DW1000Device.o
                0x00000000080046e0                DW1000Device::isInactive()
 .text._ZN9DW1000MacC2Ev
                0x000000000800471e       0x22 ./Core/Src/dw1000_lib/DW1000Mac.o
                0x000000000800471e                DW1000Mac::DW1000Mac()
                0x000000000800471e                DW1000Mac::DW1000Mac()
 .text._ZN9DW1000MacD2Ev
                0x0000000008004740       0x16 ./Core/Src/dw1000_lib/DW1000Mac.o
                0x0000000008004740                DW1000Mac::~DW1000Mac()
                0x0000000008004740                DW1000Mac::~DW1000Mac()
 .text._ZN9DW1000Mac18generateBlinkFrameEPhS0_S0_
                0x0000000008004756       0x60 ./Core/Src/dw1000_lib/DW1000Mac.o
                0x0000000008004756                DW1000Mac::generateBlinkFrame(unsigned char*, unsigned char*, unsigned char*)
 .text._ZN9DW1000Mac21generateShortMACFrameEPhS0_S0_
                0x00000000080047b6       0x70 ./Core/Src/dw1000_lib/DW1000Mac.o
                0x00000000080047b6                DW1000Mac::generateShortMACFrame(unsigned char*, unsigned char*, unsigned char*)
 .text._ZN9DW1000Mac20generateLongMACFrameEPhS0_S0_
                0x0000000008004826       0x78 ./Core/Src/dw1000_lib/DW1000Mac.o
                0x0000000008004826                DW1000Mac::generateLongMACFrame(unsigned char*, unsigned char*, unsigned char*)
 .text._ZN9DW1000Mac16decodeBlinkFrameEPhS0_S0_
                0x000000000800489e       0x4a ./Core/Src/dw1000_lib/DW1000Mac.o
                0x000000000800489e                DW1000Mac::decodeBlinkFrame(unsigned char*, unsigned char*, unsigned char*)
 .text._ZN9DW1000Mac19decodeShortMACFrameEPhS0_
                0x00000000080048e8       0x2c ./Core/Src/dw1000_lib/DW1000Mac.o
                0x00000000080048e8                DW1000Mac::decodeShortMACFrame(unsigned char*, unsigned char*)
 .text._ZN9DW1000Mac18decodeLongMACFrameEPhS0_
                0x0000000008004914       0x2c ./Core/Src/dw1000_lib/DW1000Mac.o
                0x0000000008004914                DW1000Mac::decodeLongMACFrame(unsigned char*, unsigned char*)
 .text._ZN9DW1000Mac18incrementSeqNumberEv
                0x0000000008004940       0x30 ./Core/Src/dw1000_lib/DW1000Mac.o
                0x0000000008004940                DW1000Mac::incrementSeqNumber()
 .text._ZN9DW1000Mac12reverseArrayEPhS0_s
                0x0000000008004970       0x54 ./Core/Src/dw1000_lib/DW1000Mac.o
                0x0000000008004970                DW1000Mac::reverseArray(unsigned char*, unsigned char*, short)
 .text._ZN11DW1000Class17attachSentHandlerEPFvvE
                0x00000000080049c4       0x20 ./Core/Src/dw1000_lib/DW1000Ranging.o
                0x00000000080049c4                DW1000Class::attachSentHandler(void (*)())
 .text._ZN11DW1000Class21attachReceivedHandlerEPFvvE
                0x00000000080049e4       0x20 ./Core/Src/dw1000_lib/DW1000Ranging.o
                0x00000000080049e4                DW1000Class::attachReceivedHandler(void (*)())
 .text._ZN12DW1000Device8setIndexEa
                0x0000000008004a04       0x20 ./Core/Src/dw1000_lib/DW1000Ranging.o
                0x0000000008004a04                DW1000Device::setIndex(signed char)
 .text._ZN12DW1000Device12getReplyTimeEv
                0x0000000008004a24       0x1a ./Core/Src/dw1000_lib/DW1000Ranging.o
                0x0000000008004a24                DW1000Device::getReplyTime()
 .text._ZN12DW1000Device8getIndexEv
                0x0000000008004a3e       0x1a ./Core/Src/dw1000_lib/DW1000Ranging.o
                0x0000000008004a3e                DW1000Device::getIndex()
 .text._ZN18DW1000RangingClass17initCommunicationEP20__UART_HandleTypeDefP12dwt_config_t
                0x0000000008004a58       0xac ./Core/Src/dw1000_lib/DW1000Ranging.o
                0x0000000008004a58                DW1000RangingClass::initCommunication(__UART_HandleTypeDef*, dwt_config_t*)
 .text._ZN18DW1000RangingClass16configureNetworkEttPKh
                0x0000000008004b04       0x3a ./Core/Src/dw1000_lib/DW1000Ranging.o
                0x0000000008004b04                DW1000RangingClass::configureNetwork(unsigned short, unsigned short, unsigned char const*)
 *fill*         0x0000000008004b3e        0x2 
 .text._ZN18DW1000RangingClass12generalStartEv
                0x0000000008004b40       0x34 ./Core/Src/dw1000_lib/DW1000Ranging.o
                0x0000000008004b40                DW1000RangingClass::generalStart()
 .text._ZN18DW1000RangingClass13startAsAnchorEPcPKhb
                0x0000000008004b74       0xa0 ./Core/Src/dw1000_lib/DW1000Ranging.o
                0x0000000008004b74                DW1000RangingClass::startAsAnchor(char*, unsigned char const*, bool)
 .text._ZN18DW1000RangingClass17addNetworkDevicesEP12DW1000Deviceb
                0x0000000008004c14      0x11c ./Core/Src/dw1000_lib/DW1000Ranging.o
                0x0000000008004c14                DW1000RangingClass::addNetworkDevices(DW1000Device*, bool)
 .text._ZN18DW1000RangingClass17addNetworkDevicesEP12DW1000Device
                0x0000000008004d30       0xf8 ./Core/Src/dw1000_lib/DW1000Ranging.o
                0x0000000008004d30                DW1000RangingClass::addNetworkDevices(DW1000Device*)
 .text._ZN18DW1000RangingClass20removeNetworkDevicesEs
                0x0000000008004e28       0xe0 ./Core/Src/dw1000_lib/DW1000Ranging.o
                0x0000000008004e28                DW1000RangingClass::removeNetworkDevices(short)
 .text._ZN18DW1000RangingClass19searchDistantDeviceEPh
                0x0000000008004f08       0x80 ./Core/Src/dw1000_lib/DW1000Ranging.o
                0x0000000008004f08                DW1000RangingClass::searchDistantDevice(unsigned char*)
 .text._ZN18DW1000RangingClass16getDistantDeviceEv
                0x0000000008004f88       0x2c ./Core/Src/dw1000_lib/DW1000Ranging.o
                0x0000000008004f88                DW1000RangingClass::getDistantDevice()
 .text._ZN18DW1000RangingClass13checkForResetEv
                0x0000000008004fb4       0x64 ./Core/Src/dw1000_lib/DW1000Ranging.o
                0x0000000008004fb4                DW1000RangingClass::checkForReset()
 .text._ZN18DW1000RangingClass23checkForInactiveDevicesEv
                0x0000000008005018       0x80 ./Core/Src/dw1000_lib/DW1000Ranging.o
                0x0000000008005018                DW1000RangingClass::checkForInactiveDevices()
 .text._ZN18DW1000RangingClass17detectMessageTypeEPh
                0x0000000008005098       0x58 ./Core/Src/dw1000_lib/DW1000Ranging.o
                0x0000000008005098                DW1000RangingClass::detectMessageType(unsigned char*)
 .text._ZN18DW1000RangingClass4loopEv
                0x00000000080050f0      0x7a4 ./Core/Src/dw1000_lib/DW1000Ranging.o
                0x00000000080050f0                DW1000RangingClass::loop()
 .text._ZN18DW1000RangingClass10handleSentEv
                0x0000000008005894       0x18 ./Core/Src/dw1000_lib/DW1000Ranging.o
                0x0000000008005894                DW1000RangingClass::handleSent()
 .text._ZN18DW1000RangingClass14handleReceivedEv
                0x00000000080058ac       0x18 ./Core/Src/dw1000_lib/DW1000Ranging.o
                0x00000000080058ac                DW1000RangingClass::handleReceived()
 .text._ZN18DW1000RangingClass12noteActivityEv
                0x00000000080058c4       0x18 ./Core/Src/dw1000_lib/DW1000Ranging.o
                0x00000000080058c4                DW1000RangingClass::noteActivity()
 .text._ZN18DW1000RangingClass13resetInactiveEv
                0x00000000080058dc       0x28 ./Core/Src/dw1000_lib/DW1000Ranging.o
                0x00000000080058dc                DW1000RangingClass::resetInactive()
 .text._ZN18DW1000RangingClass9timerTickEv
                0x0000000008005904       0x8c ./Core/Src/dw1000_lib/DW1000Ranging.o
                0x0000000008005904                DW1000RangingClass::timerTick()
 .text._ZN18DW1000RangingClass16copyShortAddressEPhS0_
                0x0000000008005990       0x28 ./Core/Src/dw1000_lib/DW1000Ranging.o
                0x0000000008005990                DW1000RangingClass::copyShortAddress(unsigned char*, unsigned char*)
 .text._ZN18DW1000RangingClass12transmitInitEv
                0x00000000080059b8       0x10 ./Core/Src/dw1000_lib/DW1000Ranging.o
                0x00000000080059b8                DW1000RangingClass::transmitInit()
 .text._ZN18DW1000RangingClass8transmitEPh
                0x00000000080059c8       0x1c ./Core/Src/dw1000_lib/DW1000Ranging.o
                0x00000000080059c8                DW1000RangingClass::transmit(unsigned char*)
 .text._ZN18DW1000RangingClass8transmitEPh10DW1000Time
                0x00000000080059e4       0x38 ./Core/Src/dw1000_lib/DW1000Ranging.o
                0x00000000080059e4                DW1000RangingClass::transmit(unsigned char*, DW1000Time)
 .text._ZN18DW1000RangingClass13transmitBlinkEv
                0x0000000008005a1c       0x30 ./Core/Src/dw1000_lib/DW1000Ranging.o
                0x0000000008005a1c                DW1000RangingClass::transmitBlink()
 .text._ZN18DW1000RangingClass19transmitRangingInitEP12DW1000Device
                0x0000000008005a4c       0x54 ./Core/Src/dw1000_lib/DW1000Ranging.o
                0x0000000008005a4c                DW1000RangingClass::transmitRangingInit(DW1000Device*)
 .text._ZN18DW1000RangingClass12transmitPollEP12DW1000Device
                0x0000000008005aa0      0x174 ./Core/Src/dw1000_lib/DW1000Ranging.o
                0x0000000008005aa0                DW1000RangingClass::transmitPoll(DW1000Device*)
 .text._ZN18DW1000RangingClass15transmitPollAckEP12DW1000Device
                0x0000000008005c14       0x98 ./Core/Src/dw1000_lib/DW1000Ranging.o
                0x0000000008005c14                DW1000RangingClass::transmitPollAck(DW1000Device*)
 .text._ZN18DW1000RangingClass13transmitRangeEP12DW1000Device
                0x0000000008005cac      0x25c ./Core/Src/dw1000_lib/DW1000Ranging.o
                0x0000000008005cac                DW1000RangingClass::transmitRange(DW1000Device*)
 .text._ZN18DW1000RangingClass19transmitRangeReportEP12DW1000Device
                0x0000000008005f08       0xac ./Core/Src/dw1000_lib/DW1000Ranging.o
                0x0000000008005f08                DW1000RangingClass::transmitRangeReport(DW1000Device*)
 .text._ZN18DW1000RangingClass19transmitRangeFailedEP12DW1000Device
                0x0000000008005fb4       0x54 ./Core/Src/dw1000_lib/DW1000Ranging.o
                0x0000000008005fb4                DW1000RangingClass::transmitRangeFailed(DW1000Device*)
 .text._ZN18DW1000RangingClass8receiverEv
                0x0000000008006008       0x1a ./Core/Src/dw1000_lib/DW1000Ranging.o
                0x0000000008006008                DW1000RangingClass::receiver()
 .text._ZN18DW1000RangingClass22computeRangeAsymmetricEP12DW1000DeviceP10DW1000Time
                0x0000000008006022      0x1e6 ./Core/Src/dw1000_lib/DW1000Ranging.o
                0x0000000008006022                DW1000RangingClass::computeRangeAsymmetric(DW1000Device*, DW1000Time*)
 .text._ZN18DW1000RangingClass11filterValueEfft
                0x0000000008006208       0x62 ./Core/Src/dw1000_lib/DW1000Ranging.o
                0x0000000008006208                DW1000RangingClass::filterValue(float, float, unsigned short)
 *fill*         0x000000000800626a        0x2 
 .text._Z41__static_initialization_and_destruction_0ii
                0x000000000800626c       0x74 ./Core/Src/dw1000_lib/DW1000Ranging.o
 .text._GLOBAL__sub_I_DW1000Ranging
                0x00000000080062e0       0x10 ./Core/Src/dw1000_lib/DW1000Ranging.o
 .text._GLOBAL__sub_D_DW1000Ranging
                0x00000000080062f0       0x10 ./Core/Src/dw1000_lib/DW1000Ranging.o
 .text._ZN10DW1000TimeC2Ev
                0x0000000008006300       0x32 ./Core/Src/dw1000_lib/DW1000Time.o
                0x0000000008006300                DW1000Time::DW1000Time()
                0x0000000008006300                DW1000Time::DW1000Time()
 .text._ZN10DW1000TimeC2ERKS_
                0x0000000008006332       0x2a ./Core/Src/dw1000_lib/DW1000Time.o
                0x0000000008006332                DW1000Time::DW1000Time(DW1000Time const&)
                0x0000000008006332                DW1000Time::DW1000Time(DW1000Time const&)
 .text._ZN10DW1000TimeC2Elf
                0x000000000800635c       0x32 ./Core/Src/dw1000_lib/DW1000Time.o
                0x000000000800635c                DW1000Time::DW1000Time(long, float)
                0x000000000800635c                DW1000Time::DW1000Time(long, float)
 .text._ZN10DW1000TimeD2Ev
                0x000000000800638e       0x16 ./Core/Src/dw1000_lib/DW1000Time.o
                0x000000000800638e                DW1000Time::~DW1000Time()
                0x000000000800638e                DW1000Time::~DW1000Time()
 .text._ZN10DW1000Time12setTimestampEx
                0x00000000080063a4       0x22 ./Core/Src/dw1000_lib/DW1000Time.o
                0x00000000080063a4                DW1000Time::setTimestamp(long long)
 .text._ZN10DW1000Time12setTimestampEPh
                0x00000000080063c6       0x7c ./Core/Src/dw1000_lib/DW1000Time.o
                0x00000000080063c6                DW1000Time::setTimestamp(unsigned char*)
 .text._ZN10DW1000Time12setTimestampERKS_
                0x0000000008006442       0x22 ./Core/Src/dw1000_lib/DW1000Time.o
                0x0000000008006442                DW1000Time::setTimestamp(DW1000Time const&)
 .text._ZN10DW1000Time7setTimeEf
                0x0000000008006464       0x38 ./Core/Src/dw1000_lib/DW1000Time.o
                0x0000000008006464                DW1000Time::setTime(float)
 .text._ZN10DW1000Time7setTimeElf
                0x000000000800649c       0x32 ./Core/Src/dw1000_lib/DW1000Time.o
                0x000000000800649c                DW1000Time::setTime(long, float)
 .text._ZNK10DW1000Time12getTimestampEv
                0x00000000080064ce       0x1c ./Core/Src/dw1000_lib/DW1000Time.o
                0x00000000080064ce                DW1000Time::getTimestamp() const
 .text._ZNK10DW1000Time12getTimestampEPh
                0x00000000080064ea       0x62 ./Core/Src/dw1000_lib/DW1000Time.o
                0x00000000080064ea                DW1000Time::getTimestamp(unsigned char*) const
 .text._ZNK10DW1000Time11getAsMetersEv
                0x000000000800654c       0x60 ./Core/Src/dw1000_lib/DW1000Time.o
                0x000000000800654c                DW1000Time::getAsMeters() const
 .text._ZN10DW1000Time4wrapEv
                0x00000000080065ac       0x32 ./Core/Src/dw1000_lib/DW1000Time.o
                0x00000000080065ac                DW1000Time::wrap()
 .text._ZN10DW1000TimeaSERKS_
                0x00000000080065de       0x30 ./Core/Src/dw1000_lib/DW1000Time.o
                0x00000000080065de                DW1000Time::operator=(DW1000Time const&)
 .text._ZN10DW1000TimepLERKS_
                0x000000000800660e       0x2c ./Core/Src/dw1000_lib/DW1000Time.o
                0x000000000800660e                DW1000Time::operator+=(DW1000Time const&)
 .text._ZNK10DW1000TimeplERKS_
                0x000000000800663a       0x42 ./Core/Src/dw1000_lib/DW1000Time.o
                0x000000000800663a                DW1000Time::operator+(DW1000Time const&) const
 .text._ZN10DW1000TimemIERKS_
                0x000000000800667c       0x2c ./Core/Src/dw1000_lib/DW1000Time.o
                0x000000000800667c                DW1000Time::operator-=(DW1000Time const&)
 .text._ZNK10DW1000TimemiERKS_
                0x00000000080066a8       0x42 ./Core/Src/dw1000_lib/DW1000Time.o
                0x00000000080066a8                DW1000Time::operator-(DW1000Time const&) const
 .text._ZN10DW1000TimemLERKS_
                0x00000000080066ea       0x38 ./Core/Src/dw1000_lib/DW1000Time.o
                0x00000000080066ea                DW1000Time::operator*=(DW1000Time const&)
 .text._ZNK10DW1000TimemlERKS_
                0x0000000008006722       0x42 ./Core/Src/dw1000_lib/DW1000Time.o
                0x0000000008006722                DW1000Time::operator*(DW1000Time const&) const
 .text._ZN10DW1000TimedVERKS_
                0x0000000008006764       0x32 ./Core/Src/dw1000_lib/DW1000Time.o
                0x0000000008006764                DW1000Time::operator/=(DW1000Time const&)
 .text._ZNK10DW1000TimedvERKS_
                0x0000000008006796       0x42 ./Core/Src/dw1000_lib/DW1000Time.o
                0x0000000008006796                DW1000Time::operator/(DW1000Time const&) const
 .text._ZN18DW1000RangingClass14attachNewRangeEPFvvE
                0x00000000080067d8       0x20 ./Core/Src/main.o
                0x00000000080067d8                DW1000RangingClass::attachNewRange(void (*)())
 .text._ZN18DW1000RangingClass15attachNewDeviceEPFvP12DW1000DeviceE
                0x00000000080067f8       0x20 ./Core/Src/main.o
                0x00000000080067f8                DW1000RangingClass::attachNewDevice(void (*)(DW1000Device*))
 .text._ZN18DW1000RangingClass20attachInactiveDeviceEPFvP12DW1000DeviceE
                0x0000000008006818       0x20 ./Core/Src/main.o
                0x0000000008006818                DW1000RangingClass::attachInactiveDevice(void (*)(DW1000Device*))
 .text._Z8newRangev
                0x0000000008006838       0x50 ./Core/Src/main.o
                0x0000000008006838                newRange()
 .text._Z9newDeviceP12DW1000Device
                0x0000000008006888       0x38 ./Core/Src/main.o
                0x0000000008006888                newDevice(DW1000Device*)
 .text._Z14inactiveDeviceP12DW1000Device
                0x00000000080068c0       0x3c ./Core/Src/main.o
                0x00000000080068c0                inactiveDevice(DW1000Device*)
 .text._Z7dw_mainv
                0x00000000080068fc       0x84 ./Core/Src/main.o
                0x00000000080068fc                dw_main()
 .text.main     0x0000000008006980       0x28 ./Core/Src/main.o
                0x0000000008006980                main
 .text._Z18SystemClock_Configv
                0x00000000080069a8       0x96 ./Core/Src/main.o
                0x00000000080069a8                SystemClock_Config()
 *fill*         0x0000000008006a3e        0x2 
 .text._ZL12MX_SPI2_Initv
                0x0000000008006a40       0x84 ./Core/Src/main.o
 .text._ZL19MX_USART2_UART_Initv
                0x0000000008006ac4       0x68 ./Core/Src/main.o
 .text._ZL12MX_GPIO_Initv
                0x0000000008006b2c      0x144 ./Core/Src/main.o
 .text.HAL_TIM_PeriodElapsedCallback
                0x0000000008006c70       0x24 ./Core/Src/main.o
                0x0000000008006c70                HAL_TIM_PeriodElapsedCallback
 .text.Error_Handler
                0x0000000008006c94        0xa ./Core/Src/main.o
                0x0000000008006c94                Error_Handler
 *fill*         0x0000000008006c9e        0x2 
 .text.HAL_MspInit
                0x0000000008006ca0       0x58 ./Core/Src/stm32f3xx_hal_msp.o
                0x0000000008006ca0                HAL_MspInit
 .text.HAL_SPI_MspInit
                0x0000000008006cf8       0x98 ./Core/Src/stm32f3xx_hal_msp.o
                0x0000000008006cf8                HAL_SPI_MspInit
 .text.HAL_UART_MspInit
                0x0000000008006d90       0x84 ./Core/Src/stm32f3xx_hal_msp.o
                0x0000000008006d90                HAL_UART_MspInit
 .text.HAL_InitTick
                0x0000000008006e14       0xe0 ./Core/Src/stm32f3xx_hal_timebase_tim.o
                0x0000000008006e14                HAL_InitTick
 .text.NMI_Handler
                0x0000000008006ef4        0x6 ./Core/Src/stm32f3xx_it.o
                0x0000000008006ef4                NMI_Handler
 .text.HardFault_Handler
                0x0000000008006efa        0x6 ./Core/Src/stm32f3xx_it.o
                0x0000000008006efa                HardFault_Handler
 .text.MemManage_Handler
                0x0000000008006f00        0x6 ./Core/Src/stm32f3xx_it.o
                0x0000000008006f00                MemManage_Handler
 .text.BusFault_Handler
                0x0000000008006f06        0x6 ./Core/Src/stm32f3xx_it.o
                0x0000000008006f06                BusFault_Handler
 .text.UsageFault_Handler
                0x0000000008006f0c        0x6 ./Core/Src/stm32f3xx_it.o
                0x0000000008006f0c                UsageFault_Handler
 .text.SVC_Handler
                0x0000000008006f12        0xe ./Core/Src/stm32f3xx_it.o
                0x0000000008006f12                SVC_Handler
 .text.DebugMon_Handler
                0x0000000008006f20        0xe ./Core/Src/stm32f3xx_it.o
                0x0000000008006f20                DebugMon_Handler
 .text.PendSV_Handler
                0x0000000008006f2e        0xe ./Core/Src/stm32f3xx_it.o
                0x0000000008006f2e                PendSV_Handler
 .text.SysTick_Handler
                0x0000000008006f3c        0xe ./Core/Src/stm32f3xx_it.o
                0x0000000008006f3c                SysTick_Handler
 .text.RCC_IRQHandler
                0x0000000008006f4a        0xe ./Core/Src/stm32f3xx_it.o
                0x0000000008006f4a                RCC_IRQHandler
 .text.EXTI9_5_IRQHandler
                0x0000000008006f58       0x10 ./Core/Src/stm32f3xx_it.o
                0x0000000008006f58                EXTI9_5_IRQHandler
 .text.TIM1_UP_TIM16_IRQHandler
                0x0000000008006f68       0x14 ./Core/Src/stm32f3xx_it.o
                0x0000000008006f68                TIM1_UP_TIM16_IRQHandler
 .text.SPI2_IRQHandler
                0x0000000008006f7c       0x14 ./Core/Src/stm32f3xx_it.o
                0x0000000008006f7c                SPI2_IRQHandler
 .text.EXTI15_10_IRQHandler
                0x0000000008006f90       0x10 ./Core/Src/stm32f3xx_it.o
                0x0000000008006f90                EXTI15_10_IRQHandler
 .text._getpid  0x0000000008006fa0       0x10 ./Core/Src/syscalls.o
                0x0000000008006fa0                _getpid
 .text._kill    0x0000000008006fb0       0x20 ./Core/Src/syscalls.o
                0x0000000008006fb0                _kill
 .text._exit    0x0000000008006fd0       0x14 ./Core/Src/syscalls.o
                0x0000000008006fd0                _exit
 .text._read    0x0000000008006fe4       0x3a ./Core/Src/syscalls.o
                0x0000000008006fe4                _read
 .text._write   0x000000000800701e       0x38 ./Core/Src/syscalls.o
                0x000000000800701e                _write
 .text._close   0x0000000008007056       0x18 ./Core/Src/syscalls.o
                0x0000000008007056                _close
 .text._fstat   0x000000000800706e       0x20 ./Core/Src/syscalls.o
                0x000000000800706e                _fstat
 .text._isatty  0x000000000800708e       0x16 ./Core/Src/syscalls.o
                0x000000000800708e                _isatty
 .text._lseek   0x00000000080070a4       0x1a ./Core/Src/syscalls.o
                0x00000000080070a4                _lseek
 *fill*         0x00000000080070be        0x2 
 .text._sbrk    0x00000000080070c0       0x6c ./Core/Src/sysmem.o
                0x00000000080070c0                _sbrk
 .text.SystemInit
                0x000000000800712c       0x24 ./Core/Src/system_stm32f3xx.o
                0x000000000800712c                SystemInit
 .text.decamutexon
                0x0000000008007150       0x22 ./Core/Src/platform/deca_mutex.o
                0x0000000008007150                decamutexon
 .text.decamutexoff
                0x0000000008007172       0x1a ./Core/Src/platform/deca_mutex.o
                0x0000000008007172                decamutexoff
 .text.deca_sleep
                0x000000000800718c       0x16 ./Core/Src/platform/deca_sleep.o
                0x000000000800718c                deca_sleep
 *fill*         0x00000000080071a2        0x2 
 .text.writetospi
                0x00000000080071a4       0x68 ./Core/Src/platform/deca_spi.o
                0x00000000080071a4                writetospi
 .text.readfromspi
                0x000000000800720c       0x88 ./Core/Src/platform/deca_spi.o
                0x000000000800720c                readfromspi
 .text.__NVIC_EnableIRQ
                0x0000000008007294       0x3c ./Core/Src/platform/port.o
 .text.__NVIC_DisableIRQ
                0x00000000080072d0       0x48 ./Core/Src/platform/port.o
 .text.usleep   0x0000000008007318       0x54 ./Core/Src/platform/port.o
                0x0000000008007318                usleep
 .text.Sleep    0x000000000800736c       0x16 ./Core/Src/platform/port.o
                0x000000000800736c                Sleep
 *fill*         0x0000000008007382        0x2 
 .text.EXTI_GetITEnStatus
                0x0000000008007384       0x3c ./Core/Src/platform/port.o
                0x0000000008007384                EXTI_GetITEnStatus
 .text.reset_DW1000
                0x00000000080073c0       0x48 ./Core/Src/platform/port.o
                0x00000000080073c0                reset_DW1000
 .text.setup_DW1000RSTnIRQ
                0x0000000008007408       0x7a ./Core/Src/platform/port.o
                0x0000000008007408                setup_DW1000RSTnIRQ
 *fill*         0x0000000008007482        0x2 
 .text.port_set_dw1000_slowrate
                0x0000000008007484       0x18 ./Core/Src/platform/port.o
                0x0000000008007484                port_set_dw1000_slowrate
 .text.port_set_dw1000_fastrate
                0x000000000800749c       0x18 ./Core/Src/platform/port.o
                0x000000000800749c                port_set_dw1000_fastrate
 .text.HAL_GPIO_EXTI_Callback
                0x00000000080074b4       0x34 ./Core/Src/platform/port.o
                0x00000000080074b4                HAL_GPIO_EXTI_Callback
 .text.process_deca_irq
                0x00000000080074e8       0x20 ./Core/Src/platform/port.o
                0x00000000080074e8                process_deca_irq
 .text.port_DisableEXT_IRQ
                0x0000000008007508        0xe ./Core/Src/platform/port.o
                0x0000000008007508                port_DisableEXT_IRQ
 .text.port_EnableEXT_IRQ
                0x0000000008007516        0xe ./Core/Src/platform/port.o
                0x0000000008007516                port_EnableEXT_IRQ
 .text.port_GetEXT_IRQStatus
                0x0000000008007524       0x10 ./Core/Src/platform/port.o
                0x0000000008007524                port_GetEXT_IRQStatus
 .text.port_CheckEXT_IRQ
                0x0000000008007534       0x18 ./Core/Src/platform/port.o
                0x0000000008007534                port_CheckEXT_IRQ
 .text.port_set_deca_isr
                0x000000000800754c       0x38 ./Core/Src/platform/port.o
                0x000000000800754c                port_set_deca_isr
 .text.Reset_Handler
                0x0000000008007584       0x50 ./Core/Startup/startup_stm32f302r8tx.o
                0x0000000008007584                Reset_Handler
 .text.Default_Handler
                0x00000000080075d4        0x2 ./Core/Startup/startup_stm32f302r8tx.o
                0x00000000080075d4                RTC_Alarm_IRQHandler
                0x00000000080075d4                TIM1_CC_IRQHandler
                0x00000000080075d4                USB_HP_IRQHandler
                0x00000000080075d4                PVD_IRQHandler
                0x00000000080075d4                TAMP_STAMP_IRQHandler
                0x00000000080075d4                EXTI3_IRQHandler
                0x00000000080075d4                I2C3_ER_IRQHandler
                0x00000000080075d4                USB_HP_CAN_TX_IRQHandler
                0x00000000080075d4                EXTI0_IRQHandler
                0x00000000080075d4                I2C2_EV_IRQHandler
                0x00000000080075d4                FPU_IRQHandler
                0x00000000080075d4                CAN_SCE_IRQHandler
                0x00000000080075d4                TIM6_DAC_IRQHandler
                0x00000000080075d4                DMA1_Channel4_IRQHandler
                0x00000000080075d4                ADC1_IRQHandler
                0x00000000080075d4                USART3_IRQHandler
                0x00000000080075d4                DMA1_Channel7_IRQHandler
                0x00000000080075d4                CAN_RX1_IRQHandler
                0x00000000080075d4                I2C1_EV_IRQHandler
                0x00000000080075d4                DMA1_Channel6_IRQHandler
                0x00000000080075d4                DMA1_Channel1_IRQHandler
                0x00000000080075d4                Default_Handler
                0x00000000080075d4                USBWakeUp_RMP_IRQHandler
                0x00000000080075d4                COMP2_IRQHandler
                0x00000000080075d4                I2C3_EV_IRQHandler
                0x00000000080075d4                RTC_WKUP_IRQHandler
                0x00000000080075d4                USB_LP_CAN_RX0_IRQHandler
                0x00000000080075d4                DMA1_Channel5_IRQHandler
                0x00000000080075d4                USB_LP_IRQHandler
                0x00000000080075d4                EXTI4_IRQHandler
                0x00000000080075d4                TIM1_TRG_COM_TIM17_IRQHandler
                0x00000000080075d4                DMA1_Channel3_IRQHandler
                0x00000000080075d4                WWDG_IRQHandler
                0x00000000080075d4                TIM2_IRQHandler
                0x00000000080075d4                EXTI1_IRQHandler
                0x00000000080075d4                COMP4_6_IRQHandler
                0x00000000080075d4                USART2_IRQHandler
                0x00000000080075d4                I2C2_ER_IRQHandler
                0x00000000080075d4                DMA1_Channel2_IRQHandler
                0x00000000080075d4                FLASH_IRQHandler
                0x00000000080075d4                USART1_IRQHandler
                0x00000000080075d4                SPI3_IRQHandler
                0x00000000080075d4                I2C1_ER_IRQHandler
                0x00000000080075d4                USBWakeUp_IRQHandler
                0x00000000080075d4                EXTI2_TSC_IRQHandler
                0x00000000080075d4                TIM1_BRK_TIM15_IRQHandler
 *fill*         0x00000000080075d6        0x2 
 .text.HAL_Init
                0x00000000080075d8       0x2c ./Drivers/STM32F3xx_HAL_Driver/Src/stm32f3xx_hal.o
                0x00000000080075d8                HAL_Init
 .text.HAL_IncTick
                0x0000000008007604       0x28 ./Drivers/STM32F3xx_HAL_Driver/Src/stm32f3xx_hal.o
                0x0000000008007604                HAL_IncTick
 .text.HAL_GetTick
                0x000000000800762c       0x18 ./Drivers/STM32F3xx_HAL_Driver/Src/stm32f3xx_hal.o
                0x000000000800762c                HAL_GetTick
 .text.HAL_Delay
                0x0000000008007644       0x48 ./Drivers/STM32F3xx_HAL_Driver/Src/stm32f3xx_hal.o
                0x0000000008007644                HAL_Delay
 .text.__NVIC_SetPriorityGrouping
                0x000000000800768c       0x48 ./Drivers/STM32F3xx_HAL_Driver/Src/stm32f3xx_hal_cortex.o
 .text.__NVIC_GetPriorityGrouping
                0x00000000080076d4       0x1c ./Drivers/STM32F3xx_HAL_Driver/Src/stm32f3xx_hal_cortex.o
 .text.__NVIC_EnableIRQ
                0x00000000080076f0       0x3c ./Drivers/STM32F3xx_HAL_Driver/Src/stm32f3xx_hal_cortex.o
 .text.__NVIC_DisableIRQ
                0x000000000800772c       0x48 ./Drivers/STM32F3xx_HAL_Driver/Src/stm32f3xx_hal_cortex.o
 .text.__NVIC_SetPriority
                0x0000000008007774       0x54 ./Drivers/STM32F3xx_HAL_Driver/Src/stm32f3xx_hal_cortex.o
 .text.NVIC_EncodePriority
                0x00000000080077c8       0x66 ./Drivers/STM32F3xx_HAL_Driver/Src/stm32f3xx_hal_cortex.o
 .text.HAL_NVIC_SetPriorityGrouping
                0x000000000800782e       0x16 ./Drivers/STM32F3xx_HAL_Driver/Src/stm32f3xx_hal_cortex.o
                0x000000000800782e                HAL_NVIC_SetPriorityGrouping
 .text.HAL_NVIC_SetPriority
                0x0000000008007844       0x38 ./Drivers/STM32F3xx_HAL_Driver/Src/stm32f3xx_hal_cortex.o
                0x0000000008007844                HAL_NVIC_SetPriority
 .text.HAL_NVIC_EnableIRQ
                0x000000000800787c       0x1c ./Drivers/STM32F3xx_HAL_Driver/Src/stm32f3xx_hal_cortex.o
                0x000000000800787c                HAL_NVIC_EnableIRQ
 .text.HAL_NVIC_DisableIRQ
                0x0000000008007898       0x1c ./Drivers/STM32F3xx_HAL_Driver/Src/stm32f3xx_hal_cortex.o
                0x0000000008007898                HAL_NVIC_DisableIRQ
 .text.HAL_DMA_Abort_IT
                0x00000000080078b4       0x7c ./Drivers/STM32F3xx_HAL_Driver/Src/stm32f3xx_hal_dma.o
                0x00000000080078b4                HAL_DMA_Abort_IT
 .text.HAL_GPIO_Init
                0x0000000008007930      0x2e4 ./Drivers/STM32F3xx_HAL_Driver/Src/stm32f3xx_hal_gpio.o
                0x0000000008007930                HAL_GPIO_Init
 .text.HAL_GPIO_ReadPin
                0x0000000008007c14       0x30 ./Drivers/STM32F3xx_HAL_Driver/Src/stm32f3xx_hal_gpio.o
                0x0000000008007c14                HAL_GPIO_ReadPin
 .text.HAL_GPIO_WritePin
                0x0000000008007c44       0x30 ./Drivers/STM32F3xx_HAL_Driver/Src/stm32f3xx_hal_gpio.o
                0x0000000008007c44                HAL_GPIO_WritePin
 .text.HAL_GPIO_EXTI_IRQHandler
                0x0000000008007c74       0x30 ./Drivers/STM32F3xx_HAL_Driver/Src/stm32f3xx_hal_gpio.o
                0x0000000008007c74                HAL_GPIO_EXTI_IRQHandler
 .text.HAL_RCC_OscConfig
                0x0000000008007ca4     0x107c ./Drivers/STM32F3xx_HAL_Driver/Src/stm32f3xx_hal_rcc.o
                0x0000000008007ca4                HAL_RCC_OscConfig
 .text.HAL_RCC_ClockConfig
                0x0000000008008d20      0x2f8 ./Drivers/STM32F3xx_HAL_Driver/Src/stm32f3xx_hal_rcc.o
                0x0000000008008d20                HAL_RCC_ClockConfig
 .text.HAL_RCC_GetSysClockFreq
                0x0000000008009018       0xd4 ./Drivers/STM32F3xx_HAL_Driver/Src/stm32f3xx_hal_rcc.o
                0x0000000008009018                HAL_RCC_GetSysClockFreq
 .text.HAL_RCC_GetHCLKFreq
                0x00000000080090ec       0x18 ./Drivers/STM32F3xx_HAL_Driver/Src/stm32f3xx_hal_rcc.o
                0x00000000080090ec                HAL_RCC_GetHCLKFreq
 .text.HAL_RCC_GetPCLK1Freq
                0x0000000008009104       0x44 ./Drivers/STM32F3xx_HAL_Driver/Src/stm32f3xx_hal_rcc.o
                0x0000000008009104                HAL_RCC_GetPCLK1Freq
 .text.HAL_RCC_GetPCLK2Freq
                0x0000000008009148       0x44 ./Drivers/STM32F3xx_HAL_Driver/Src/stm32f3xx_hal_rcc.o
                0x0000000008009148                HAL_RCC_GetPCLK2Freq
 .text.HAL_RCC_GetClockConfig
                0x000000000800918c       0x64 ./Drivers/STM32F3xx_HAL_Driver/Src/stm32f3xx_hal_rcc.o
                0x000000000800918c                HAL_RCC_GetClockConfig
 .text.HAL_SPI_Init
                0x00000000080091f0      0x156 ./Drivers/STM32F3xx_HAL_Driver/Src/stm32f3xx_hal_spi.o
                0x00000000080091f0                HAL_SPI_Init
 .text.HAL_SPI_Transmit
                0x0000000008009346      0x2ea ./Drivers/STM32F3xx_HAL_Driver/Src/stm32f3xx_hal_spi.o
                0x0000000008009346                HAL_SPI_Transmit
 .text.HAL_SPI_TransmitReceive
                0x0000000008009630      0x444 ./Drivers/STM32F3xx_HAL_Driver/Src/stm32f3xx_hal_spi.o
                0x0000000008009630                HAL_SPI_TransmitReceive
 .text.HAL_SPI_IRQHandler
                0x0000000008009a74      0x200 ./Drivers/STM32F3xx_HAL_Driver/Src/stm32f3xx_hal_spi.o
                0x0000000008009a74                HAL_SPI_IRQHandler
 .text.HAL_SPI_ErrorCallback
                0x0000000008009c74       0x14 ./Drivers/STM32F3xx_HAL_Driver/Src/stm32f3xx_hal_spi.o
                0x0000000008009c74                HAL_SPI_ErrorCallback
 .text.HAL_SPI_GetState
                0x0000000008009c88       0x1c ./Drivers/STM32F3xx_HAL_Driver/Src/stm32f3xx_hal_spi.o
                0x0000000008009c88                HAL_SPI_GetState
 .text.SPI_DMAAbortOnError
                0x0000000008009ca4       0x2a ./Drivers/STM32F3xx_HAL_Driver/Src/stm32f3xx_hal_spi.o
 *fill*         0x0000000008009cce        0x2 
 .text.SPI_WaitFlagStateUntilTimeout
                0x0000000008009cd0      0x110 ./Drivers/STM32F3xx_HAL_Driver/Src/stm32f3xx_hal_spi.o
 .text.SPI_WaitFifoStateUntilTimeout
                0x0000000008009de0      0x12c ./Drivers/STM32F3xx_HAL_Driver/Src/stm32f3xx_hal_spi.o
 .text.SPI_EndRxTxTransaction
                0x0000000008009f0c       0x8c ./Drivers/STM32F3xx_HAL_Driver/Src/stm32f3xx_hal_spi.o
 .text.HAL_TIM_Base_Init
                0x0000000008009f98       0xae ./Drivers/STM32F3xx_HAL_Driver/Src/stm32f3xx_hal_tim.o
                0x0000000008009f98                HAL_TIM_Base_Init
 .text.HAL_TIM_Base_MspInit
                0x000000000800a046       0x14 ./Drivers/STM32F3xx_HAL_Driver/Src/stm32f3xx_hal_tim.o
                0x000000000800a046                HAL_TIM_Base_MspInit
 *fill*         0x000000000800a05a        0x2 
 .text.HAL_TIM_Base_Start_IT
                0x000000000800a05c       0xa8 ./Drivers/STM32F3xx_HAL_Driver/Src/stm32f3xx_hal_tim.o
                0x000000000800a05c                HAL_TIM_Base_Start_IT
 .text.HAL_TIM_IRQHandler
                0x000000000800a104      0x23e ./Drivers/STM32F3xx_HAL_Driver/Src/stm32f3xx_hal_tim.o
                0x000000000800a104                HAL_TIM_IRQHandler
 .text.HAL_TIM_OC_DelayElapsedCallback
                0x000000000800a342       0x14 ./Drivers/STM32F3xx_HAL_Driver/Src/stm32f3xx_hal_tim.o
                0x000000000800a342                HAL_TIM_OC_DelayElapsedCallback
 .text.HAL_TIM_IC_CaptureCallback
                0x000000000800a356       0x14 ./Drivers/STM32F3xx_HAL_Driver/Src/stm32f3xx_hal_tim.o
                0x000000000800a356                HAL_TIM_IC_CaptureCallback
 .text.HAL_TIM_PWM_PulseFinishedCallback
                0x000000000800a36a       0x14 ./Drivers/STM32F3xx_HAL_Driver/Src/stm32f3xx_hal_tim.o
                0x000000000800a36a                HAL_TIM_PWM_PulseFinishedCallback
 .text.HAL_TIM_TriggerCallback
                0x000000000800a37e       0x14 ./Drivers/STM32F3xx_HAL_Driver/Src/stm32f3xx_hal_tim.o
                0x000000000800a37e                HAL_TIM_TriggerCallback
 *fill*         0x000000000800a392        0x2 
 .text.TIM_Base_SetConfig
                0x000000000800a394       0xdc ./Drivers/STM32F3xx_HAL_Driver/Src/stm32f3xx_hal_tim.o
                0x000000000800a394                TIM_Base_SetConfig
 .text.HAL_TIMEx_CommutCallback
                0x000000000800a470       0x14 ./Drivers/STM32F3xx_HAL_Driver/Src/stm32f3xx_hal_tim_ex.o
                0x000000000800a470                HAL_TIMEx_CommutCallback
 .text.HAL_TIMEx_BreakCallback
                0x000000000800a484       0x14 ./Drivers/STM32F3xx_HAL_Driver/Src/stm32f3xx_hal_tim_ex.o
                0x000000000800a484                HAL_TIMEx_BreakCallback
 .text.HAL_TIMEx_Break2Callback
                0x000000000800a498       0x14 ./Drivers/STM32F3xx_HAL_Driver/Src/stm32f3xx_hal_tim_ex.o
                0x000000000800a498                HAL_TIMEx_Break2Callback
 .text.HAL_UART_Init
                0x000000000800a4ac       0x9c ./Drivers/STM32F3xx_HAL_Driver/Src/stm32f3xx_hal_uart.o
                0x000000000800a4ac                HAL_UART_Init
 .text.HAL_UART_Transmit
                0x000000000800a548      0x114 ./Drivers/STM32F3xx_HAL_Driver/Src/stm32f3xx_hal_uart.o
                0x000000000800a548                HAL_UART_Transmit
 .text.UART_SetConfig
                0x000000000800a65c      0x26c ./Drivers/STM32F3xx_HAL_Driver/Src/stm32f3xx_hal_uart.o
                0x000000000800a65c                UART_SetConfig
 .text.UART_AdvFeatureConfig
                0x000000000800a8c8      0x144 ./Drivers/STM32F3xx_HAL_Driver/Src/stm32f3xx_hal_uart.o
                0x000000000800a8c8                UART_AdvFeatureConfig
 .text.UART_CheckIdleState
                0x000000000800aa0c      0x150 ./Drivers/STM32F3xx_HAL_Driver/Src/stm32f3xx_hal_uart.o
                0x000000000800aa0c                UART_CheckIdleState
 .text.UART_WaitOnFlagUntilTimeout
                0x000000000800ab5c       0xce ./Drivers/STM32F3xx_HAL_Driver/Src/stm32f3xx_hal_uart.o
                0x000000000800ab5c                UART_WaitOnFlagUntilTimeout
 .text.UART_EndRxTransfer
                0x000000000800ac2a       0xc8 ./Drivers/STM32F3xx_HAL_Driver/Src/stm32f3xx_hal_uart.o
 *fill*         0x000000000800acf2        0x2 
 .text.roundf   0x000000000800acf4       0x48 /opt/st/stm32cubeide_1.12.1/plugins/com.st.stm32cube.ide.mcu.externaltools.gnu-tools-for-stm32.10.3-2021.10.linux64_1.0.200.202301161003/tools/bin/../lib/gcc/arm-none-eabi/10.3.1/../../../../arm-none-eabi/lib/thumb/v7e-m+fp/hard/libm.a(lib_a-sf_round.o)
                0x000000000800acf4                roundf
 .text.log10f   0x000000000800ad3c       0x5c /opt/st/stm32cubeide_1.12.1/plugins/com.st.stm32cube.ide.mcu.externaltools.gnu-tools-for-stm32.10.3-2021.10.linux64_1.0.200.202301161003/tools/bin/../lib/gcc/arm-none-eabi/10.3.1/../../../../arm-none-eabi/lib/thumb/v7e-m+fp/hard/libm.a(lib_a-wf_log10.o)
                0x000000000800ad3c                log10f
 .text.__ieee754_log10f
                0x000000000800ad98       0xb0 /opt/st/stm32cubeide_1.12.1/plugins/com.st.stm32cube.ide.mcu.externaltools.gnu-tools-for-stm32.10.3-2021.10.linux64_1.0.200.202301161003/tools/bin/../lib/gcc/arm-none-eabi/10.3.1/../../../../arm-none-eabi/lib/thumb/v7e-m+fp/hard/libm.a(lib_a-ef_log10.o)
                0x000000000800ad98                __ieee754_log10f
 .text.nanf     0x000000000800ae48        0xc /opt/st/stm32cubeide_1.12.1/plugins/com.st.stm32cube.ide.mcu.externaltools.gnu-tools-for-stm32.10.3-2021.10.linux64_1.0.200.202301161003/tools/bin/../lib/gcc/arm-none-eabi/10.3.1/../../../../arm-none-eabi/lib/thumb/v7e-m+fp/hard/libm.a(lib_a-sf_nan.o)
                0x000000000800ae48                nanf
 .text.__ieee754_logf
                0x000000000800ae54      0x1e0 /opt/st/stm32cubeide_1.12.1/plugins/com.st.stm32cube.ide.mcu.externaltools.gnu-tools-for-stm32.10.3-2021.10.linux64_1.0.200.202301161003/tools/bin/../lib/gcc/arm-none-eabi/10.3.1/../../../../arm-none-eabi/lib/thumb/v7e-m+fp/hard/libm.a(lib_a-ef_log.o)
                0x000000000800ae54                __ieee754_logf
 .text.__errno  0x000000000800b034        0xc /opt/st/stm32cubeide_1.12.1/plugins/com.st.stm32cube.ide.mcu.externaltools.gnu-tools-for-stm32.10.3-2021.10.linux64_1.0.200.202301161003/tools/bin/../lib/gcc/arm-none-eabi/10.3.1/../../../../arm-none-eabi/lib/thumb/v7e-m+fp/hard/libc_nano.a(lib_a-errno.o)
                0x000000000800b034                __errno
 .text.__libc_init_array
                0x000000000800b040       0x48 /opt/st/stm32cubeide_1.12.1/plugins/com.st.stm32cube.ide.mcu.externaltools.gnu-tools-for-stm32.10.3-2021.10.linux64_1.0.200.202301161003/tools/bin/../lib/gcc/arm-none-eabi/10.3.1/../../../../arm-none-eabi/lib/thumb/v7e-m+fp/hard/libc_nano.a(lib_a-init.o)
                0x000000000800b040                __libc_init_array
 .text.malloc   0x000000000800b088       0x10 /opt/st/stm32cubeide_1.12.1/plugins/com.st.stm32cube.ide.mcu.externaltools.gnu-tools-for-stm32.10.3-2021.10.linux64_1.0.200.202301161003/tools/bin/../lib/gcc/arm-none-eabi/10.3.1/../../../../arm-none-eabi/lib/thumb/v7e-m+fp/hard/libc_nano.a(lib_a-malloc.o)
                0x000000000800b088                malloc
 .text.memcmp   0x000000000800b098       0x20 /opt/st/stm32cubeide_1.12.1/plugins/com.st.stm32cube.ide.mcu.externaltools.gnu-tools-for-stm32.10.3-2021.10.linux64_1.0.200.202301161003/tools/bin/../lib/gcc/arm-none-eabi/10.3.1/../../../../arm-none-eabi/lib/thumb/v7e-m+fp/hard/libc_nano.a(lib_a-memcmp.o)
                0x000000000800b098                memcmp
 .text.memcpy   0x000000000800b0b8       0x1c /opt/st/stm32cubeide_1.12.1/plugins/com.st.stm32cube.ide.mcu.externaltools.gnu-tools-for-stm32.10.3-2021.10.linux64_1.0.200.202301161003/tools/bin/../lib/gcc/arm-none-eabi/10.3.1/../../../../arm-none-eabi/lib/thumb/v7e-m+fp/hard/libc_nano.a(lib_a-memcpy-stub.o)
                0x000000000800b0b8                memcpy
 .text.memset   0x000000000800b0d4       0x10 /opt/st/stm32cubeide_1.12.1/plugins/com.st.stm32cube.ide.mcu.externaltools.gnu-tools-for-stm32.10.3-2021.10.linux64_1.0.200.202301161003/tools/bin/../lib/gcc/arm-none-eabi/10.3.1/../../../../arm-none-eabi/lib/thumb/v7e-m+fp/hard/libc_nano.a(lib_a-memset.o)
                0x000000000800b0d4                memset
 .text._free_r  0x000000000800b0e4       0x98 /opt/st/stm32cubeide_1.12.1/plugins/com.st.stm32cube.ide.mcu.externaltools.gnu-tools-for-stm32.10.3-2021.10.linux64_1.0.200.202301161003/tools/bin/../lib/gcc/arm-none-eabi/10.3.1/../../../../arm-none-eabi/lib/thumb/v7e-m+fp/hard/libc_nano.a(lib_a-nano-freer.o)
                0x000000000800b0e4                _free_r
 .text.sbrk_aligned
                0x000000000800b17c       0x40 /opt/st/stm32cubeide_1.12.1/plugins/com.st.stm32cube.ide.mcu.externaltools.gnu-tools-for-stm32.10.3-2021.10.linux64_1.0.200.202301161003/tools/bin/../lib/gcc/arm-none-eabi/10.3.1/../../../../arm-none-eabi/lib/thumb/v7e-m+fp/hard/libc_nano.a(lib_a-nano-mallocr.o)
 .text._malloc_r
                0x000000000800b1bc       0xe8 /opt/st/stm32cubeide_1.12.1/plugins/com.st.stm32cube.ide.mcu.externaltools.gnu-tools-for-stm32.10.3-2021.10.linux64_1.0.200.202301161003/tools/bin/../lib/gcc/arm-none-eabi/10.3.1/../../../../arm-none-eabi/lib/thumb/v7e-m+fp/hard/libc_nano.a(lib_a-nano-mallocr.o)
                0x000000000800b1bc                _malloc_r
 .text.__cvt    0x000000000800b2a4       0xc4 /opt/st/stm32cubeide_1.12.1/plugins/com.st.stm32cube.ide.mcu.externaltools.gnu-tools-for-stm32.10.3-2021.10.linux64_1.0.200.202301161003/tools/bin/../lib/gcc/arm-none-eabi/10.3.1/../../../../arm-none-eabi/lib/thumb/v7e-m+fp/hard/libc_nano.a(lib_a-nano-vfprintf_float.o)
                0x000000000800b2a4                __cvt
 .text.__exponent
                0x000000000800b368       0x7c /opt/st/stm32cubeide_1.12.1/plugins/com.st.stm32cube.ide.mcu.externaltools.gnu-tools-for-stm32.10.3-2021.10.linux64_1.0.200.202301161003/tools/bin/../lib/gcc/arm-none-eabi/10.3.1/../../../../arm-none-eabi/lib/thumb/v7e-m+fp/hard/libc_nano.a(lib_a-nano-vfprintf_float.o)
                0x000000000800b368                __exponent
 .text._printf_float
                0x000000000800b3e4      0x46c /opt/st/stm32cubeide_1.12.1/plugins/com.st.stm32cube.ide.mcu.externaltools.gnu-tools-for-stm32.10.3-2021.10.linux64_1.0.200.202301161003/tools/bin/../lib/gcc/arm-none-eabi/10.3.1/../../../../arm-none-eabi/lib/thumb/v7e-m+fp/hard/libc_nano.a(lib_a-nano-vfprintf_float.o)
                0x000000000800b3e4                _printf_float
 .text._printf_common
                0x000000000800b850       0xda /opt/st/stm32cubeide_1.12.1/plugins/com.st.stm32cube.ide.mcu.externaltools.gnu-tools-for-stm32.10.3-2021.10.linux64_1.0.200.202301161003/tools/bin/../lib/gcc/arm-none-eabi/10.3.1/../../../../arm-none-eabi/lib/thumb/v7e-m+fp/hard/libc_nano.a(lib_a-nano-vfprintf_i.o)
                0x000000000800b850                _printf_common
 *fill*         0x000000000800b92a        0x2 
 .text._printf_i
                0x000000000800b92c      0x24c /opt/st/stm32cubeide_1.12.1/plugins/com.st.stm32cube.ide.mcu.externaltools.gnu-tools-for-stm32.10.3-2021.10.linux64_1.0.200.202301161003/tools/bin/../lib/gcc/arm-none-eabi/10.3.1/../../../../arm-none-eabi/lib/thumb/v7e-m+fp/hard/libc_nano.a(lib_a-nano-vfprintf_i.o)
                0x000000000800b92c                _printf_i
 .text.rand     0x000000000800bb78       0x7c /opt/st/stm32cubeide_1.12.1/plugins/com.st.stm32cube.ide.mcu.externaltools.gnu-tools-for-stm32.10.3-2021.10.linux64_1.0.200.202301161003/tools/bin/../lib/gcc/arm-none-eabi/10.3.1/../../../../arm-none-eabi/lib/thumb/v7e-m+fp/hard/libc_nano.a(lib_a-rand.o)
                0x000000000800bb78                rand
 .text._sbrk_r  0x000000000800bbf4       0x20 /opt/st/stm32cubeide_1.12.1/plugins/com.st.stm32cube.ide.mcu.externaltools.gnu-tools-for-stm32.10.3-2021.10.linux64_1.0.200.202301161003/tools/bin/../lib/gcc/arm-none-eabi/10.3.1/../../../../arm-none-eabi/lib/thumb/v7e-m+fp/hard/libc_nano.a(lib_a-sbrkr.o)
                0x000000000800bbf4                _sbrk_r
 .text.sprintf  0x000000000800bc14       0x40 /opt/st/stm32cubeide_1.12.1/plugins/com.st.stm32cube.ide.mcu.externaltools.gnu-tools-for-stm32.10.3-2021.10.linux64_1.0.200.202301161003/tools/bin/../lib/gcc/arm-none-eabi/10.3.1/../../../../arm-none-eabi/lib/thumb/v7e-m+fp/hard/libc_nano.a(lib_a-sprintf.o)
                0x000000000800bc14                sprintf
                0x000000000800bc14                siprintf
 .text.__assert_func
                0x000000000800bc54       0x3c /opt/st/stm32cubeide_1.12.1/plugins/com.st.stm32cube.ide.mcu.externaltools.gnu-tools-for-stm32.10.3-2021.10.linux64_1.0.200.202301161003/tools/bin/../lib/gcc/arm-none-eabi/10.3.1/../../../../arm-none-eabi/lib/thumb/v7e-m+fp/hard/libc_nano.a(lib_a-assert.o)
                0x000000000800bc54                __assert_func
 .text.quorem   0x000000000800bc90      0x116 /opt/st/stm32cubeide_1.12.1/plugins/com.st.stm32cube.ide.mcu.externaltools.gnu-tools-for-stm32.10.3-2021.10.linux64_1.0.200.202301161003/tools/bin/../lib/gcc/arm-none-eabi/10.3.1/../../../../arm-none-eabi/lib/thumb/v7e-m+fp/hard/libc_nano.a(lib_a-dtoa.o)
 *fill*         0x000000000800bda6        0x2 
 .text._dtoa_r  0x000000000800bda8      0xbdc /opt/st/stm32cubeide_1.12.1/plugins/com.st.stm32cube.ide.mcu.externaltools.gnu-tools-for-stm32.10.3-2021.10.linux64_1.0.200.202301161003/tools/bin/../lib/gcc/arm-none-eabi/10.3.1/../../../../arm-none-eabi/lib/thumb/v7e-m+fp/hard/libc_nano.a(lib_a-dtoa.o)
                0x000000000800bda8                _dtoa_r
 .text.fprintf  0x000000000800c984       0x24 /opt/st/stm32cubeide_1.12.1/plugins/com.st.stm32cube.ide.mcu.externaltools.gnu-tools-for-stm32.10.3-2021.10.linux64_1.0.200.202301161003/tools/bin/../lib/gcc/arm-none-eabi/10.3.1/../../../../arm-none-eabi/lib/thumb/v7e-m+fp/hard/libc_nano.a(lib_a-fprintf.o)
                0x000000000800c984                fprintf
                0x000000000800c984                fiprintf
 .text._localeconv_r
                0x000000000800c9a8        0x8 /opt/st/stm32cubeide_1.12.1/plugins/com.st.stm32cube.ide.mcu.externaltools.gnu-tools-for-stm32.10.3-2021.10.linux64_1.0.200.202301161003/tools/bin/../lib/gcc/arm-none-eabi/10.3.1/../../../../arm-none-eabi/lib/thumb/v7e-m+fp/hard/libc_nano.a(lib_a-localeconv.o)
                0x000000000800c9a8                _localeconv_r
 .text.__malloc_lock
                0x000000000800c9b0        0xc /opt/st/stm32cubeide_1.12.1/plugins/com.st.stm32cube.ide.mcu.externaltools.gnu-tools-for-stm32.10.3-2021.10.linux64_1.0.200.202301161003/tools/bin/../lib/gcc/arm-none-eabi/10.3.1/../../../../arm-none-eabi/lib/thumb/v7e-m+fp/hard/libc_nano.a(lib_a-mlock.o)
                0x000000000800c9b0                __malloc_lock
 .text.__malloc_unlock
                0x000000000800c9bc        0xc /opt/st/stm32cubeide_1.12.1/plugins/com.st.stm32cube.ide.mcu.externaltools.gnu-tools-for-stm32.10.3-2021.10.linux64_1.0.200.202301161003/tools/bin/../lib/gcc/arm-none-eabi/10.3.1/../../../../arm-none-eabi/lib/thumb/v7e-m+fp/hard/libc_nano.a(lib_a-mlock.o)
                0x000000000800c9bc                __malloc_unlock
 .text._Balloc  0x000000000800c9c8       0x80 /opt/st/stm32cubeide_1.12.1/plugins/com.st.stm32cube.ide.mcu.externaltools.gnu-tools-for-stm32.10.3-2021.10.linux64_1.0.200.202301161003/tools/bin/../lib/gcc/arm-none-eabi/10.3.1/../../../../arm-none-eabi/lib/thumb/v7e-m+fp/hard/libc_nano.a(lib_a-mprec.o)
                0x000000000800c9c8                _Balloc
 .text._Bfree   0x000000000800ca48       0x44 /opt/st/stm32cubeide_1.12.1/plugins/com.st.stm32cube.ide.mcu.externaltools.gnu-tools-for-stm32.10.3-2021.10.linux64_1.0.200.202301161003/tools/bin/../lib/gcc/arm-none-eabi/10.3.1/../../../../arm-none-eabi/lib/thumb/v7e-m+fp/hard/libc_nano.a(lib_a-mprec.o)
                0x000000000800ca48                _Bfree
 .text.__multadd
                0x000000000800ca8c       0x8c /opt/st/stm32cubeide_1.12.1/plugins/com.st.stm32cube.ide.mcu.externaltools.gnu-tools-for-stm32.10.3-2021.10.linux64_1.0.200.202301161003/tools/bin/../lib/gcc/arm-none-eabi/10.3.1/../../../../arm-none-eabi/lib/thumb/v7e-m+fp/hard/libc_nano.a(lib_a-mprec.o)
                0x000000000800ca8c                __multadd
 .text.__hi0bits
                0x000000000800cb18       0x40 /opt/st/stm32cubeide_1.12.1/plugins/com.st.stm32cube.ide.mcu.externaltools.gnu-tools-for-stm32.10.3-2021.10.linux64_1.0.200.202301161003/tools/bin/../lib/gcc/arm-none-eabi/10.3.1/../../../../arm-none-eabi/lib/thumb/v7e-m+fp/hard/libc_nano.a(lib_a-mprec.o)
                0x000000000800cb18                __hi0bits
 .text.__lo0bits
                0x000000000800cb58       0x5e /opt/st/stm32cubeide_1.12.1/plugins/com.st.stm32cube.ide.mcu.externaltools.gnu-tools-for-stm32.10.3-2021.10.linux64_1.0.200.202301161003/tools/bin/../lib/gcc/arm-none-eabi/10.3.1/../../../../arm-none-eabi/lib/thumb/v7e-m+fp/hard/libc_nano.a(lib_a-mprec.o)
                0x000000000800cb58                __lo0bits
 *fill*         0x000000000800cbb6        0x2 
 .text.__i2b    0x000000000800cbb8       0x2c /opt/st/stm32cubeide_1.12.1/plugins/com.st.stm32cube.ide.mcu.externaltools.gnu-tools-for-stm32.10.3-2021.10.linux64_1.0.200.202301161003/tools/bin/../lib/gcc/arm-none-eabi/10.3.1/../../../../arm-none-eabi/lib/thumb/v7e-m+fp/hard/libc_nano.a(lib_a-mprec.o)
                0x000000000800cbb8                __i2b
 .text.__multiply
                0x000000000800cbe4      0x154 /opt/st/stm32cubeide_1.12.1/plugins/com.st.stm32cube.ide.mcu.externaltools.gnu-tools-for-stm32.10.3-2021.10.linux64_1.0.200.202301161003/tools/bin/../lib/gcc/arm-none-eabi/10.3.1/../../../../arm-none-eabi/lib/thumb/v7e-m+fp/hard/libc_nano.a(lib_a-mprec.o)
                0x000000000800cbe4                __multiply
 .text.__pow5mult