Archive member included to satisfy reference by file (symbol)

/opt/st/stm32cubeide_1.12.1/plugins/com.st.stm32cube.ide.mcu.externaltools.gnu-tools-for-stm32.10.3-2021.10.linux64_1.0.200.202301161003/tools/bin/../lib/gcc/arm-none-eabi/10.3.1/../../../../arm-none-eabi/lib/thumb/v7e-m+fp/hard/libm.a(lib_a-sf_round.o)
                              ./Core/Src/dw1000_lib/DW1000Device.o (roundf)
/opt/st/stm32cubeide_1.12.1/plugins/com.st.stm32cube.ide.mcu.externaltools.gnu-tools-for-stm32.10.3-2021.10.linux64_1.0.200.202301161003/tools/bin/../lib/gcc/arm-none-eabi/10.3.1/../../../../arm-none-eabi/lib/thumb/v7e-m+fp/hard/libm.a(lib_a-wf_log10.o)
                              ./Core/Src/dw1000_lib/DW1000.o (log10f)
/opt/st/stm32cubeide_1.12.1/plugins/com.st.stm32cube.ide.mcu.externaltools.gnu-tools-for-stm32.10.3-2021.10.linux64_1.0.200.202301161003/tools/bin/../lib/gcc/arm-none-eabi/10.3.1/../../../../arm-none-eabi/lib/thumb/v7e-m+fp/hard/libm.a(lib_a-ef_log10.o)
                              /opt/st/stm32cubeide_1.12.1/plugins/com.st.stm32cube.ide.mcu.externaltools.gnu-tools-for-stm32.10.3-2021.10.linux64_1.0.200.202301161003/tools/bin/../lib/gcc/arm-none-eabi/10.3.1/../../../../arm-none-eabi/lib/thumb/v7e-m+fp/hard/libm.a(lib_a-wf_log10.o) (__ieee754_log10f)
/opt/st/stm32cubeide_1.12.1/plugins/com.st.stm32cube.ide.mcu.externaltools.gnu-tools-for-stm32.10.3-2021.10.linux64_1.0.200.202301161003/tools/bin/../lib/gcc/arm-none-eabi/10.3.1/../../../../arm-none-eabi/lib/thumb/v7e-m+fp/hard/libm.a(lib_a-sf_nan.o)
                              /opt/st/stm32cubeide_1.12.1/plugins/com.st.stm32cube.ide.mcu.externaltools.gnu-tools-for-stm32.10.3-2021.10.linux64_1.0.200.202301161003/tools/bin/../lib/gcc/arm-none-eabi/10.3.1/../../../../arm-none-eabi/lib/thumb/v7e-m+fp/hard/libm.a(lib_a-wf_log10.o) (nanf)
/opt/st/stm32cubeide_1.12.1/plugins/com.st.stm32cube.ide.mcu.externaltools.gnu-tools-for-stm32.10.3-2021.10.linux64_1.0.200.202301161003/tools/bin/../lib/gcc/arm-none-eabi/10.3.1/../../../../arm-none-eabi/lib/thumb/v7e-m+fp/hard/libm.a(lib_a-ef_log.o)
                              /opt/st/stm32cubeide_1.12.1/plugins/com.st.stm32cube.ide.mcu.externaltools.gnu-tools-for-stm32.10.3-2021.10.linux64_1.0.200.202301161003/tools/bin/../lib/gcc/arm-none-eabi/10.3.1/../../../../arm-none-eabi/lib/thumb/v7e-m+fp/hard/libm.a(lib_a-ef_log10.o) (__ieee754_logf)
/opt/st/stm32cubeide_1.12.1/plugins/com.st.stm32cube.ide.mcu.externaltools.gnu-tools-for-stm32.10.3-2021.10.linux64_1.0.200.202301161003/tools/bin/../lib/gcc/arm-none-eabi/10.3.1/../../../../arm-none-eabi/lib/thumb/v7e-m+fp/hard/libc_nano.a(lib_a-errno.o)
                              ./Core/Src/syscalls.o (__errno)
/opt/st/stm32cubeide_1.12.1/plugins/com.st.stm32cube.ide.mcu.externaltools.gnu-tools-for-stm32.10.3-2021.10.linux64_1.0.200.202301161003/tools/bin/../lib/gcc/arm-none-eabi/10.3.1/../../../../arm-none-eabi/lib/thumb/v7e-m+fp/hard/libc_nano.a(lib_a-exit.o)
                              /opt/st/stm32cubeide_1.12.1/plugins/com.st.stm32cube.ide.mcu.externaltools.gnu-tools-for-stm32.10.3-2021.10.linux64_1.0.200.202301161003/tools/bin/../lib/gcc/arm-none-eabi/10.3.1/../../../../arm-none-eabi/lib/thumb/v7e-m+fp/hard/crt0.o (exit)
/opt/st/stm32cubeide_1.12.1/plugins/com.st.stm32cube.ide.mcu.externaltools.gnu-tools-for-stm32.10.3-2021.10.linux64_1.0.200.202301161003/tools/bin/../lib/gcc/arm-none-eabi/10.3.1/../../../../arm-none-eabi/lib/thumb/v7e-m+fp/hard/libc_nano.a(lib_a-impure.o)
                              /opt/st/stm32cubeide_1.12.1/plugins/com.st.stm32cube.ide.mcu.externaltools.gnu-tools-for-stm32.10.3-2021.10.linux64_1.0.200.202301161003/tools/bin/../lib/gcc/arm-none-eabi/10.3.1/../../../../arm-none-eabi/lib/thumb/v7e-m+fp/hard/libc_nano.a(lib_a-exit.o) (_global_impure_ptr)
/opt/st/stm32cubeide_1.12.1/plugins/com.st.stm32cube.ide.mcu.externaltools.gnu-tools-for-stm32.10.3-2021.10.linux64_1.0.200.202301161003/tools/bin/../lib/gcc/arm-none-eabi/10.3.1/../../../../arm-none-eabi/lib/thumb/v7e-m+fp/hard/libc_nano.a(lib_a-init.o)
                              /opt/st/stm32cubeide_1.12.1/plugins/com.st.stm32cube.ide.mcu.externaltools.gnu-tools-for-stm32.10.3-2021.10.linux64_1.0.200.202301161003/tools/bin/../lib/gcc/arm-none-eabi/10.3.1/../../../../arm-none-eabi/lib/thumb/v7e-m+fp/hard/crt0.o (__libc_init_array)
/opt/st/stm32cubeide_1.12.1/plugins/com.st.stm32cube.ide.mcu.externaltools.gnu-tools-for-stm32.10.3-2021.10.linux64_1.0.200.202301161003/tools/bin/../lib/gcc/arm-none-eabi/10.3.1/../../../../arm-none-eabi/lib/thumb/v7e-m+fp/hard/libc_nano.a(lib_a-malloc.o)
                              ./Core/Src/dw1000_lib/DW1000.o (malloc)
/opt/st/stm32cubeide_1.12.1/plugins/com.st.stm32cube.ide.mcu.externaltools.gnu-tools-for-stm32.10.3-2021.10.linux64_1.0.200.202301161003/tools/bin/../lib/gcc/arm-none-eabi/10.3.1/../../../../arm-none-eabi/lib/thumb/v7e-m+fp/hard/libc_nano.a(lib_a-memcmp.o)
                              ./Core/Src/dw1000_lib/DW1000Device.o (memcmp)
[...]
Memory Configuration

Name             Origin             Length             Attributes
CCMRAM           0x0000000010000000 0x0000000000010000 xrw
RAM              0x0000000020000000 0x0000000000030000 xrw
FLASH            0x0000000008000000 0x0000000000200000 xr
*default*        0x0000000000000000 0xffffffffffffffff

Linker script and memory map

LOAD /opt/st/stm32cubeide_1.12.1/plugins/com.st.stm32cube.ide.mcu.externaltools.gnu-tools-for-stm32.10.3-2021.10.linux64_1.0.200.202301161003/tools/bin/../lib/gcc/arm-none-eabi/10.3.1/thumb/v7e-m+fp/hard/crti.o
LOAD /opt/st/stm32cubeide_1.12.1/plugins/com.st.stm32cube.ide.mcu.externaltools.gnu-tools-for-stm32.10.3-2021.10.linux64_1.0.200.202301161003/tools/bin/../lib/gcc/arm-none-eabi/10.3.1/thumb/v7e-m+fp/hard/crtbegin.o
LOAD /opt/st/stm32cubeide_1.12.1/plugins/com.st.stm32cube.ide.mcu.externaltools.gnu-tools-for-stm32.10.3-2021.10.linux64_1.0.200.202301161003/tools/bin/../lib/gcc/arm-none-eabi/10.3.1/../../../../arm-none-eabi/lib/thumb/v7e-m+fp/hard/crt0.o
LOAD ./Core/Src/decadriver/deca_device.o
LOAD ./Core/Src/decadriver/deca_params_init.o
LOAD ./Core/Src/dw1000_lib/DW1000.o
LOAD ./Core/Src/dw1000_lib/DW1000Device.o
LOAD ./Core/Src/dw1000_lib/DW1000Mac.o
LOAD ./Core/Src/dw1000_lib/DW1000Ranging.o
LOAD ./Core/Src/dw1000_lib/DW1000Time.o
LOAD ./Core/Src/main.o
LOAD ./Core/Src/stm32f4xx_hal_msp.o
LOAD ./Core/Src/stm32f4xx_hal_timebase_tim.o
LOAD ./Core/Src/stm32f4xx_it.o
LOAD ./Core/Src/syscalls.o
LOAD ./Core/Src/sysmem.o
LOAD ./Core/Src/system_stm32f4xx.o
LOAD ./Core/Src/platform/deca_mutex.o
LOAD ./Core/Src/platform/deca_range_tables.o
LOAD ./Core/Src/platform/deca_sleep.o
LOAD ./Core/Src/platform/deca_spi.o
LOAD ./Core/Src/platform/port.o
LOAD ./Core/Startup/startup_stm32f429zitx.o
LOAD ./Drivers/STM32F4xx_HAL_Driver/Src/stm32f4xx_hal.o
LOAD ./Drivers/STM32F4xx_HAL_Driver/Src/stm32f4xx_hal_cortex.o
LOAD ./Drivers/STM32F4xx_HAL_Driver/Src/stm32f4xx_hal_dma.o
LOAD ./Drivers/STM32F4xx_HAL_Driver/Src/stm32f4xx_hal_dma_ex.o
LOAD ./Drivers/STM32F4xx_HAL_Driver/Src/stm32f4xx_hal_exti.o
LOAD ./Drivers/STM32F4xx_HAL_Driver/Src/stm32f4xx_hal_flash.o
LOAD ./Drivers/STM32F4xx_HAL_Driver/Src/stm32f4xx_hal_flash_ex.o
LOAD ./Drivers/STM32F4xx_HAL_Driver/Src/stm32f4xx_hal_flash_ramfunc.o
LOAD ./Drivers/STM32F4xx_HAL_Driver/Src/stm32f4xx_hal_gpio.o
LOAD ./Drivers/STM32F4xx_HAL_Driver/Src/stm32f4xx_hal_pwr.o
LOAD ./Drivers/STM32F4xx_HAL_Driver/Src/stm32f4xx_hal_pwr_ex.o
LOAD ./Drivers/STM32F4xx_HAL_Driver/Src/stm32f4xx_hal_rcc.o
LOAD ./Drivers/STM32F4xx_HAL_Driver/Src/stm32f4xx_hal_rcc_ex.o
LOAD ./Drivers/STM32F4xx_HAL_Driver/Src/stm32f4xx_hal_spi.o
LOAD ./Drivers/STM32F4xx_HAL_Driver/Src/stm32f4xx_hal_tim.o
LOAD ./Drivers/STM32F4xx_HAL_Driver/Src/stm32f4xx_hal_tim_ex.o
LOAD ./Drivers/STM32F4xx_HAL_Driver/Src/stm32f4xx_hal_uart.o
START GROUP
LOAD /opt/st/stm32cubeide_1.12.1/plugins/com.st.stm32cube.ide.mcu.externaltools.gnu-tools-for-stm32.10.3-2021.10.linux64_1.0.200.202301161003/tools/bin/../lib/gcc/arm-none-eabi/10.3.1/../../../../arm-none-eabi/lib/thumb/v7e-m+fp/hard/libstdc++_nano.a
LOAD /opt/st/stm32cubeide_1.12.1/plugins/com.st.stm32cube.ide.mcu.externaltools.gnu-tools-for-stm32.10.3-2021.10.linux64_1.0.200.202301161003/tools/bin/../lib/gcc/arm-none-eabi/10.3.1/../../../../arm-none-eabi/lib/thumb/v7e-m+fp/hard/libsupc++_nano.a
END GROUP
LOAD /opt/st/stm32cubeide_1.12.1/plugins/com.st.stm32cube.ide.mcu.externaltools.gnu-tools-for-stm32.10.3-2021.10.linux64_1.0.200.202301161003/tools/bin/../lib/gcc/arm-none-eabi/10.3.1/../../../../arm-none-eabi/lib/thumb/v7e-m+fp/hard/libstdc++_nano.a
LOAD /opt/st/stm32cubeide_1.12.1/plugins/com.st.stm32cube.ide.mcu.externaltools.gnu-tools-for-stm32.10.3-2021.10.linux64_1.0.200.202301161003/tools/bin/../lib/gcc/arm-none-eabi/10.3.1/../../../../arm-none-eabi/lib/thumb/v7e-m+fp/hard/libm.a
LOAD /opt/st/stm32cubeide_1.12.1/plugins/com.st.stm32cube.ide.mcu.externaltools.gnu-tools-for-stm32.10.3-2021.10.linux64_1.0.200.202301161003/tools/bin/../lib/gcc/arm-none-eabi/10.3.1/../../../../arm-none-eabi/lib/thumb/v7e-m+fp/hard/libc_nano.a
START GROUP
LOAD /opt/st/stm32cubeide_1.12.1/plugins/com.st.stm32cube.ide.mcu.externaltools.gnu-tools-for-stm32.10.3-2021.10.linux64_1.0.200.202301161003/tools/bin/../lib/gcc/arm-none-eabi/10.3.1/thumb/v7e-m+fp/hard/libgcc.a
LOAD /opt/st/stm32cubeide_1.12.1/plugins/com.st.stm32cube.ide.mcu.externaltools.gnu-tools-for-stm32.10.3-2021.10.linux64_1.0.200.202301161003/tools/bin/../lib/gcc/arm-none-eabi/10.3.1/../../../../arm-none-eabi/lib/thumb/v7e-m+fp/hard/libc_nano.a
END GROUP
START GROUP
LOAD /opt/st/stm32cubeide_1.12.1/plugins/com.st.stm32cube.ide.mcu.externaltools.gnu-tools-for-stm32.10.3-2021.10.linux64_1.0.200.202301161003/tools/bin/../lib/gcc/arm-none-eabi/10.3.1/thumb/v7e-m+fp/hard/libgcc.a
LOAD /opt/st/stm32cubeide_1.12.1/plugins/com.st.stm32cube.ide.mcu.externaltools.gnu-tools-for-stm32.10.3-2021.10.linux64_1.0.200.202301161003/tools/bin/../lib/gcc/arm-none-eabi/10.3.1/../../../../arm-none-eabi/lib/thumb/v7e-m+fp/hard/libc_nano.a
LOAD /opt/st/stm32cubeide_1.12.1/plugins/com.st.stm32cube.ide.mcu.externaltools.gnu-tools-for-stm32.10.3-2021.10.linux64_1.0.200.202301161003/tools/bin/../lib/gcc/arm-none-eabi/10.3.1/../../../../arm-none-eabi/lib/thumb/v7e-m+fp/hard/libnosys.a
END GROUP
START GROUP
LOAD /opt/st/stm32cubeide_1.12.1/plugins/com.st.stm32cube.ide.mcu.externaltools.gnu-tools-for-stm32.10.3-2021.10.linux64_1.0.200.202301161003/tools/bin/../lib/gcc/arm-none-eabi/10.3.1/thumb/v7e-m+fp/hard/libgcc.a
LOAD /opt/st/stm32cubeide_1.12.1/plugins/com.st.stm32cube.ide.mcu.externaltools.gnu-tools-for-stm32.10.3-2021.10.linux64_1.0.200.202301161003/tools/bin/../lib/gcc/arm-none-eabi/10.3.1/../../../../arm-none-eabi/lib/thumb/v7e-m+fp/hard/libc_nano.a
LOAD /opt/st/stm32cubeide_1.12.1/plugins/com.st.stm32cube.ide.mcu.externaltools.gnu-tools-for-stm32.10.3-2021.10.linux64_1.0.200.202301161003/tools/bin/../lib/gcc/arm-none-eabi/10.3.1/../../../../arm-none-eabi/lib/thumb/v7e-m+fp/hard/libnosys.a
END GROUP
LOAD /opt/st/stm32cubeide_1.12.1/plugins/com.st.stm32cube.ide.mcu.externaltools.gnu-tools-for-stm32.10.3-2021.10.linux64_1.0.200.202301161003/tools/bin/../lib/gcc/arm-none-eabi/10.3.1/thumb/v7e-m+fp/hard/crtend.o
LOAD /opt/st/stm32cubeide_1.12.1/plugins/com.st.stm32cube.ide.mcu.externaltools.gnu-tools-for-stm32.10.3-2021.10.linux64_1.0.200.202301161003/tools/bin/../lib/gcc/arm-none-eabi/10.3.1/thumb/v7e-m+fp/hard/crtn.o
                0x0000000020030000                _estack = (ORIGIN (RAM) + LENGTH (RAM))
                0x0000000000000200                _Min_Heap_Size = 0x200
                0x0000000000000400                _Min_Stack_Size = 0x400

.isr_vector     0x0000000008000000      0x1ac
                0x0000000008000000                . = ALIGN (0x4)
 *(.isr_vector)
 .isr_vector    0x0000000008000000      0x1ac ./Core/Startup/startup_stm32f429zitx.o
                0x0000000008000000                g_pfnVectors
                0x00000000080001ac                . = ALIGN (0x4)

.text           0x00000000080001b0     0xcec8
                0x00000000080001b0                . = ALIGN (0x4)
 *(.text)
 .text          0x00000000080001b0       0x40 /opt/st/stm32cubeide_1.12.1/plugins/com.st.stm32cube.ide.mcu.externaltools.gnu-tools-for-stm32.10.3-2021.10.linux64_1.0.200.202301161003/tools/bin/../lib/gcc/arm-none-eabi/10.3.1/thumb/v7e-m+fp/hard/crtbegin.o
 .text          0x00000000080001f0       0x10 /opt/st/stm32cubeide_1.12.1/plugins/com.st.stm32cube.ide.mcu.externaltools.gnu-tools-for-stm32.10.3-2021.10.linux64_1.0.200.202301161003/tools/bin/../lib/gcc/arm-none-eabi/10.3.1/../../../../arm-none-eabi/lib/thumb/v7e-m+fp/hard/libc_nano.a(lib_a-strlen.o)
                0x00000000080001f0                strlen
 .text          0x0000000008000200       0xa0 /opt/st/stm32cubeide_1.12.1/plugins/com.st.stm32cube.ide.mcu.externaltools.gnu-tools-for-stm32.10.3-2021.10.linux64_1.0.200.202301161003/tools/bin/../lib/gcc/arm-none-eabi/10.3.1/../../../../arm-none-eabi/lib/thumb/v7e-m+fp/hard/libc_nano.a(lib_a-memchr.o)
                0x0000000008000200                memchr
 .text          0x00000000080002a0      0x378 /opt/st/stm32cubeide_1.12.1/plugins/com.st.stm32cube.ide.mcu.externaltools.gnu-tools-for-stm32.10.3-2021.10.linux64_1.0.200.202301161003/tools/bin/../lib/gcc/arm-none-eabi/10.3.1/thumb/v7e-m+fp/hard/libgcc.a(_arm_addsubdf3.o)
                0x00000000080002a0                __aeabi_drsub
                0x00000000080002a8                __aeabi_dsub
                0x00000000080002a8                __subdf3
                0x00000000080002ac                __adddf3
                0x00000000080002ac                __aeabi_dadd
                0x0000000008000524                __aeabi_ui2d
                0x0000000008000524                __floatunsidf
                0x0000000008000544                __floatsidf
                0x0000000008000544                __aeabi_i2d
                0x0000000008000568                __extendsfdf2
                0x0000000008000568                __aeabi_f2d
                0x00000000080005ac                __aeabi_ul2d
                0x00000000080005ac                __floatundidf
                0x00000000080005bc                __floatdidf
                0x00000000080005bc                __aeabi_l2d
 .text          0x0000000008000618      0x424 /opt/st/stm32cubeide_1.12.1/plugins/com.st.stm32cube.ide.mcu.externaltools.gnu-tools-for-stm32.10.3-2021.10.linux64_1.0.200.202301161003/tools/bin/../lib/gcc/arm-none-eabi/10.3.1/thumb/v7e-m+fp/hard/libgcc.a(_arm_muldivdf3.o)
                0x0000000008000618                __aeabi_dmul
                0x0000000008000618                __muldf3
                0x000000000800086c                __aeabi_ddiv
                0x000000000800086c                __divdf3
 .text          0x0000000008000a3c      0x110 /opt/st/stm32cubeide_1.12.1/plugins/com.st.stm32cube.ide.mcu.externaltools.gnu-tools-for-stm32.10.3-2021.10.linux64_1.0.200.202301161003/tools/bin/../lib/gcc/arm-none-eabi/10.3.1/thumb/v7e-m+fp/hard/libgcc.a(_arm_cmpdf2.o)
                0x0000000008000a3c                __gtdf2
                0x0000000008000a3c                __gedf2
                0x0000000008000a44                __ltdf2
                0x0000000008000a44                __ledf2
                0x0000000008000a4c                __cmpdf2
                0x0000000008000a4c                __eqdf2
                0x0000000008000a4c                __nedf2
                0x0000000008000ac8                __aeabi_cdrcmple
                0x0000000008000ad8                __aeabi_cdcmple
                0x0000000008000ad8                __aeabi_cdcmpeq
                0x0000000008000ae8                __aeabi_dcmpeq
                0x0000000008000afc                __aeabi_dcmplt
                0x0000000008000b10                __aeabi_dcmple
                0x0000000008000b24                __aeabi_dcmpge
                0x0000000008000b38                __aeabi_dcmpgt
 .text          0x0000000008000b4c       0x2c /opt/st/stm32cubeide_1.12.1/plugins/com.st.stm32cube.ide.mcu.externaltools.gnu-tools-for-stm32.10.3-2021.10.linux64_1.0.200.202301161003/tools/bin/../lib/gcc/arm-none-eabi/10.3.1/thumb/v7e-m+fp/hard/libgcc.a(_arm_unorddf2.o)
                0x0000000008000b4c                __aeabi_dcmpun
                0x0000000008000b4c                __unorddf2
 .text          0x0000000008000b78       0x50 /opt/st/stm32cubeide_1.12.1/plugins/com.st.stm32cube.ide.mcu.externaltools.gnu-tools-for-stm32.10.3-2021.10.linux64_1.0.200.202301161003/tools/bin/../lib/gcc/arm-none-eabi/10.3.1/thumb/v7e-m+fp/hard/libgcc.a(_arm_fixdfsi.o)
                0x0000000008000b78                __fixdfsi
                0x0000000008000b78                __aeabi_d2iz
 .text          0x0000000008000bc8       0x40 /opt/st/stm32cubeide_1.12.1/plugins/com.st.stm32cube.ide.mcu.externaltools.gnu-tools-for-stm32.10.3-2021.10.linux64_1.0.200.202301161003/tools/bin/../lib/gcc/arm-none-eabi/10.3.1/thumb/v7e-m+fp/hard/libgcc.a(_arm_fixunsdfsi.o)
                0x0000000008000bc8                __fixunsdfsi
                0x0000000008000bc8                __aeabi_d2uiz
 .text          0x0000000008000c08       0xa0 /opt/st/stm32cubeide_1.12.1/plugins/com.st.stm32cube.ide.mcu.externaltools.gnu-tools-for-stm32.10.3-2021.10.linux64_1.0.200.202301161003/tools/bin/../lib/gcc/arm-none-eabi/10.3.1/thumb/v7e-m+fp/hard/libgcc.a(_arm_truncdfsf2.o)
                0x0000000008000c08                __aeabi_d2f
                0x0000000008000c08                __truncdfsf2
 .text          0x0000000008000ca8      0x21c /opt/st/stm32cubeide_1.12.1/plugins/com.st.stm32cube.ide.mcu.externaltools.gnu-tools-for-stm32.10.3-2021.10.linux64_1.0.200.202301161003/tools/bin/../lib/gcc/arm-none-eabi/10.3.1/thumb/v7e-m+fp/hard/libgcc.a(_arm_addsubsf3.o)
                0x0000000008000ca8                __aeabi_frsub
                0x0000000008000cb0                __subsf3
                0x0000000008000cb0                __aeabi_fsub
                0x0000000008000cb4                __aeabi_fadd
                0x0000000008000cb4                __addsf3
                0x0000000008000e14                __aeabi_ui2f
                0x0000000008000e14                __floatunsisf
                0x0000000008000e1c                __aeabi_i2f
                0x0000000008000e1c                __floatsisf
                0x0000000008000e38                __floatundisf
                0x0000000008000e38                __aeabi_ul2f
                0x0000000008000e48                __floatdisf
                0x0000000008000e48                __aeabi_l2f
 .text          0x0000000008000ec4       0xa0 /opt/st/stm32cubeide_1.12.1/plugins/com.st.stm32cube.ide.mcu.externaltools.gnu-tools-for-stm32.10.3-2021.10.linux64_1.0.200.202301161003/tools/bin/../lib/gcc/arm-none-eabi/10.3.1/thumb/v7e-m+fp/hard/libgcc.a(_aeabi_ldivmod.o)
                0x0000000008000ec4                __aeabi_ldivmod
 .text          0x0000000008000f64       0x30 /opt/st/stm32cubeide_1.12.1/plugins/com.st.stm32cube.ide.mcu.externaltools.gnu-tools-for-stm32.10.3-2021.10.linux64_1.0.200.202301161003/tools/bin/../lib/gcc/arm-none-eabi/10.3.1/thumb/v7e-m+fp/hard/libgcc.a(_aeabi_uldivmod.o)
                0x0000000008000f64                __aeabi_uldivmod
 .text          0x0000000008000f94       0x28 /opt/st/stm32cubeide_1.12.1/plugins/com.st.stm32cube.ide.mcu.externaltools.gnu-tools-for-stm32.10.3-2021.10.linux64_1.0.200.202301161003/tools/bin/../lib/gcc/arm-none-eabi/10.3.1/thumb/v7e-m+fp/hard/libgcc.a(_fixsfdi.o)
                0x0000000008000f94                __aeabi_f2lz
                0x0000000008000f94                __fixsfdi
 .text          0x0000000008000fbc       0x40 /opt/st/stm32cubeide_1.12.1/plugins/com.st.stm32cube.ide.mcu.externaltools.gnu-tools-for-stm32.10.3-2021.10.linux64_1.0.200.202301161003/tools/bin/../lib/gcc/arm-none-eabi/10.3.1/thumb/v7e-m+fp/hard/libgcc.a(_fixunssfdi.o)
                0x0000000008000fbc                __aeabi_f2ulz
                0x0000000008000fbc                __fixunssfdi
 .text          0x0000000008000ffc      0x2d0 /opt/st/stm32cubeide_1.12.1/plugins/com.st.stm32cube.ide.mcu.externaltools.gnu-tools-for-stm32.10.3-2021.10.linux64_1.0.200.202301161003/tools/bin/../lib/gcc/arm-none-eabi/10.3.1/thumb/v7e-m+fp/hard/libgcc.a(_udivmoddi4.o)
                0x0000000008000ffc                __udivmoddi4
 .text          0x00000000080012cc        0x4 /opt/st/stm32cubeide_1.12.1/plugins/com.st.stm32cube.ide.mcu.externaltools.gnu-tools-for-stm32.10.3-2021.10.linux64_1.0.200.202301161003/tools/bin/../lib/gcc/arm-none-eabi/10.3.1/thumb/v7e-m+fp/hard/libgcc.a(_dvmd_tls.o)
                0x00000000080012cc                __aeabi_ldiv0
                0x00000000080012cc                __aeabi_idiv0
 *(.text*)
 .text.dwt_initialise
                0x00000000080012d0      0x298 ./Core/Src/decadriver/deca_device.o
                0x00000000080012d0                dwt_initialise
 .text.dwt_readdevid
                0x0000000008001568       0x12 ./Core/Src/decadriver/deca_device.o
                0x0000000008001568                dwt_readdevid
 *fill*         0x000000000800157a        0x2 
 .text.dwt_configure
                0x000000000800157c      0x2e4 ./Core/Src/decadriver/deca_device.o
                0x000000000800157c                dwt_configure
 .text.dwt_writetodevice
                0x0000000008001860       0xae ./Core/Src/decadriver/deca_device.o
                0x0000000008001860                dwt_writetodevice
 .text.dwt_readfromdevice
                0x000000000800190e       0xa8 ./Core/Src/decadriver/deca_device.o
                0x000000000800190e                dwt_readfromdevice
 .text.dwt_read32bitoffsetreg
                0x00000000080019b6       0x4e ./Core/Src/decadriver/deca_device.o
                0x00000000080019b6                dwt_read32bitoffsetreg
 .text.dwt_read16bitoffsetreg
                0x0000000008001a04       0x3a ./Core/Src/decadriver/deca_device.o
                0x0000000008001a04                dwt_read16bitoffsetreg
 .text.dwt_read8bitoffsetreg
                0x0000000008001a3e       0x26 ./Core/Src/decadriver/deca_device.o
                0x0000000008001a3e                dwt_read8bitoffsetreg
 .text.dwt_write8bitoffsetreg
                0x0000000008001a64       0x26 ./Core/Src/decadriver/deca_device.o
                0x0000000008001a64                dwt_write8bitoffsetreg
 .text.dwt_write16bitoffsetreg
                0x0000000008001a8a       0x38 ./Core/Src/decadriver/deca_device.o
                0x0000000008001a8a                dwt_write16bitoffsetreg
 .text.dwt_write32bitoffsetreg
                0x0000000008001ac2       0x4e ./Core/Src/decadriver/deca_device.o
                0x0000000008001ac2                dwt_write32bitoffsetreg
 .text._dwt_otpread
                0x0000000008001b10       0x3e ./Core/Src/decadriver/deca_device.o
                0x0000000008001b10                _dwt_otpread
 .text._dwt_aonarrayupload
                0x0000000008001b4e       0x1c ./Core/Src/decadriver/deca_device.o
                0x0000000008001b4e                _dwt_aonarrayupload
 .text._dwt_configlde
                0x0000000008001b6a       0x40 ./Core/Src/decadriver/deca_device.o
                0x0000000008001b6a                _dwt_configlde
 .text._dwt_loaducodefromrom
                0x0000000008001baa       0x26 ./Core/Src/decadriver/deca_device.o
                0x0000000008001baa                _dwt_loaducodefromrom
 .text._dwt_enableclocks
                0x0000000008001bd0      0x134 ./Core/Src/decadriver/deca_device.o
                0x0000000008001bd0                _dwt_enableclocks
 .text._dwt_disablesequencing
                0x0000000008001d04       0x18 ./Core/Src/decadriver/deca_device.o
                0x0000000008001d04                _dwt_disablesequencing
 .text.dwt_forcetrxoff
                0x0000000008001d1c       0x60 ./Core/Src/decadriver/deca_device.o
                0x0000000008001d1c                dwt_forcetrxoff
 .text.dwt_syncrxbufptrs
                0x0000000008001d7c       0x34 ./Core/Src/decadriver/deca_device.o
                0x0000000008001d7c                dwt_syncrxbufptrs
 .text.dwt_softreset
                0x0000000008001db0       0x4c ./Core/Src/decadriver/deca_device.o
                0x0000000008001db0                dwt_softreset
 .text.dwt_setxtaltrim
                0x0000000008001dfc       0x30 ./Core/Src/decadriver/deca_device.o
                0x0000000008001dfc                dwt_setxtaltrim
 .text._ZSt5log10f
                0x0000000008001e2c       0x20 ./Core/Src/dw1000_lib/DW1000.o
                0x0000000008001e2c                std::log10(float)
 .text._ZN11DW1000Class10enableModeEPKh
                0x0000000008001e4c       0x32 ./Core/Src/dw1000_lib/DW1000.o
                0x0000000008001e4c                DW1000Class::enableMode(unsigned char const*)
 *fill*         0x0000000008001e7e        0x2 
 .text._ZN11DW1000Class4tuneEv
                0x0000000008001e80      0xb28 ./Core/Src/dw1000_lib/DW1000.o
                0x0000000008001e80                DW1000Class::tune()
 .text._ZN11DW1000Class15handleInterruptEv
                0x00000000080029a8      0x140 ./Core/Src/dw1000_lib/DW1000.o
                0x00000000080029a8                DW1000Class::handleInterrupt()
 .text._ZN11DW1000Class31readSystemConfigurationRegisterEv
                0x0000000008002ae8       0x18 ./Core/Src/dw1000_lib/DW1000.o
                0x0000000008002ae8                DW1000Class::readSystemConfigurationRegister()
 .text._ZN11DW1000Class32writeSystemConfigurationRegisterEv
                0x0000000008002b00       0x18 ./Core/Src/dw1000_lib/DW1000.o
                0x0000000008002b00                DW1000Class::writeSystemConfigurationRegister()
 .text._ZN11DW1000Class29readSystemEventStatusRegisterEv
                0x0000000008002b18       0x18 ./Core/Src/dw1000_lib/DW1000.o
                0x0000000008002b18                DW1000Class::readSystemEventStatusRegister()
 .text._ZN11DW1000Class29readNetworkIdAndDeviceAddressEv
                0x0000000008002b30       0x18 ./Core/Src/dw1000_lib/DW1000.o
                0x0000000008002b30                DW1000Class::readNetworkIdAndDeviceAddress()
 .text._ZN11DW1000Class30writeNetworkIdAndDeviceAddressEv
                0x0000000008002b48       0x18 ./Core/Src/dw1000_lib/DW1000.o
                0x0000000008002b48                DW1000Class::writeNetworkIdAndDeviceAddress()
 .text._ZN11DW1000Class27readSystemEventMaskRegisterEv
                0x0000000008002b60       0x18 ./Core/Src/dw1000_lib/DW1000.o
                0x0000000008002b60                DW1000Class::readSystemEventMaskRegister()
 .text._ZN11DW1000Class28writeSystemEventMaskRegisterEv
                0x0000000008002b78       0x18 ./Core/Src/dw1000_lib/DW1000.o
                0x0000000008002b78                DW1000Class::writeSystemEventMaskRegister()
 .text._ZN11DW1000Class26readChannelControlRegisterEv
                0x0000000008002b90       0x18 ./Core/Src/dw1000_lib/DW1000.o
                0x0000000008002b90                DW1000Class::readChannelControlRegister()
 .text._ZN11DW1000Class27writeChannelControlRegisterEv
                0x0000000008002ba8       0x18 ./Core/Src/dw1000_lib/DW1000.o
                0x0000000008002ba8                DW1000Class::writeChannelControlRegister()
 .text._ZN11DW1000Class32readTransmitFrameControlRegisterEv
                0x0000000008002bc0       0x18 ./Core/Src/dw1000_lib/DW1000.o
                0x0000000008002bc0                DW1000Class::readTransmitFrameControlRegister()
 .text._ZN11DW1000Class33writeTransmitFrameControlRegisterEv
                0x0000000008002bd8       0x18 ./Core/Src/dw1000_lib/DW1000.o
                0x0000000008002bd8                DW1000Class::writeTransmitFrameControlRegister()
 .text._ZN11DW1000Class12setNetworkIdEt
                0x0000000008002bf0       0x30 ./Core/Src/dw1000_lib/DW1000.o
                0x0000000008002bf0                DW1000Class::setNetworkId(unsigned short)
 .text._ZN11DW1000Class16setDeviceAddressEt
                0x0000000008002c20       0x30 ./Core/Src/dw1000_lib/DW1000.o
                0x0000000008002c20                DW1000Class::setDeviceAddress(unsigned short)
 .text._ZN11DW1000Class14nibbleFromCharEc
                0x0000000008002c50       0x54 ./Core/Src/dw1000_lib/DW1000.o
                0x0000000008002c50                DW1000Class::nibbleFromChar(char)
 .text._ZN11DW1000Class13convertToByteEPcPh
                0x0000000008002ca4       0x76 ./Core/Src/dw1000_lib/DW1000.o
                0x0000000008002ca4                DW1000Class::convertToByte(char*, unsigned char*)
 .text._ZN11DW1000Class6setEUIEPc
                0x0000000008002d1a       0x26 ./Core/Src/dw1000_lib/DW1000.o
                0x0000000008002d1a                DW1000Class::setEUI(char*)
 .text._ZN11DW1000Class6setEUIEPh
                0x0000000008002d40       0x4e ./Core/Src/dw1000_lib/DW1000.o
                0x0000000008002d40                DW1000Class::setEUI(unsigned char*)
 *fill*         0x0000000008002d8e        0x2 
 .text._ZN11DW1000Class14setFrameFilterEb
                0x0000000008002d90       0x24 ./Core/Src/dw1000_lib/DW1000.o
                0x0000000008002d90                DW1000Class::setFrameFilter(bool)
 .text._ZN11DW1000Class23setReceiverAutoReenableEb
                0x0000000008002db4       0x24 ./Core/Src/dw1000_lib/DW1000.o
                0x0000000008002db4                DW1000Class::setReceiverAutoReenable(bool)
 .text._ZN11DW1000Class15interruptOnSentEb
                0x0000000008002dd8       0x24 ./Core/Src/dw1000_lib/DW1000.o
                0x0000000008002dd8                DW1000Class::interruptOnSent(bool)
 .text._ZN11DW1000Class19interruptOnReceivedEb
                0x0000000008002dfc       0x30 ./Core/Src/dw1000_lib/DW1000.o
                0x0000000008002dfc                DW1000Class::interruptOnReceived(bool)
 .text._ZN11DW1000Class24interruptOnReceiveFailedEb
                0x0000000008002e2c       0x48 ./Core/Src/dw1000_lib/DW1000.o
                0x0000000008002e2c                DW1000Class::interruptOnReceiveFailed(bool)
 .text._ZN11DW1000Class36interruptOnReceiveTimestampAvailableEb
                0x0000000008002e74       0x24 ./Core/Src/dw1000_lib/DW1000.o
                0x0000000008002e74                DW1000Class::interruptOnReceiveTimestampAvailable(bool)
 .text._ZN11DW1000Class38interruptOnAutomaticAcknowledgeTriggerEb
                0x0000000008002e98       0x24 ./Core/Src/dw1000_lib/DW1000.o
                0x0000000008002e98                DW1000Class::interruptOnAutomaticAcknowledgeTrigger(bool)
 .text._ZN11DW1000Class15setAntennaDelayEt
                0x0000000008002ebc       0x30 ./Core/Src/dw1000_lib/DW1000.o
                0x0000000008002ebc                DW1000Class::setAntennaDelay(unsigned short)
 .text._ZN11DW1000Class4idleEv
                0x0000000008002eec       0x18 ./Core/Src/dw1000_lib/DW1000.o
                0x0000000008002eec                DW1000Class::idle()
 .text._ZN11DW1000Class10newReceiveEv
                0x0000000008002f04       0x28 ./Core/Src/dw1000_lib/DW1000.o
                0x0000000008002f04                DW1000Class::newReceive()
 .text._ZN11DW1000Class12startReceiveEv
                0x0000000008002f2c       0x3c ./Core/Src/dw1000_lib/DW1000.o
                0x0000000008002f2c                DW1000Class::startReceive()
 .text._ZN11DW1000Class11newTransmitEv
                0x0000000008002f68       0x28 ./Core/Src/dw1000_lib/DW1000.o
                0x0000000008002f68                DW1000Class::newTransmit()
 .text._ZN11DW1000Class13startTransmitEv
                0x0000000008002f90       0x6c ./Core/Src/dw1000_lib/DW1000.o
                0x0000000008002f90                DW1000Class::startTransmit()
 .text._ZN11DW1000Class16newConfigurationEv
                0x0000000008002ffc       0x20 ./Core/Src/dw1000_lib/DW1000.o
                0x0000000008002ffc                DW1000Class::newConfiguration()
 .text._ZN11DW1000Class19commitConfigurationEv
                0x000000000800301c       0x88 ./Core/Src/dw1000_lib/DW1000.o
                0x000000000800301c                DW1000Class::commitConfiguration()
 .text._ZN11DW1000Class18suppressFrameCheckEb
                0x00000000080030a4       0x28 ./Core/Src/dw1000_lib/DW1000.o
                0x00000000080030a4                DW1000Class::suppressFrameCheck(bool)
 .text._ZN11DW1000Class13useSmartPowerEb
                0x00000000080030cc       0x34 ./Core/Src/dw1000_lib/DW1000.o
                0x00000000080030cc                DW1000Class::useSmartPower(bool)
 .text._ZN11DW1000Class8setDelayERK10DW1000Time
                0x0000000008003100       0xd0 ./Core/Src/dw1000_lib/DW1000.o
                0x0000000008003100                DW1000Class::setDelay(DW1000Time const&)
 .text._ZN11DW1000Class18receivePermanentlyEb
                0x00000000080031d0       0x2c ./Core/Src/dw1000_lib/DW1000.o
                0x00000000080031d0                DW1000Class::receivePermanently(bool)
 .text._ZN11DW1000Class7setDataEPht
                0x00000000080031fc       0x88 ./Core/Src/dw1000_lib/DW1000.o
                0x00000000080031fc                DW1000Class::setData(unsigned char*, unsigned short)
 .text._ZN11DW1000Class7getDataEPht
                0x0000000008003284       0x28 ./Core/Src/dw1000_lib/DW1000.o
                0x0000000008003284                DW1000Class::getData(unsigned char*, unsigned short)
 .text._ZN11DW1000Class20getTransmitTimestampER10DW1000Time
                0x00000000080032ac       0x2a ./Core/Src/dw1000_lib/DW1000.o
                0x00000000080032ac                DW1000Class::getTransmitTimestamp(DW1000Time&)
 .text._ZN11DW1000Class19getReceiveTimestampER10DW1000Time
                0x00000000080032d6       0x30 ./Core/Src/dw1000_lib/DW1000.o
                0x00000000080032d6                DW1000Class::getReceiveTimestamp(DW1000Time&)
 *fill*         0x0000000008003306        0x2 
 .text._ZN11DW1000Class16correctTimestampER10DW1000Time
                0x0000000008003308      0x2ac ./Core/Src/dw1000_lib/DW1000.o
                0x0000000008003308                DW1000Class::correctTimestamp(DW1000Time&)
 .text._ZN11DW1000Class18getSystemTimestampER10DW1000Time
                0x00000000080035b4       0x2a ./Core/Src/dw1000_lib/DW1000.o
                0x00000000080035b4                DW1000Class::getSystemTimestamp(DW1000Time&)
 *fill*         0x00000000080035de        0x2 
 .text._ZN11DW1000Class11setDataRateEh
                0x00000000080035e0      0x118 ./Core/Src/dw1000_lib/DW1000.o
                0x00000000080035e0                DW1000Class::setDataRate(unsigned char)
 .text._ZN11DW1000Class17setPulseFrequencyEh
                0x00000000080036f8       0x6c ./Core/Src/dw1000_lib/DW1000.o
                0x00000000080036f8                DW1000Class::setPulseFrequency(unsigned char)
 .text._ZN11DW1000Class17getPulseFrequencyEv
                0x0000000008003764       0x18 ./Core/Src/dw1000_lib/DW1000.o
                0x0000000008003764                DW1000Class::getPulseFrequency()
 .text._ZN11DW1000Class17setPreambleLengthEh
                0x000000000800377c       0x8c ./Core/Src/dw1000_lib/DW1000.o
                0x000000000800377c                DW1000Class::setPreambleLength(unsigned char)
 .text._ZN11DW1000Class22useExtendedFrameLengthEb
                0x0000000008003808       0x4c ./Core/Src/dw1000_lib/DW1000.o
                0x0000000008003808                DW1000Class::useExtendedFrameLength(bool)
 .text._ZN11DW1000Class10setChannelEh
                0x0000000008003854       0xc0 ./Core/Src/dw1000_lib/DW1000.o
                0x0000000008003854                DW1000Class::setChannel(unsigned char)
 .text._ZN11DW1000Class15setPreambleCodeEh
                0x0000000008003914       0x74 ./Core/Src/dw1000_lib/DW1000.o
                0x0000000008003914                DW1000Class::setPreambleCode(unsigned char)
 .text._ZN11DW1000Class11setDefaultsEv
                0x0000000008003988       0x94 ./Core/Src/dw1000_lib/DW1000.o
                0x0000000008003988                DW1000Class::setDefaults()
 .text._ZN11DW1000Class14isTransmitDoneEv
                0x0000000008003a1c       0x18 ./Core/Src/dw1000_lib/DW1000.o
                0x0000000008003a1c                DW1000Class::isTransmitDone()
 .text._ZN11DW1000Class27isReceiveTimestampAvailableEv
                0x0000000008003a34       0x18 ./Core/Src/dw1000_lib/DW1000.o
                0x0000000008003a34                DW1000Class::isReceiveTimestampAvailable()
 .text._ZN11DW1000Class13isReceiveDoneEv
                0x0000000008003a4c       0x34 ./Core/Src/dw1000_lib/DW1000.o
                0x0000000008003a4c                DW1000Class::isReceiveDone()
 .text._ZN11DW1000Class15isReceiveFailedEv
                0x0000000008003a80       0x68 ./Core/Src/dw1000_lib/DW1000.o
                0x0000000008003a80                DW1000Class::isReceiveFailed()
 .text._ZN11DW1000Class16isReceiveTimeoutEv
                0x0000000008003ae8       0x44 ./Core/Src/dw1000_lib/DW1000.o
                0x0000000008003ae8                DW1000Class::isReceiveTimeout()
 .text._ZN11DW1000Class14isClockProblemEv
                0x0000000008003b2c       0x40 ./Core/Src/dw1000_lib/DW1000.o
                0x0000000008003b2c                DW1000Class::isClockProblem()
 .text._ZN11DW1000Class14clearAllStatusEv
                0x0000000008003b6c       0x24 ./Core/Src/dw1000_lib/DW1000.o
                0x0000000008003b6c                DW1000Class::clearAllStatus()
 .text._ZN11DW1000Class36clearReceiveTimestampAvailableStatusEv
                0x0000000008003b90       0x24 ./Core/Src/dw1000_lib/DW1000.o
                0x0000000008003b90                DW1000Class::clearReceiveTimestampAvailableStatus()
 .text._ZN11DW1000Class18clearReceiveStatusEv
                0x0000000008003bb4       0x6c ./Core/Src/dw1000_lib/DW1000.o
                0x0000000008003bb4                DW1000Class::clearReceiveStatus()
 .text._ZN11DW1000Class19clearTransmitStatusEv
                0x0000000008003c20       0x48 ./Core/Src/dw1000_lib/DW1000.o
                0x0000000008003c20                DW1000Class::clearTransmitStatus()
 .text._ZN11DW1000Class17getReceiveQualityEv
                0x0000000008003c68       0x66 ./Core/Src/dw1000_lib/DW1000.o
                0x0000000008003c68                DW1000Class::getReceiveQuality()
 *fill*         0x0000000008003cce        0x2 
 .text._ZN11DW1000Class17getFirstPathPowerEv
                0x0000000008003cd0      0x1b4 ./Core/Src/dw1000_lib/DW1000.o
                0x0000000008003cd0                DW1000Class::getFirstPathPower()
 .text._ZN11DW1000Class15getReceivePowerEv
                0x0000000008003e84      0x144 ./Core/Src/dw1000_lib/DW1000.o
                0x0000000008003e84                DW1000Class::getReceivePower()
 .text._ZN11DW1000Class6setBitEPhttb
                0x0000000008003fc8       0x80 ./Core/Src/dw1000_lib/DW1000.o
                0x0000000008003fc8                DW1000Class::setBit(unsigned char*, unsigned short, unsigned short, bool)
 .text._ZN11DW1000Class6getBitEPhtt
                0x0000000008004048       0x58 ./Core/Src/dw1000_lib/DW1000.o
                0x0000000008004048                DW1000Class::getBit(unsigned char*, unsigned short, unsigned short)
 .text._ZN11DW1000Class17writeValueToBytesEPhlt
                0x00000000080040a0       0x42 ./Core/Src/dw1000_lib/DW1000.o
                0x00000000080040a0                DW1000Class::writeValueToBytes(unsigned char*, long, unsigned short)
 .text._ZN11DW1000Class9readBytesEhtPht
                0x00000000080040e2       0x3a ./Core/Src/dw1000_lib/DW1000.o
                0x00000000080040e2                DW1000Class::readBytes(unsigned char, unsigned short, unsigned char*, unsigned short)
 .text._ZN11DW1000Class12readBytesOTPEtPh
                0x000000000800411c       0x5c ./Core/Src/dw1000_lib/DW1000.o
                0x000000000800411c                DW1000Class::readBytesOTP(unsigned short, unsigned char*)
 .text._ZN11DW1000Class9writeByteEhth
                0x0000000008004178       0x26 ./Core/Src/dw1000_lib/DW1000.o
                0x0000000008004178                DW1000Class::writeByte(unsigned char, unsigned short, unsigned char)
 .text._ZN11DW1000Class10writeBytesEhtPht
                0x000000000800419e       0x3a ./Core/Src/dw1000_lib/DW1000.o
                0x000000000800419e                DW1000Class::writeBytes(unsigned char, unsigned short, unsigned char*, unsigned short)
 .text._ZN11DW1000Class16large_power_initEv
                0x00000000080041d8       0x98 ./Core/Src/dw1000_lib/DW1000.o
                0x00000000080041d8                DW1000Class::large_power_init()
 .text._Z41__static_initialization_and_destruction_0ii
                0x0000000008004270       0x44 ./Core/Src/dw1000_lib/DW1000.o
 .text._GLOBAL__sub_I_DW1000
                0x00000000080042b4       0x10 ./Core/Src/dw1000_lib/DW1000.o
 .text._GLOBAL__sub_D_DW1000
                0x00000000080042c4       0x10 ./Core/Src/dw1000_lib/DW1000.o
 .text._ZSt5roundf
                0x00000000080042d4       0x20 ./Core/Src/dw1000_lib/DW1000Device.o
                0x00000000080042d4                std::round(float)
 .text._ZN12DW1000DeviceC2Ev
                0x00000000080042f4       0x52 ./Core/Src/dw1000_lib/DW1000Device.o
                0x00000000080042f4                DW1000Device::DW1000Device()
                0x00000000080042f4                DW1000Device::DW1000Device()
 .text._ZN12DW1000DeviceC2EPhb
                0x0000000008004346       0x76 ./Core/Src/dw1000_lib/DW1000Device.o
                0x0000000008004346                DW1000Device::DW1000Device(unsigned char*, bool)
                0x0000000008004346                DW1000Device::DW1000Device(unsigned char*, bool)
 .text._ZN12DW1000DeviceC2EPhS0_
                0x00000000080043bc       0x60 ./Core/Src/dw1000_lib/DW1000Device.o
                0x00000000080043bc                DW1000Device::DW1000Device(unsigned char*, unsigned char*)
                0x00000000080043bc                DW1000Device::DW1000Device(unsigned char*, unsigned char*)
 .text._ZN12DW1000DeviceD2Ev
                0x000000000800441c       0x4c ./Core/Src/dw1000_lib/DW1000Device.o
                0x000000000800441c                DW1000Device::~DW1000Device()
                0x000000000800441c                DW1000Device::~DW1000Device()
 .text._ZN12DW1000Device12setReplyTimeEt
                0x0000000008004468       0x20 ./Core/Src/dw1000_lib/DW1000Device.o
                0x0000000008004468                DW1000Device::setReplyTime(unsigned short)
 .text._ZN12DW1000Device10setAddressEPh
                0x0000000008004488       0x20 ./Core/Src/dw1000_lib/DW1000Device.o
                0x0000000008004488                DW1000Device::setAddress(unsigned char*)
 .text._ZN12DW1000Device15setShortAddressEPh
                0x00000000080044a8       0x22 ./Core/Src/dw1000_lib/DW1000Device.o
                0x00000000080044a8                DW1000Device::setShortAddress(unsigned char*)
 *fill*         0x00000000080044ca        0x2 
 .text._ZN12DW1000Device8setRangeEf
                0x00000000080044cc       0x40 ./Core/Src/dw1000_lib/DW1000Device.o
                0x00000000080044cc                DW1000Device::setRange(float)
 .text._ZN12DW1000Device10setRXPowerEf
                0x000000000800450c       0x40 ./Core/Src/dw1000_lib/DW1000Device.o
                0x000000000800450c                DW1000Device::setRXPower(float)
 .text._ZN12DW1000Device10setFPPowerEf
                0x000000000800454c       0x40 ./Core/Src/dw1000_lib/DW1000Device.o
                0x000000000800454c                DW1000Device::setFPPower(float)
 .text._ZN12DW1000Device10setQualityEf
                0x000000000800458c       0x40 ./Core/Src/dw1000_lib/DW1000Device.o
                0x000000000800458c                DW1000Device::setQuality(float)
 .text._ZN12DW1000Device14getByteAddressEv
                0x00000000080045cc       0x18 ./Core/Src/dw1000_lib/DW1000Device.o
                0x00000000080045cc                DW1000Device::getByteAddress()
 .text._ZN12DW1000Device19getByteShortAddressEv
                0x00000000080045e4       0x18 ./Core/Src/dw1000_lib/DW1000Device.o
                0x00000000080045e4                DW1000Device::getByteShortAddress()
 .text._ZN12DW1000Device14isAddressEqualEPS_
                0x00000000080045fc       0x38 ./Core/Src/dw1000_lib/DW1000Device.o
                0x00000000080045fc                DW1000Device::isAddressEqual(DW1000Device*)
 .text._ZN12DW1000Device19isShortAddressEqualEPS_
                0x0000000008004634       0x38 ./Core/Src/dw1000_lib/DW1000Device.o
                0x0000000008004634                DW1000Device::isShortAddressEqual(DW1000Device*)
 .text._ZN12DW1000Device8getRangeEv
                0x000000000800466c       0x34 ./Core/Src/dw1000_lib/DW1000Device.o
                0x000000000800466c                DW1000Device::getRange()
 .text._ZN12DW1000Device10getRXPowerEv
                0x00000000080046a0       0x34 ./Core/Src/dw1000_lib/DW1000Device.o
                0x00000000080046a0                DW1000Device::getRXPower()
 .text._ZN12DW1000Device18randomShortAddressEv
                0x00000000080046d4       0x40 ./Core/Src/dw1000_lib/DW1000Device.o
                0x00000000080046d4                DW1000Device::randomShortAddress()
 .text._ZN12DW1000Device12noteActivityEv
                0x0000000008004714       0x1c ./Core/Src/dw1000_lib/DW1000Device.o
                0x0000000008004714                DW1000Device::noteActivity()
 .text._ZN12DW1000Device10isInactiveEv
                0x0000000008004730       0x3e ./Core/Src/dw1000_lib/DW1000Device.o
                0x0000000008004730                DW1000Device::isInactive()
 .text._ZN9DW1000MacC2Ev
                0x000000000800476e       0x22 ./Core/Src/dw1000_lib/DW1000Mac.o
                0x000000000800476e                DW1000Mac::DW1000Mac()
                0x000000000800476e                DW1000Mac::DW1000Mac()
 .text._ZN9DW1000MacD2Ev
                0x0000000008004790       0x16 ./Core/Src/dw1000_lib/DW1000Mac.o
                0x0000000008004790                DW1000Mac::~DW1000Mac()
                0x0000000008004790                DW1000Mac::~DW1000Mac()
 .text._ZN9DW1000Mac18generateBlinkFrameEPhS0_S0_
                0x00000000080047a6       0x60 ./Core/Src/dw1000_lib/DW1000Mac.o
                0x00000000080047a6                DW1000Mac::generateBlinkFrame(unsigned char*, unsigned char*, unsigned char*)
 .text._ZN9DW1000Mac21generateShortMACFrameEPhS0_S0_
                0x0000000008004806       0x70 ./Core/Src/dw1000_lib/DW1000Mac.o
                0x0000000008004806                DW1000Mac::generateShortMACFrame(unsigned char*, unsigned char*, unsigned char*)
 .text._ZN9DW1000Mac20generateLongMACFrameEPhS0_S0_
                0x0000000008004876       0x78 ./Core/Src/dw1000_lib/DW1000Mac.o
                0x0000000008004876                DW1000Mac::generateLongMACFrame(unsigned char*, unsigned char*, unsigned char*)
 .text._ZN9DW1000Mac16decodeBlinkFrameEPhS0_S0_
                0x00000000080048ee       0x4a ./Core/Src/dw1000_lib/DW1000Mac.o
                0x00000000080048ee                DW1000Mac::decodeBlinkFrame(unsigned char*, unsigned char*, unsigned char*)
 .text._ZN9DW1000Mac19decodeShortMACFrameEPhS0_
                0x0000000008004938       0x2c ./Core/Src/dw1000_lib/DW1000Mac.o
                0x0000000008004938                DW1000Mac::decodeShortMACFrame(unsigned char*, unsigned char*)
 .text._ZN9DW1000Mac18decodeLongMACFrameEPhS0_
                0x0000000008004964       0x2c ./Core/Src/dw1000_lib/DW1000Mac.o
                0x0000000008004964                DW1000Mac::decodeLongMACFrame(unsigned char*, unsigned char*)
 .text._ZN9DW1000Mac18incrementSeqNumberEv
                0x0000000008004990       0x30 ./Core/Src/dw1000_lib/DW1000Mac.o
                0x0000000008004990                DW1000Mac::incrementSeqNumber()
 .text._ZN9DW1000Mac12reverseArrayEPhS0_s
                0x00000000080049c0       0x54 ./Core/Src/dw1000_lib/DW1000Mac.o
                0x00000000080049c0                DW1000Mac::reverseArray(unsigned char*, unsigned char*, short)
 .text._ZN11DW1000Class17attachSentHandlerEPFvvE
                0x0000000008004a14       0x20 ./Core/Src/dw1000_lib/DW1000Ranging.o
                0x0000000008004a14                DW1000Class::attachSentHandler(void (*)())
 .text._ZN11DW1000Class21attachReceivedHandlerEPFvvE
                0x0000000008004a34       0x20 ./Core/Src/dw1000_lib/DW1000Ranging.o
                0x0000000008004a34                DW1000Class::attachReceivedHandler(void (*)())
 .text._ZN12DW1000Device8setIndexEa
                0x0000000008004a54       0x20 ./Core/Src/dw1000_lib/DW1000Ranging.o
                0x0000000008004a54                DW1000Device::setIndex(signed char)
 .text._ZN12DW1000Device12getReplyTimeEv
                0x0000000008004a74       0x1a ./Core/Src/dw1000_lib/DW1000Ranging.o
                0x0000000008004a74                DW1000Device::getReplyTime()
 .text._ZN12DW1000Device8getIndexEv
                0x0000000008004a8e       0x1a ./Core/Src/dw1000_lib/DW1000Ranging.o
                0x0000000008004a8e                DW1000Device::getIndex()
 .text._ZN18DW1000RangingClass17initCommunicationEP20__UART_HandleTypeDefP12dwt_config_t
                0x0000000008004aa8       0xac ./Core/Src/dw1000_lib/DW1000Ranging.o
                0x0000000008004aa8                DW1000RangingClass::initCommunication(__UART_HandleTypeDef*, dwt_config_t*)
 .text._ZN18DW1000RangingClass16configureNetworkEttPKh
                0x0000000008004b54       0x3a ./Core/Src/dw1000_lib/DW1000Ranging.o
                0x0000000008004b54                DW1000RangingClass::configureNetwork(unsigned short, unsigned short, unsigned char const*)
 *fill*         0x0000000008004b8e        0x2 
 .text._ZN18DW1000RangingClass12generalStartEv
                0x0000000008004b90       0x34 ./Core/Src/dw1000_lib/DW1000Ranging.o
                0x0000000008004b90                DW1000RangingClass::generalStart()
 .text._ZN18DW1000RangingClass13startAsAnchorEPcPKhb
                0x0000000008004bc4       0xa0 ./Core/Src/dw1000_lib/DW1000Ranging.o
                0x0000000008004bc4                DW1000RangingClass::startAsAnchor(char*, unsigned char const*, bool)
 .text._ZN18DW1000RangingClass17addNetworkDevicesEP12DW1000Deviceb
                0x0000000008004c64      0x11c ./Core/Src/dw1000_lib/DW1000Ranging.o
                0x0000000008004c64                DW1000RangingClass::addNetworkDevices(DW1000Device*, bool)
 .text._ZN18DW1000RangingClass17addNetworkDevicesEP12DW1000Device
                0x0000000008004d80       0xf8 ./Core/Src/dw1000_lib/DW1000Ranging.o
                0x0000000008004d80                DW1000RangingClass::addNetworkDevices(DW1000Device*)
 .text._ZN18DW1000RangingClass20removeNetworkDevicesEs
                0x0000000008004e78       0xe0 ./Core/Src/dw1000_lib/DW1000Ranging.o
                0x0000000008004e78                DW1000RangingClass::removeNetworkDevices(short)
 .text._ZN18DW1000RangingClass19searchDistantDeviceEPh
                0x0000000008004f58       0x80 ./Core/Src/dw1000_lib/DW1000Ranging.o
                0x0000000008004f58                DW1000RangingClass::searchDistantDevice(unsigned char*)
 .text._ZN18DW1000RangingClass16getDistantDeviceEv
                0x0000000008004fd8       0x2c ./Core/Src/dw1000_lib/DW1000Ranging.o
                0x0000000008004fd8                DW1000RangingClass::getDistantDevice()
 .text._ZN18DW1000RangingClass13checkForResetEv
                0x0000000008005004       0x64 ./Core/Src/dw1000_lib/DW1000Ranging.o
                0x0000000008005004                DW1000RangingClass::checkForReset()
 .text._ZN18DW1000RangingClass23checkForInactiveDevicesEv
                0x0000000008005068       0x80 ./Core/Src/dw1000_lib/DW1000Ranging.o
                0x0000000008005068                DW1000RangingClass::checkForInactiveDevices()
 .text._ZN18DW1000RangingClass17detectMessageTypeEPh
                0x00000000080050e8       0x58 ./Core/Src/dw1000_lib/DW1000Ranging.o
                0x00000000080050e8                DW1000RangingClass::detectMessageType(unsigned char*)
 .text._ZN18DW1000RangingClass4loopEv
                0x0000000008005140      0x7a4 ./Core/Src/dw1000_lib/DW1000Ranging.o
                0x0000000008005140                DW1000RangingClass::loop()
 .text._ZN18DW1000RangingClass10handleSentEv
                0x00000000080058e4       0x18 ./Core/Src/dw1000_lib/DW1000Ranging.o
                0x00000000080058e4                DW1000RangingClass::handleSent()
 .text._ZN18DW1000RangingClass14handleReceivedEv
                0x00000000080058fc       0x18 ./Core/Src/dw1000_lib/DW1000Ranging.o
                0x00000000080058fc                DW1000RangingClass::handleReceived()
 .text._ZN18DW1000RangingClass12noteActivityEv
                0x0000000008005914       0x18 ./Core/Src/dw1000_lib/DW1000Ranging.o
                0x0000000008005914                DW1000RangingClass::noteActivity()
 .text._ZN18DW1000RangingClass13resetInactiveEv
                0x000000000800592c       0x28 ./Core/Src/dw1000_lib/DW1000Ranging.o
                0x000000000800592c                DW1000RangingClass::resetInactive()
 .text._ZN18DW1000RangingClass9timerTickEv
                0x0000000008005954       0x8c ./Core/Src/dw1000_lib/DW1000Ranging.o
                0x0000000008005954                DW1000RangingClass::timerTick()
 .text._ZN18DW1000RangingClass16copyShortAddressEPhS0_
                0x00000000080059e0       0x28 ./Core/Src/dw1000_lib/DW1000Ranging.o
                0x00000000080059e0                DW1000RangingClass::copyShortAddress(unsigned char*, unsigned char*)
 .text._ZN18DW1000RangingClass12transmitInitEv
                0x0000000008005a08       0x10 ./Core/Src/dw1000_lib/DW1000Ranging.o
                0x0000000008005a08                DW1000RangingClass::transmitInit()
 .text._ZN18DW1000RangingClass8transmitEPh
                0x0000000008005a18       0x1c ./Core/Src/dw1000_lib/DW1000Ranging.o
                0x0000000008005a18                DW1000RangingClass::transmit(unsigned char*)
 .text._ZN18DW1000RangingClass8transmitEPh10DW1000Time
                0x0000000008005a34       0x38 ./Core/Src/dw1000_lib/DW1000Ranging.o
                0x0000000008005a34                DW1000RangingClass::transmit(unsigned char*, DW1000Time)
 .text._ZN18DW1000RangingClass13transmitBlinkEv
                0x0000000008005a6c       0x30 ./Core/Src/dw1000_lib/DW1000Ranging.o
                0x0000000008005a6c                DW1000RangingClass::transmitBlink()
 .text._ZN18DW1000RangingClass19transmitRangingInitEP12DW1000Device
                0x0000000008005a9c       0x54 ./Core/Src/dw1000_lib/DW1000Ranging.o
                0x0000000008005a9c                DW1000RangingClass::transmitRangingInit(DW1000Device*)
 .text._ZN18DW1000RangingClass12transmitPollEP12DW1000Device
                0x0000000008005af0      0x174 ./Core/Src/dw1000_lib/DW1000Ranging.o
                0x0000000008005af0                DW1000RangingClass::transmitPoll(DW1000Device*)
 .text._ZN18DW1000RangingClass15transmitPollAckEP12DW1000Device
                0x0000000008005c64       0x98 ./Core/Src/dw1000_lib/DW1000Ranging.o
                0x0000000008005c64                DW1000RangingClass::transmitPollAck(DW1000Device*)
 .text._ZN18DW1000RangingClass13transmitRangeEP12DW1000Device
                0x0000000008005cfc      0x25c ./Core/Src/dw1000_lib/DW1000Ranging.o
                0x0000000008005cfc                DW1000RangingClass::transmitRange(DW1000Device*)
 .text._ZN18DW1000RangingClass19transmitRangeReportEP12DW1000Device
                0x0000000008005f58       0xac ./Core/Src/dw1000_lib/DW1000Ranging.o
                0x0000000008005f58                DW1000RangingClass::transmitRangeReport(DW1000Device*)
 .text._ZN18DW1000RangingClass19transmitRangeFailedEP12DW1000Device
                0x0000000008006004       0x54 ./Core/Src/dw1000_lib/DW1000Ranging.o
                0x0000000008006004                DW1000RangingClass::transmitRangeFailed(DW1000Device*)
 .text._ZN18DW1000RangingClass8receiverEv
                0x0000000008006058       0x1a ./Core/Src/dw1000_lib/DW1000Ranging.o
                0x0000000008006058                DW1000RangingClass::receiver()
 .text._ZN18DW1000RangingClass22computeRangeAsymmetricEP12DW1000DeviceP10DW1000Time
                0x0000000008006072      0x1e6 ./Core/Src/dw1000_lib/DW1000Ranging.o
                0x0000000008006072                DW1000RangingClass::computeRangeAsymmetric(DW1000Device*, DW1000Time*)
 .text._ZN18DW1000RangingClass11filterValueEfft
                0x0000000008006258       0x62 ./Core/Src/dw1000_lib/DW1000Ranging.o
                0x0000000008006258                DW1000RangingClass::filterValue(float, float, unsigned short)
 *fill*         0x00000000080062ba        0x2 
 .text._Z41__static_initialization_and_destruction_0ii
                0x00000000080062bc       0x74 ./Core/Src/dw1000_lib/DW1000Ranging.o
 .text._GLOBAL__sub_I_DW1000Ranging
                0x0000000008006330       0x10 ./Core/Src/dw1000_lib/DW1000Ranging.o
 .text._GLOBAL__sub_D_DW1000Ranging
                0x0000000008006340       0x10 ./Core/Src/dw1000_lib/DW1000Ranging.o
 .text._ZN10DW1000TimeC2Ev
                0x0000000008006350       0x32 ./Core/Src/dw1000_lib/DW1000Time.o
                0x0000000008006350                DW1000Time::DW1000Time()
                0x0000000008006350                DW1000Time::DW1000Time()
 .text._ZN10DW1000TimeC2ERKS_
                0x0000000008006382       0x2a ./Core/Src/dw1000_lib/DW1000Time.o
                0x0000000008006382                DW1000Time::DW1000Time(DW1000Time const&)
                0x0000000008006382                DW1000Time::DW1000Time(DW1000Time const&)
 .text._ZN10DW1000TimeC2Elf
                0x00000000080063ac       0x32 ./Core/Src/dw1000_lib/DW1000Time.o
                0x00000000080063ac                DW1000Time::DW1000Time(long, float)
                0x00000000080063ac                DW1000Time::DW1000Time(long, float)
 .text._ZN10DW1000TimeD2Ev
                0x00000000080063de       0x16 ./Core/Src/dw1000_lib/DW1000Time.o
                0x00000000080063de                DW1000Time::~DW1000Time()
                0x00000000080063de                DW1000Time::~DW1000Time()
 .text._ZN10DW1000Time12setTimestampEx
                0x00000000080063f4       0x22 ./Core/Src/dw1000_lib/DW1000Time.o
                0x00000000080063f4                DW1000Time::setTimestamp(long long)
 .text._ZN10DW1000Time12setTimestampEPh
                0x0000000008006416       0x7c ./Core/Src/dw1000_lib/DW1000Time.o
                0x0000000008006416                DW1000Time::setTimestamp(unsigned char*)
 .text._ZN10DW1000Time12setTimestampERKS_
                0x0000000008006492       0x22 ./Core/Src/dw1000_lib/DW1000Time.o
                0x0000000008006492                DW1000Time::setTimestamp(DW1000Time const&)
 .text._ZN10DW1000Time7setTimeEf
                0x00000000080064b4       0x38 ./Core/Src/dw1000_lib/DW1000Time.o
                0x00000000080064b4                DW1000Time::setTime(float)
 .text._ZN10DW1000Time7setTimeElf
                0x00000000080064ec       0x32 ./Core/Src/dw1000_lib/DW1000Time.o
                0x00000000080064ec                DW1000Time::setTime(long, float)
 .text._ZNK10DW1000Time12getTimestampEv
                0x000000000800651e       0x1c ./Core/Src/dw1000_lib/DW1000Time.o
                0x000000000800651e                DW1000Time::getTimestamp() const
 .text._ZNK10DW1000Time12getTimestampEPh
                0x000000000800653a       0x62 ./Core/Src/dw1000_lib/DW1000Time.o
                0x000000000800653a                DW1000Time::getTimestamp(unsigned char*) const
 .text._ZNK10DW1000Time11getAsMetersEv
                0x000000000800659c       0x60 ./Core/Src/dw1000_lib/DW1000Time.o
                0x000000000800659c                DW1000Time::getAsMeters() const
 .text._ZN10DW1000Time4wrapEv
                0x00000000080065fc       0x32 ./Core/Src/dw1000_lib/DW1000Time.o
                0x00000000080065fc                DW1000Time::wrap()
 .text._ZN10DW1000TimeaSERKS_
                0x000000000800662e       0x30 ./Core/Src/dw1000_lib/DW1000Time.o
                0x000000000800662e                DW1000Time::operator=(DW1000Time const&)
 .text._ZN10DW1000TimepLERKS_
                0x000000000800665e       0x2c ./Core/Src/dw1000_lib/DW1000Time.o
                0x000000000800665e                DW1000Time::operator+=(DW1000Time const&)
 .text._ZNK10DW1000TimeplERKS_
                0x000000000800668a       0x42 ./Core/Src/dw1000_lib/DW1000Time.o
                0x000000000800668a                DW1000Time::operator+(DW1000Time const&) const
 .text._ZN10DW1000TimemIERKS_
                0x00000000080066cc       0x2c ./Core/Src/dw1000_lib/DW1000Time.o
                0x00000000080066cc                DW1000Time::operator-=(DW1000Time const&)
 .text._ZNK10DW1000TimemiERKS_
                0x00000000080066f8       0x42 ./Core/Src/dw1000_lib/DW1000Time.o
                0x00000000080066f8                DW1000Time::operator-(DW1000Time const&) const
 .text._ZN10DW1000TimemLERKS_
                0x000000000800673a       0x38 ./Core/Src/dw1000_lib/DW1000Time.o
                0x000000000800673a                DW1000Time::operator*=(DW1000Time const&)
 .text._ZNK10DW1000TimemlERKS_
                0x0000000008006772       0x42 ./Core/Src/dw1000_lib/DW1000Time.o
                0x0000000008006772                DW1000Time::operator*(DW1000Time const&) const
 .text._ZN10DW1000TimedVERKS_
                0x00000000080067b4       0x32 ./Core/Src/dw1000_lib/DW1000Time.o
                0x00000000080067b4                DW1000Time::operator/=(DW1000Time const&)
 .text._ZNK10DW1000TimedvERKS_
                0x00000000080067e6       0x42 ./Core/Src/dw1000_lib/DW1000Time.o
                0x00000000080067e6                DW1000Time::operator/(DW1000Time const&) const
 .text._ZN18DW1000RangingClass14attachNewRangeEPFvvE
                0x0000000008006828       0x20 ./Core/Src/main.o
                0x0000000008006828                DW1000RangingClass::attachNewRange(void (*)())
 .text._ZN18DW1000RangingClass15attachNewDeviceEPFvP12DW1000DeviceE
                0x0000000008006848       0x20 ./Core/Src/main.o
                0x0000000008006848                DW1000RangingClass::attachNewDevice(void (*)(DW1000Device*))
 .text._ZN18DW1000RangingClass20attachInactiveDeviceEPFvP12DW1000DeviceE
                0x0000000008006868       0x20 ./Core/Src/main.o
                0x0000000008006868                DW1000RangingClass::attachInactiveDevice(void (*)(DW1000Device*))
 .text._Z8newRangev
                0x0000000008006888       0x50 ./Core/Src/main.o
                0x0000000008006888                newRange()
 .text._Z9newDeviceP12DW1000Device
                0x00000000080068d8       0x38 ./Core/Src/main.o
                0x00000000080068d8                newDevice(DW1000Device*)
 .text._Z14inactiveDeviceP12DW1000Device
                0x0000000008006910       0x3c ./Core/Src/main.o
                0x0000000008006910                inactiveDevice(DW1000Device*)
 .text._Z7dw_mainv
                0x000000000800694c       0x84 ./Core/Src/main.o
                0x000000000800694c                dw_main()
 .text.main     0x00000000080069d0       0x28 ./Core/Src/main.o
                0x00000000080069d0                main
 .text._Z18SystemClock_Configv
                0x00000000080069f8       0xec ./Core/Src/main.o
                0x00000000080069f8                SystemClock_Config()
 .text._ZL12MX_SPI3_Initv
                0x0000000008006ae4       0x78 ./Core/Src/main.o
 .text._ZL19MX_USART1_UART_Initv
                0x0000000008006b5c       0x5c ./Core/Src/main.o
 .text._ZL12MX_GPIO_Initv
                0x0000000008006bb8       0xf8 ./Core/Src/main.o
 .text.HAL_TIM_PeriodElapsedCallback
                0x0000000008006cb0       0x24 ./Core/Src/main.o
                0x0000000008006cb0                HAL_TIM_PeriodElapsedCallback
 .text.Error_Handler
                0x0000000008006cd4        0xa ./Core/Src/main.o
                0x0000000008006cd4                Error_Handler
 *fill*         0x0000000008006cde        0x2 
 .text.HAL_MspInit
                0x0000000008006ce0       0x50 ./Core/Src/stm32f4xx_hal_msp.o
                0x0000000008006ce0                HAL_MspInit
 .text.HAL_SPI_MspInit
                0x0000000008006d30       0xa0 ./Core/Src/stm32f4xx_hal_msp.o
                0x0000000008006d30                HAL_SPI_MspInit
 .text.HAL_UART_MspInit
                0x0000000008006dd0       0x90 ./Core/Src/stm32f4xx_hal_msp.o
                0x0000000008006dd0                HAL_UART_MspInit
 .text.HAL_InitTick
                0x0000000008006e60       0xe8 ./Core/Src/stm32f4xx_hal_timebase_tim.o
                0x0000000008006e60                HAL_InitTick
 .text.NMI_Handler
                0x0000000008006f48        0x6 ./Core/Src/stm32f4xx_it.o
                0x0000000008006f48                NMI_Handler
 .text.HardFault_Handler
                0x0000000008006f4e        0x6 ./Core/Src/stm32f4xx_it.o
                0x0000000008006f4e                HardFault_Handler
 .text.MemManage_Handler
                0x0000000008006f54        0x6 ./Core/Src/stm32f4xx_it.o
                0x0000000008006f54                MemManage_Handler
 .text.BusFault_Handler
                0x0000000008006f5a        0x6 ./Core/Src/stm32f4xx_it.o
                0x0000000008006f5a                BusFault_Handler
 .text.UsageFault_Handler
                0x0000000008006f60        0x6 ./Core/Src/stm32f4xx_it.o
                0x0000000008006f60                UsageFault_Handler
 .text.SVC_Handler
                0x0000000008006f66        0xe ./Core/Src/stm32f4xx_it.o
                0x0000000008006f66                SVC_Handler
 .text.DebugMon_Handler
                0x0000000008006f74        0xe ./Core/Src/stm32f4xx_it.o
                0x0000000008006f74                DebugMon_Handler
 .text.PendSV_Handler
                0x0000000008006f82        0xe ./Core/Src/stm32f4xx_it.o
                0x0000000008006f82                PendSV_Handler
 .text.SysTick_Handler
                0x0000000008006f90        0xe ./Core/Src/stm32f4xx_it.o
                0x0000000008006f90                SysTick_Handler
 .text.EXTI1_IRQHandler
                0x0000000008006f9e        0xe ./Core/Src/stm32f4xx_it.o
                0x0000000008006f9e                EXTI1_IRQHandler
 .text.TIM1_UP_TIM10_IRQHandler
                0x0000000008006fac       0x14 ./Core/Src/stm32f4xx_it.o
                0x0000000008006fac                TIM1_UP_TIM10_IRQHandler
 .text.SPI3_IRQHandler
                0x0000000008006fc0       0x14 ./Core/Src/stm32f4xx_it.o
                0x0000000008006fc0                SPI3_IRQHandler
 .text._getpid  0x0000000008006fd4       0x10 ./Core/Src/syscalls.o
                0x0000000008006fd4                _getpid
 .text._kill    0x0000000008006fe4       0x20 ./Core/Src/syscalls.o
                0x0000000008006fe4                _kill
 .text._exit    0x0000000008007004       0x14 ./Core/Src/syscalls.o
                0x0000000008007004                _exit
 .text._read    0x0000000008007018       0x3a ./Core/Src/syscalls.o
                0x0000000008007018                _read
 .text._write   0x0000000008007052       0x38 ./Core/Src/syscalls.o
                0x0000000008007052                _write
 .text._close   0x000000000800708a       0x18 ./Core/Src/syscalls.o
                0x000000000800708a                _close
 .text._fstat   0x00000000080070a2       0x20 ./Core/Src/syscalls.o
                0x00000000080070a2                _fstat
 .text._isatty  0x00000000080070c2       0x16 ./Core/Src/syscalls.o
                0x00000000080070c2                _isatty
 .text._lseek   0x00000000080070d8       0x1a ./Core/Src/syscalls.o
                0x00000000080070d8                _lseek
 *fill*         0x00000000080070f2        0x2 
 .text._sbrk    0x00000000080070f4       0x6c ./Core/Src/sysmem.o
                0x00000000080070f4                _sbrk
 .text.SystemInit
                0x0000000008007160       0x24 ./Core/Src/system_stm32f4xx.o
                0x0000000008007160                SystemInit
 .text.decamutexon
                0x0000000008007184       0x22 ./Core/Src/platform/deca_mutex.o
                0x0000000008007184                decamutexon
 .text.decamutexoff
                0x00000000080071a6       0x1a ./Core/Src/platform/deca_mutex.o
                0x00000000080071a6                decamutexoff
 .text.deca_sleep
                0x00000000080071c0       0x16 ./Core/Src/platform/deca_sleep.o
                0x00000000080071c0                deca_sleep
 *fill*         0x00000000080071d6        0x2 
 .text.writetospi
                0x00000000080071d8       0x6c ./Core/Src/platform/deca_spi.o
                0x00000000080071d8                writetospi
 .text.readfromspi
                0x0000000008007244       0x8c ./Core/Src/platform/deca_spi.o
                0x0000000008007244                readfromspi
 .text.__NVIC_EnableIRQ
                0x00000000080072d0       0x3c ./Core/Src/platform/port.o
 .text.__NVIC_DisableIRQ
                0x000000000800730c       0x48 ./Core/Src/platform/port.o
 .text.usleep   0x0000000008007354       0x54 ./Core/Src/platform/port.o
                0x0000000008007354                usleep
 .text.Sleep    0x00000000080073a8       0x16 ./Core/Src/platform/port.o
                0x00000000080073a8                Sleep
 *fill*         0x00000000080073be        0x2 
 .text.EXTI_GetITEnStatus
                0x00000000080073c0       0x3c ./Core/Src/platform/port.o
                0x00000000080073c0                EXTI_GetITEnStatus
 .text.reset_DW1000
                0x00000000080073fc       0x44 ./Core/Src/platform/port.o
                0x00000000080073fc                reset_DW1000
 .text.setup_DW1000RSTnIRQ
                0x0000000008007440       0x74 ./Core/Src/platform/port.o
                0x0000000008007440                setup_DW1000RSTnIRQ
 .text.port_set_dw1000_slowrate
                0x00000000080074b4       0x18 ./Core/Src/platform/port.o
                0x00000000080074b4                port_set_dw1000_slowrate
 .text.port_set_dw1000_fastrate
                0x00000000080074cc       0x18 ./Core/Src/platform/port.o
                0x00000000080074cc                port_set_dw1000_fastrate
 .text.HAL_GPIO_EXTI_Callback
                0x00000000080074e4       0x30 ./Core/Src/platform/port.o
                0x00000000080074e4                HAL_GPIO_EXTI_Callback
 .text.process_deca_irq
                0x0000000008007514       0x20 ./Core/Src/platform/port.o
                0x0000000008007514                process_deca_irq
 .text.port_DisableEXT_IRQ
                0x0000000008007534        0xe ./Core/Src/platform/port.o
                0x0000000008007534                port_DisableEXT_IRQ
 .text.port_EnableEXT_IRQ
                0x0000000008007542        0xe ./Core/Src/platform/port.o
                0x0000000008007542                port_EnableEXT_IRQ
 .text.port_GetEXT_IRQStatus
                0x0000000008007550       0x10 ./Core/Src/platform/port.o
                0x0000000008007550                port_GetEXT_IRQStatus
 .text.port_CheckEXT_IRQ
                0x0000000008007560       0x18 ./Core/Src/platform/port.o
                0x0000000008007560                port_CheckEXT_IRQ
 .text.port_set_deca_isr
                0x0000000008007578       0x38 ./Core/Src/platform/port.o
                0x0000000008007578                port_set_deca_isr
 .text.Reset_Handler
                0x00000000080075b0       0x50 ./Core/Startup/startup_stm32f429zitx.o
                0x00000000080075b0                Reset_Handler
 .text.Default_Handler
                0x0000000008007600        0x2 ./Core/Startup/startup_stm32f429zitx.o
                0x0000000008007600                RTC_Alarm_IRQHandler
                0x0000000008007600                HASH_RNG_IRQHandler
                0x0000000008007600                EXTI2_IRQHandler
                0x0000000008007600                TIM8_CC_IRQHandler
                0x0000000008007600                UART8_IRQHandler
                0x0000000008007600                SPI4_IRQHandler
                0x0000000008007600                TIM1_CC_IRQHandler
                0x0000000008007600                DMA2_Stream5_IRQHandler
                0x0000000008007600                DMA1_Stream5_IRQHandler
                0x0000000008007600                PVD_IRQHandler
                0x0000000008007600                SDIO_IRQHandler
                0x0000000008007600                TAMP_STAMP_IRQHandler
                0x0000000008007600                CAN2_RX1_IRQHandler
                0x0000000008007600                EXTI3_IRQHandler
                0x0000000008007600                TIM8_TRG_COM_TIM14_IRQHandler
                0x0000000008007600                TIM8_UP_TIM13_IRQHandler
                0x0000000008007600                I2C3_ER_IRQHandler
                0x0000000008007600                EXTI0_IRQHandler
                0x0000000008007600                I2C2_EV_IRQHandler
                0x0000000008007600                DMA1_Stream2_IRQHandler
                0x0000000008007600                CAN1_RX0_IRQHandler
                0x0000000008007600                FPU_IRQHandler
                0x0000000008007600                OTG_HS_WKUP_IRQHandler
                0x0000000008007600                LTDC_ER_IRQHandler
                0x0000000008007600                CAN2_SCE_IRQHandler
                0x0000000008007600                DMA2_Stream2_IRQHandler
                0x0000000008007600                SPI1_IRQHandler
                0x0000000008007600                TIM6_DAC_IRQHandler
                0x0000000008007600                TIM1_BRK_TIM9_IRQHandler
                0x0000000008007600                DCMI_IRQHandler
                0x0000000008007600                CAN2_RX0_IRQHandler
                0x0000000008007600                DMA2_Stream3_IRQHandler
                0x0000000008007600                USART6_IRQHandler
                0x0000000008007600                USART3_IRQHandler
                0x0000000008007600                CAN1_RX1_IRQHandler
                0x0000000008007600                UART5_IRQHandler
                0x0000000008007600                DMA2_Stream0_IRQHandler
                0x0000000008007600                TIM4_IRQHandler
                0x0000000008007600                I2C1_EV_IRQHandler
                0x0000000008007600                DMA1_Stream6_IRQHandler
                0x0000000008007600                DMA1_Stream1_IRQHandler
                0x0000000008007600                UART4_IRQHandler
                0x0000000008007600                TIM3_IRQHandler
                0x0000000008007600                RCC_IRQHandler
                0x0000000008007600                TIM8_BRK_TIM12_IRQHandler
                0x0000000008007600                Default_Handler
                0x0000000008007600                EXTI15_10_IRQHandler
                0x0000000008007600                ADC_IRQHandler
                0x0000000008007600                DMA1_Stream7_IRQHandler
                0x0000000008007600                SPI5_IRQHandler
                0x0000000008007600                TIM7_IRQHandler
                0x0000000008007600                CAN2_TX_IRQHandler
                0x0000000008007600                TIM5_IRQHandler
                0x0000000008007600                DMA2_Stream7_IRQHandler
                0x0000000008007600                I2C3_EV_IRQHandler
                0x0000000008007600                EXTI9_5_IRQHandler
                0x0000000008007600                RTC_WKUP_IRQHandler
                0x0000000008007600                LTDC_IRQHandler
                0x0000000008007600                ETH_WKUP_IRQHandler
                0x0000000008007600                SPI2_IRQHandler
                0x0000000008007600                OTG_HS_EP1_IN_IRQHandler
                0x0000000008007600                DMA1_Stream0_IRQHandler
                0x0000000008007600                CAN1_TX_IRQHandler
                0x0000000008007600                EXTI4_IRQHandler
                0x0000000008007600                ETH_IRQHandler
                0x0000000008007600                OTG_HS_EP1_OUT_IRQHandler
                0x0000000008007600                WWDG_IRQHandler
                0x0000000008007600                SPI6_IRQHandler
                0x0000000008007600                TIM2_IRQHandler
                0x0000000008007600                OTG_FS_WKUP_IRQHandler
                0x0000000008007600                TIM1_TRG_COM_TIM11_IRQHandler
                0x0000000008007600                OTG_HS_IRQHandler
                0x0000000008007600                DMA2D_IRQHandler
                0x0000000008007600                UART7_IRQHandler
                0x0000000008007600                USART2_IRQHandler
                0x0000000008007600                I2C2_ER_IRQHandler
                0x0000000008007600                DMA2_Stream1_IRQHandler
                0x0000000008007600                CAN1_SCE_IRQHandler
                0x0000000008007600                FLASH_IRQHandler
                0x0000000008007600                DMA2_Stream4_IRQHandler
                0x0000000008007600                USART1_IRQHandler
                0x0000000008007600                OTG_FS_IRQHandler
                0x0000000008007600                DMA1_Stream4_IRQHandler
                0x0000000008007600                I2C1_ER_IRQHandler
                0x0000000008007600                FMC_IRQHandler
                0x0000000008007600                DMA2_Stream6_IRQHandler
                0x0000000008007600                SAI1_IRQHandler
                0x0000000008007600                DMA1_Stream3_IRQHandler
 *fill*         0x0000000008007602        0x2 
 .text.HAL_Init
                0x0000000008007604       0x44 ./Drivers/STM32F4xx_HAL_Driver/Src/stm32f4xx_hal.o
                0x0000000008007604                HAL_Init
 .text.HAL_IncTick
                0x0000000008007648       0x28 ./Drivers/STM32F4xx_HAL_Driver/Src/stm32f4xx_hal.o
                0x0000000008007648                HAL_IncTick
 .text.HAL_GetTick
                0x0000000008007670       0x18 ./Drivers/STM32F4xx_HAL_Driver/Src/stm32f4xx_hal.o
                0x0000000008007670                HAL_GetTick
 .text.HAL_Delay
                0x0000000008007688       0x48 ./Drivers/STM32F4xx_HAL_Driver/Src/stm32f4xx_hal.o
                0x0000000008007688                HAL_Delay
 .text.__NVIC_SetPriorityGrouping
                0x00000000080076d0       0x48 ./Drivers/STM32F4xx_HAL_Driver/Src/stm32f4xx_hal_cortex.o
 .text.__NVIC_GetPriorityGrouping
                0x0000000008007718       0x1c ./Drivers/STM32F4xx_HAL_Driver/Src/stm32f4xx_hal_cortex.o
 .text.__NVIC_EnableIRQ
                0x0000000008007734       0x3c ./Drivers/STM32F4xx_HAL_Driver/Src/stm32f4xx_hal_cortex.o
 .text.__NVIC_DisableIRQ
                0x0000000008007770       0x48 ./Drivers/STM32F4xx_HAL_Driver/Src/stm32f4xx_hal_cortex.o
 .text.__NVIC_SetPriority
                0x00000000080077b8       0x54 ./Drivers/STM32F4xx_HAL_Driver/Src/stm32f4xx_hal_cortex.o
 .text.NVIC_EncodePriority
                0x000000000800780c       0x66 ./Drivers/STM32F4xx_HAL_Driver/Src/stm32f4xx_hal_cortex.o
 .text.HAL_NVIC_SetPriorityGrouping
                0x0000000008007872       0x16 ./Drivers/STM32F4xx_HAL_Driver/Src/stm32f4xx_hal_cortex.o
                0x0000000008007872                HAL_NVIC_SetPriorityGrouping
 .text.HAL_NVIC_SetPriority
                0x0000000008007888       0x38 ./Drivers/STM32F4xx_HAL_Driver/Src/stm32f4xx_hal_cortex.o
                0x0000000008007888                HAL_NVIC_SetPriority
 .text.HAL_NVIC_EnableIRQ
                0x00000000080078c0       0x1c ./Drivers/STM32F4xx_HAL_Driver/Src/stm32f4xx_hal_cortex.o
                0x00000000080078c0                HAL_NVIC_EnableIRQ
 .text.HAL_NVIC_DisableIRQ
                0x00000000080078dc       0x1c ./Drivers/STM32F4xx_HAL_Driver/Src/stm32f4xx_hal_cortex.o
                0x00000000080078dc                HAL_NVIC_DisableIRQ
 .text.HAL_DMA_Abort_IT
                0x00000000080078f8       0x44 ./Drivers/STM32F4xx_HAL_Driver/Src/stm32f4xx_hal_dma.o
                0x00000000080078f8                HAL_DMA_Abort_IT
 .text.HAL_GPIO_Init
                0x000000000800793c      0x358 ./Drivers/STM32F4xx_HAL_Driver/Src/stm32f4xx_hal_gpio.o
                0x000000000800793c                HAL_GPIO_Init
 .text.HAL_GPIO_ReadPin
                0x0000000008007c94       0x30 ./Drivers/STM32F4xx_HAL_Driver/Src/stm32f4xx_hal_gpio.o
                0x0000000008007c94                HAL_GPIO_ReadPin
 .text.HAL_GPIO_WritePin
                0x0000000008007cc4       0x32 ./Drivers/STM32F4xx_HAL_Driver/Src/stm32f4xx_hal_gpio.o
                0x0000000008007cc4                HAL_GPIO_WritePin
 *fill*         0x0000000008007cf6        0x2 
 .text.HAL_GPIO_EXTI_IRQHandler
                0x0000000008007cf8       0x30 ./Drivers/STM32F4xx_HAL_Driver/Src/stm32f4xx_hal_gpio.o
                0x0000000008007cf8                HAL_GPIO_EXTI_IRQHandler
 .text.HAL_RCC_OscConfig
                0x0000000008007d28      0x4f0 ./Drivers/STM32F4xx_HAL_Driver/Src/stm32f4xx_hal_rcc.o
                0x0000000008007d28                HAL_RCC_OscConfig
 .text.HAL_RCC_ClockConfig
                0x0000000008008218      0x1cc ./Drivers/STM32F4xx_HAL_Driver/Src/stm32f4xx_hal_rcc.o
                0x0000000008008218                HAL_RCC_ClockConfig
 .text.HAL_RCC_GetSysClockFreq
                0x00000000080083e4      0x20c ./Drivers/STM32F4xx_HAL_Driver/Src/stm32f4xx_hal_rcc.o
                0x00000000080083e4                HAL_RCC_GetSysClockFreq
 .text.HAL_RCC_GetHCLKFreq
                0x00000000080085f0       0x18 ./Drivers/STM32F4xx_HAL_Driver/Src/stm32f4xx_hal_rcc.o
                0x00000000080085f0                HAL_RCC_GetHCLKFreq
 .text.HAL_RCC_GetPCLK1Freq
                0x0000000008008608       0x28 ./Drivers/STM32F4xx_HAL_Driver/Src/stm32f4xx_hal_rcc.o
                0x0000000008008608                HAL_RCC_GetPCLK1Freq
 .text.HAL_RCC_GetPCLK2Freq
                0x0000000008008630       0x28 ./Drivers/STM32F4xx_HAL_Driver/Src/stm32f4xx_hal_rcc.o
                0x0000000008008630                HAL_RCC_GetPCLK2Freq
 .text.HAL_RCC_GetClockConfig
                0x0000000008008658       0x64 ./Drivers/STM32F4xx_HAL_Driver/Src/stm32f4xx_hal_rcc.o
                0x0000000008008658                HAL_RCC_GetClockConfig
 .text.HAL_SPI_Init
                0x00000000080086bc      0x112 ./Drivers/STM32F4xx_HAL_Driver/Src/stm32f4xx_hal_spi.o
                0x00000000080086bc                HAL_SPI_Init
 .text.HAL_SPI_Transmit
                0x00000000080087ce      0x278 ./Drivers/STM32F4xx_HAL_Driver/Src/stm32f4xx_hal_spi.o
                0x00000000080087ce                HAL_SPI_Transmit
 .text.HAL_SPI_TransmitReceive
                0x0000000008008a46      0x344 ./Drivers/STM32F4xx_HAL_Driver/Src/stm32f4xx_hal_spi.o
                0x0000000008008a46                HAL_SPI_TransmitReceive
 *fill*         0x0000000008008d8a        0x2 
 .text.HAL_SPI_IRQHandler
                0x0000000008008d8c      0x200 ./Drivers/STM32F4xx_HAL_Driver/Src/stm32f4xx_hal_spi.o
                0x0000000008008d8c                HAL_SPI_IRQHandler
 .text.HAL_SPI_ErrorCallback
                0x0000000008008f8c       0x14 ./Drivers/STM32F4xx_HAL_Driver/Src/stm32f4xx_hal_spi.o
                0x0000000008008f8c                HAL_SPI_ErrorCallback
 .text.HAL_SPI_GetState
                0x0000000008008fa0       0x1c ./Drivers/STM32F4xx_HAL_Driver/Src/stm32f4xx_hal_spi.o
                0x0000000008008fa0                HAL_SPI_GetState
 .text.SPI_DMAAbortOnError
                0x0000000008008fbc       0x28 ./Drivers/STM32F4xx_HAL_Driver/Src/stm32f4xx_hal_spi.o
 .text.SPI_WaitFlagStateUntilTimeout
                0x0000000008008fe4      0x110 ./Drivers/STM32F4xx_HAL_Driver/Src/stm32f4xx_hal_spi.o
 .text.SPI_EndRxTxTransaction
                0x00000000080090f4       0x84 ./Drivers/STM32F4xx_HAL_Driver/Src/stm32f4xx_hal_spi.o
 .text.HAL_TIM_Base_Init
                0x0000000008009178       0x9e ./Drivers/STM32F4xx_HAL_Driver/Src/stm32f4xx_hal_tim.o
                0x0000000008009178                HAL_TIM_Base_Init
 .text.HAL_TIM_Base_MspInit
                0x0000000008009216       0x14 ./Drivers/STM32F4xx_HAL_Driver/Src/stm32f4xx_hal_tim.o
                0x0000000008009216                HAL_TIM_Base_MspInit
 *fill*         0x000000000800922a        0x2 
 .text.HAL_TIM_Base_Start_IT
                0x000000000800922c       0xe0 ./Drivers/STM32F4xx_HAL_Driver/Src/stm32f4xx_hal_tim.o
                0x000000000800922c                HAL_TIM_Base_Start_IT
 .text.HAL_TIM_IRQHandler
                0x000000000800930c      0x210 ./Drivers/STM32F4xx_HAL_Driver/Src/stm32f4xx_hal_tim.o
                0x000000000800930c                HAL_TIM_IRQHandler
 .text.HAL_TIM_OC_DelayElapsedCallback
                0x000000000800951c       0x14 ./Drivers/STM32F4xx_HAL_Driver/Src/stm32f4xx_hal_tim.o
                0x000000000800951c                HAL_TIM_OC_DelayElapsedCallback
 .text.HAL_TIM_IC_CaptureCallback
                0x0000000008009530       0x14 ./Drivers/STM32F4xx_HAL_Driver/Src/stm32f4xx_hal_tim.o
                0x0000000008009530                HAL_TIM_IC_CaptureCallback
 .text.HAL_TIM_PWM_PulseFinishedCallback
                0x0000000008009544       0x14 ./Drivers/STM32F4xx_HAL_Driver/Src/stm32f4xx_hal_tim.o
                0x0000000008009544                HAL_TIM_PWM_PulseFinishedCallback
 .text.HAL_TIM_TriggerCallback
                0x0000000008009558       0x14 ./Drivers/STM32F4xx_HAL_Driver/Src/stm32f4xx_hal_tim.o
                0x0000000008009558                HAL_TIM_TriggerCallback
 .text.TIM_Base_SetConfig
                0x000000000800956c      0x140 ./Drivers/STM32F4xx_HAL_Driver/Src/stm32f4xx_hal_tim.o
                0x000000000800956c                TIM_Base_SetConfig
 .text.HAL_TIMEx_CommutCallback
                0x00000000080096ac       0x14 ./Drivers/STM32F4xx_HAL_Driver/Src/stm32f4xx_hal_tim_ex.o
                0x00000000080096ac                HAL_TIMEx_CommutCallback
 .text.HAL_TIMEx_BreakCallback
                0x00000000080096c0       0x14 ./Drivers/STM32F4xx_HAL_Driver/Src/stm32f4xx_hal_tim_ex.o
                0x00000000080096c0                HAL_TIMEx_BreakCallback
 .text.HAL_UART_Init
                0x00000000080096d4       0x9a ./Drivers/STM32F4xx_HAL_Driver/Src/stm32f4xx_hal_uart.o
                0x00000000080096d4                HAL_UART_Init
 .text.HAL_UART_Transmit
                0x000000000800976e      0x124 ./Drivers/STM32F4xx_HAL_Driver/Src/stm32f4xx_hal_uart.o
                0x000000000800976e                HAL_UART_Transmit
 .text.UART_WaitOnFlagUntilTimeout
                0x0000000008009892       0xdc ./Drivers/STM32F4xx_HAL_Driver/Src/stm32f4xx_hal_uart.o
 *fill*         0x000000000800996e        0x2 
 .text.UART_SetConfig
                0x0000000008009970      0x4e8 ./Drivers/STM32F4xx_HAL_Driver/Src/stm32f4xx_hal_uart.o
 .text.roundf   0x0000000008009e58       0x48 /opt/st/stm32cubeide_1.12.1/plugins/com.st.stm32cube.ide.mcu.externaltools.gnu-tools-for-stm32.10.3-2021.10.linux64_1.0.200.202301161003/tools/bin/../lib/gcc/arm-none-eabi/10.3.1/../../../../arm-none-eabi/lib/thumb/v7e-m+fp/hard/libm.a(lib_a-sf_round.o)
                0x0000000008009e58                roundf
 .text.log10f   0x0000000008009ea0       0x5c /opt/st/stm32cubeide_1.12.1/plugins/com.st.stm32cube.ide.mcu.externaltools.gnu-tools-for-stm32.10.3-2021.10.linux64_1.0.200.202301161003/tools/bin/../lib/gcc/arm-none-eabi/10.3.1/../../../../arm-none-eabi/lib/thumb/v7e-m+fp/hard/libm.a(lib_a-wf_log10.o)
                0x0000000008009ea0                log10f
 .text.__ieee754_log10f
                0x0000000008009efc       0xb0 /opt/st/stm32cubeide_1.12.1/plugins/com.st.stm32cube.ide.mcu.externaltools.gnu-tools-for-stm32.10.3-2021.10.linux64_1.0.200.202301161003/tools/bin/../lib/gcc/arm-none-eabi/10.3.1/../../../../arm-none-eabi/lib/thumb/v7e-m+fp/hard/libm.a(lib_a-ef_log10.o)
                0x0000000008009efc                __ieee754_log10f
 .text.nanf     0x0000000008009fac        0xc /opt/st/stm32cubeide_1.12.1/plugins/com.st.stm32cube.ide.mcu.externaltools.gnu-tools-for-stm32.10.3-2021.10.linux64_1.0.200.202301161003/tools/bin/../lib/gcc/arm-none-eabi/10.3.1/../../../../arm-none-eabi/lib/thumb/v7e-m+fp/hard/libm.a(lib_a-sf_nan.o)
                0x0000000008009fac                nanf
 .text.__ieee754_logf
                0x0000000008009fb8      0x1e0 /opt/st/stm32cubeide_1.12.1/plugins/com.st.stm32cube.ide.mcu.externaltools.gnu-tools-for-stm32.10.3-2021.10.linux64_1.0.200.202301161003/tools/bin/../lib/gcc/arm-none-eabi/10.3.1/../../../../arm-none-eabi/lib/thumb/v7e-m+fp/hard/libm.a(lib_a-ef_log.o)
                0x0000000008009fb8                __ieee754_logf
 .text.__errno  0x000000000800a198        0xc /opt/st/stm32cubeide_1.12.1/plugins/com.st.stm32cube.ide.mcu.externaltools.gnu-tools-for-stm32.10.3-2021.10.linux64_1.0.200.202301161003/tools/bin/../lib/gcc/arm-none-eabi/10.3.1/../../../../arm-none-eabi/lib/thumb/v7e-m+fp/hard/libc_nano.a(lib_a-errno.o)
                0x000000000800a198                __errno
 .text.__libc_init_array
                0x000000000800a1a4       0x48 /opt/st/stm32cubeide_1.12.1/plugins/com.st.stm32cube.ide.mcu.externaltools.gnu-tools-for-stm32.10.3-2021.10.linux64_1.0.200.202301161003/tools/bin/../lib/gcc/arm-none-eabi/10.3.1/../../../../arm-none-eabi/lib/thumb/v7e-m+fp/hard/libc_nano.a(lib_a-init.o)
                0x000000000800a1a4                __libc_init_array
 .text.malloc   0x000000000800a1ec       0x10 /opt/st/stm32cubeide_1.12.1/plugins/com.st.stm32cube.ide.mcu.externaltools.gnu-tools-for-stm32.10.3-2021.10.linux64_1.0.200.202301161003/tools/bin/../lib/gcc/arm-none-eabi/10.3.1/../../../../arm-none-eabi/lib/thumb/v7e-m+fp/hard/libc_nano.a(lib_a-malloc.o)
                0x000000000800a1ec                malloc
 .text.memcmp   0x000000000800a1fc       0x20 /opt/st/stm32cubeide_1.12.1/plugins/com.st.stm32cube.ide.mcu.externaltools.gnu-tools-for-stm32.10.3-2021.10.linux64_1.0.200.202301161003/tools/bin/../lib/gcc/arm-none-eabi/10.3.1/../../../../arm-none-eabi/lib/thumb/v7e-m+fp/hard/libc_nano.a(lib_a-memcmp.o)
                0x000000000800a1fc                memcmp
 .text.memcpy   0x000000000800a21c       0x1c /opt/st/stm32cubeide_1.12.1/plugins/com.st.stm32cube.ide.mcu.externaltools.gnu-tools-for-stm32.10.3-2021.10.linux64_1.0.200.202301161003/tools/bin/../lib/gcc/arm-none-eabi/10.3.1/../../../../arm-none-eabi/lib/thumb/v7e-m+fp/hard/libc_nano.a(lib_a-memcpy-stub.o)
                0x000000000800a21c                memcpy
 .text.memset   0x000000000800a238       0x10 /opt/st/stm32cubeide_1.12.1/plugins/com.st.stm32cube.ide.mcu.externaltools.gnu-tools-for-stm32.10.3-2021.10.linux64_1.0.200.202301161003/tools/bin/../lib/gcc/arm-none-eabi/10.3.1/../../../../arm-none-eabi/lib/thumb/v7e-m+fp/hard/libc_nano.a(lib_a-memset.o)
                0x000000000800a238                memset
 .text._free_r  0x000000000800a248       0x98 /opt/st/stm32cubeide_1.12.1/plugins/com.st.stm32cube.ide.mcu.externaltools.gnu-tools-for-stm32.10.3-2021.10.linux64_1.0.200.202301161003/tools/bin/../lib/gcc/arm-none-eabi/10.3.1/../../../../arm-none-eabi/lib/thumb/v7e-m+fp/hard/libc_nano.a(lib_a-nano-freer.o)
                0x000000000800a248                _free_r
 .text.sbrk_aligned
                0x000000000800a2e0       0x40 /opt/st/stm32cubeide_1.12.1/plugins/com.st.stm32cube.ide.mcu.externaltools.gnu-tools-for-stm32.10.3-2021.10.linux64_1.0.200.202301161003/tools/bin/../lib/gcc/arm-none-eabi/10.3.1/../../../../arm-none-eabi/lib/thumb/v7e-m+fp/hard/libc_nano.a(lib_a-nano-mallocr.o)
 .text._malloc_r
                0x000000000800a320       0xe8 /opt/st/stm32cubeide_1.12.1/plugins/com.st.stm32cube.ide.mcu.externaltools.gnu-tools-for-stm32.10.3-2021.10.linux64_1.0.200.202301161003/tools/bin/../lib/gcc/arm-none-eabi/10.3.1/../../../../arm-none-eabi/lib/thumb/v7e-m+fp/hard/libc_nano.a(lib_a-nano-mallocr.o)
                0x000000000800a320                _malloc_r
 .text.__cvt    0x000000000800a408       0xc4 /opt/st/stm32cubeide_1.12.1/plugins/com.st.stm32cube.ide.mcu.externaltools.gnu-tools-for-stm32.10.3-2021.10.linux64_1.0.200.202301161003/tools/bin/../lib/gcc/arm-none-eabi/10.3.1/../../../../arm-none-eabi/lib/thumb/v7e-m+fp/hard/libc_nano.a(lib_a-nano-vfprintf_float.o)
                0x000000000800a408                __cvt
 .text.__exponent
                0x000000000800a4cc       0x7c /opt/st/stm32cubeide_1.12.1/plugins/com.st.stm32cube.ide.mcu.externaltools.gnu-tools-for-stm32.10.3-2021.10.linux64_1.0.200.202301161003/tools/bin/../lib/gcc/arm-none-eabi/10.3.1/../../../../arm-none-eabi/lib/thumb/v7e-m+fp/hard/libc_nano.a(lib_a-nano-vfprintf_float.o)
                0x000000000800a4cc                __exponent
 .text._printf_float
                0x000000000800a548      0x46c /opt/st/stm32cubeide_1.12.1/plugins/com.st.stm32cube.ide.mcu.externaltools.gnu-tools-for-stm32.10.3-2021.10.linux64_1.0.200.202301161003/tools/bin/../lib/gcc/arm-none-eabi/10.3.1/../../../../arm-none-eabi/lib/thumb/v7e-m+fp/hard/libc_nano.a(lib_a-nano-vfprintf_float.o)
                0x000000000800a548                _printf_float
 .text._printf_common
                0x000000000800a9b4       0xda /opt/st/stm32cubeide_1.12.1/plugins/com.st.stm32cube.ide.mcu.externaltools.gnu-tools-for-stm32.10.3-2021.10.linux64_1.0.200.202301161003/tools/bin/../lib/gcc/arm-none-eabi/10.3.1/../../../../arm-none-eabi/lib/thumb/v7e-m+fp/hard/libc_nano.a(lib_a-nano-vfprintf_i.o)
                0x000000000800a9b4                _printf_common
 *fill*         0x000000000800aa8e        0x2 
 .text._printf_i
                0x000000000800aa90      0x24c /opt/st/stm32cubeide_1.12.1/plugins/com.st.stm32cube.ide.mcu.externaltools.gnu-tools-for-stm32.10.3-2021.10.linux64_1.0.200.202301161003/tools/bin/../lib/gcc/arm-none-eabi/10.3.1/../../../../arm-none-eabi/lib/thumb/v7e-m+fp/hard/libc_nano.a(lib_a-nano-vfprintf_i.o)
                0x000000000800aa90                _printf_i
 .text.rand     0x000000000800acdc       0x7c /opt/st/stm32cubeide_1.12.1/plugins/com.st.stm32cube.ide.mcu.externaltools.gnu-tools-for-stm32.10.3-2021.10.linux64_1.0.200.202301161003/tools/bin/../lib/gcc/arm-none-eabi/10.3.1/../../../../arm-none-eabi/lib/thumb/v7e-m+fp/hard/libc_nano.a(lib_a-rand.o)
                0x000000000800acdc                rand
 .text._sbrk_r  0x000000000800ad58       0x20 /opt/st/stm32cubeide_1.12.1/plugins/com.st.stm32cube.ide.mcu.externaltools.gnu-tools-for-stm32.10.3-2021.10.linux64_1.0.200.202301161003/tools/bin/../lib/gcc/arm-none-eabi/10.3.1/../../../../arm-none-eabi/lib/thumb/v7e-m+fp/hard/libc_nano.a(lib_a-sbrkr.o)
                0x000000000800ad58                _sbrk_r
 .text.sprintf  0x000000000800ad78       0x40 /opt/st/stm32cubeide_1.12.1/plugins/com.st.stm32cube.ide.mcu.externaltools.gnu-tools-for-stm32.10.3-2021.10.linux64_1.0.200.202301161003/tools/bin/../lib/gcc/arm-none-eabi/10.3.1/../../../../arm-none-eabi/lib/thumb/v7e-m+fp/hard/libc_nano.a(lib_a-sprintf.o)
                0x000000000800ad78                sprintf
                0x000000000800ad78                siprintf
 .text.__assert_func
                0x000000000800adb8       0x3c /opt/st/stm32cubeide_1.12.1/plugins/com.st.stm32cube.ide.mcu.externaltools.gnu-tools-for-stm32.10.3-2021.10.linux64_1.0.200.202301161003/tools/bin/../lib/gcc/arm-none-eabi/10.3.1/../../../../arm-none-eabi/lib/thumb/v7e-m+fp/hard/libc_nano.a(lib_a-assert.o)
                0x000000000800adb8                __assert_func
 .text.quorem   0x000000000800adf4      0x116 /opt/st/stm32cubeide_1.12.1/plugins/com.st.stm32cube.ide.mcu.externaltools.gnu-tools-for-stm32.10.3-2021.10.linux64_1.0.200.202301161003/tools/bin/../lib/gcc/arm-none-eabi/10.3.1/../../../../arm-none-eabi/lib/thumb/v7e-m+fp/hard/libc_nano.a(lib_a-dtoa.o)
 *fill*         0x000000000800af0a        0x6 
 .text._dtoa_r  0x000000000800af10      0xbdc /opt/st/stm32cubeide_1.12.1/plugins/com.st.stm32cube.ide.mcu.externaltools.gnu-tools-for-stm32.10.3-2021.10.linux64_1.0.200.202301161003/tools/bin/../lib/gcc/arm-none-eabi/10.3.1/../../../../arm-none-eabi/lib/thumb/v7e-m+fp/hard/libc_nano.a(lib_a-dtoa.o)
                0x000000000800af10                _dtoa_r
 .text.fprintf  0x000000000800baec       0x24 /opt/st/stm32cubeide_1.12.1/plugins/com.st.stm32cube.ide.mcu.externaltools.gnu-tools-for-stm32.10.3-2021.10.linux64_1.0.200.202301161003/tools/bin/../lib/gcc/arm-none-eabi/10.3.1/../../../../arm-none-eabi/lib/thumb/v7e-m+fp/hard/libc_nano.a(lib_a-fprintf.o)
                0x000000000800baec                fprintf
                0x000000000800baec                fiprintf
 .text._localeconv_r
                0x000000000800bb10        0x8 /opt/st/stm32cubeide_1.12.1/plugins/com.st.stm32cube.ide.mcu.externaltools.gnu-tools-for-stm32.10.3-2021.10.linux64_1.0.200.202301161003/tools/bin/../lib/gcc/arm-none-eabi/10.3.1/../../../../arm-none-eabi/lib/thumb/v7e-m+fp/hard/libc_nano.a(lib_a-localeconv.o)
                0x000000000800bb10                _localeconv_r
 .text.__malloc_lock
                0x000000000800bb18        0xc /opt/st/stm32cubeide_1.12.1/plugins/com.st.stm32cube.ide.mcu.externaltools.gnu-tools-for-stm32.10.3-2021.10.linux64_1.0.200.202301161003/tools/bin/../lib/gcc/arm-none-eabi/10.3.1/../../../../arm-none-eabi/lib/thumb/v7e-m+fp/hard/libc_nano.a(lib_a-mlock.o)
                0x000000000800bb18                __malloc_lock
 .text.__malloc_unlock
                0x000000000800bb24        0xc /opt/st/stm32cubeide_1.12.1/plugins/com.st.stm32cube.ide.mcu.externaltools.gnu-tools-for-stm32.10.3-2021.10.linux64_1.0.200.202301161003/tools/bin/../lib/gcc/arm-none-eabi/10.3.1/../../../../arm-none-eabi/lib/thumb/v7e-m+fp/hard/libc_nano.a(lib_a-mlock.o)
                0x000000000800bb24                __malloc_unlock
 .text._Balloc  0x000000000800bb30       0x80 /opt/st/stm32cubeide_1.12.1/plugins/com.st.stm32cube.ide.mcu.externaltools.gnu-tools-for-stm32.10.3-2021.10.linux64_1.0.200.202301161003/tools/bin/../lib/gcc/arm-none-eabi/10.3.1/../../../../arm-none-eabi/lib/thumb/v7e-m+fp/hard/libc_nano.a(lib_a-mprec.o)
                0x000000000800bb30                _Balloc
 .text._Bfree   0x000000000800bbb0       0x44 /opt/st/stm32cubeide_1.12.1/plugins/com.st.stm32cube.ide.mcu.externaltools.gnu-tools-for-stm32.10.3-2021.10.linux64_1.0.200.202301161003/tools/bin/../lib/gcc/arm-none-eabi/10.3.1/../../../../arm-none-eabi/lib/thumb/v7e-m+fp/hard/libc_nano.a(lib_a-mprec.o)
                0x000000000800bbb0                _Bfree
 .text.__multadd